Archive member included to satisfy reference by file (symbol)

c:/ac6/systemworkbench/plugins/fr.ac6.mcu.externaltools.arm-none.win32_1.16.0.201807130628/tools/compiler/bin/../lib/gcc/arm-none-eabi/7.2.1/thumb/v7e-m/fpv5/hard\libgcc.a(_aeabi_uldivmod.o)
                              Drivers/STM32F7xx_HAL_Driver/Src/stm32f7xx_hal_rcc.o (__aeabi_uldivmod)
c:/ac6/systemworkbench/plugins/fr.ac6.mcu.externaltools.arm-none.win32_1.16.0.201807130628/tools/compiler/bin/../lib/gcc/arm-none-eabi/7.2.1/thumb/v7e-m/fpv5/hard\libgcc.a(_udivmoddi4.o)
                              c:/ac6/systemworkbench/plugins/fr.ac6.mcu.externaltools.arm-none.win32_1.16.0.201807130628/tools/compiler/bin/../lib/gcc/arm-none-eabi/7.2.1/thumb/v7e-m/fpv5/hard\libgcc.a(_aeabi_uldivmod.o) (__udivmoddi4)
c:/ac6/systemworkbench/plugins/fr.ac6.mcu.externaltools.arm-none.win32_1.16.0.201807130628/tools/compiler/bin/../lib/gcc/arm-none-eabi/7.2.1/thumb/v7e-m/fpv5/hard\libgcc.a(_dvmd_tls.o)
                              c:/ac6/systemworkbench/plugins/fr.ac6.mcu.externaltools.arm-none.win32_1.16.0.201807130628/tools/compiler/bin/../lib/gcc/arm-none-eabi/7.2.1/thumb/v7e-m/fpv5/hard\libgcc.a(_aeabi_uldivmod.o) (__aeabi_ldiv0)
c:/ac6/systemworkbench/plugins/fr.ac6.mcu.externaltools.arm-none.win32_1.16.0.201807130628/tools/compiler/bin/../lib/gcc/arm-none-eabi/7.2.1/../../../../arm-none-eabi/lib/thumb/v7e-m/fpv5/hard\libc_nano.a(lib_a-exit.o)
                              c:/ac6/systemworkbench/plugins/fr.ac6.mcu.externaltools.arm-none.win32_1.16.0.201807130628/tools/compiler/bin/../lib/gcc/arm-none-eabi/7.2.1/../../../../arm-none-eabi/lib/thumb/v7e-m/fpv5/hard/crt0.o (exit)
c:/ac6/systemworkbench/plugins/fr.ac6.mcu.externaltools.arm-none.win32_1.16.0.201807130628/tools/compiler/bin/../lib/gcc/arm-none-eabi/7.2.1/../../../../arm-none-eabi/lib/thumb/v7e-m/fpv5/hard\libc_nano.a(lib_a-impure.o)
                              c:/ac6/systemworkbench/plugins/fr.ac6.mcu.externaltools.arm-none.win32_1.16.0.201807130628/tools/compiler/bin/../lib/gcc/arm-none-eabi/7.2.1/../../../../arm-none-eabi/lib/thumb/v7e-m/fpv5/hard\libc_nano.a(lib_a-exit.o) (_global_impure_ptr)
c:/ac6/systemworkbench/plugins/fr.ac6.mcu.externaltools.arm-none.win32_1.16.0.201807130628/tools/compiler/bin/../lib/gcc/arm-none-eabi/7.2.1/../../../../arm-none-eabi/lib/thumb/v7e-m/fpv5/hard\libc_nano.a(lib_a-init.o)
                              c:/ac6/systemworkbench/plugins/fr.ac6.mcu.externaltools.arm-none.win32_1.16.0.201807130628/tools/compiler/bin/../lib/gcc/arm-none-eabi/7.2.1/../../../../arm-none-eabi/lib/thumb/v7e-m/fpv5/hard/crt0.o (__libc_init_array)
c:/ac6/systemworkbench/plugins/fr.ac6.mcu.externaltools.arm-none.win32_1.16.0.201807130628/tools/compiler/bin/../lib/gcc/arm-none-eabi/7.2.1/../../../../arm-none-eabi/lib/thumb/v7e-m/fpv5/hard\libc_nano.a(lib_a-memcpy-stub.o)
                              Middlewares/Third_Party/FreeRTOS/Source/queue.o (memcpy)
c:/ac6/systemworkbench/plugins/fr.ac6.mcu.externaltools.arm-none.win32_1.16.0.201807130628/tools/compiler/bin/../lib/gcc/arm-none-eabi/7.2.1/../../../../arm-none-eabi/lib/thumb/v7e-m/fpv5/hard\libc_nano.a(lib_a-memset.o)
                              c:/ac6/systemworkbench/plugins/fr.ac6.mcu.externaltools.arm-none.win32_1.16.0.201807130628/tools/compiler/bin/../lib/gcc/arm-none-eabi/7.2.1/../../../../arm-none-eabi/lib/thumb/v7e-m/fpv5/hard/crt0.o (memset)
c:/ac6/systemworkbench/plugins/fr.ac6.mcu.externaltools.arm-none.win32_1.16.0.201807130628/tools/compiler/bin/../lib/gcc/arm-none-eabi/7.2.1/../../../../arm-none-eabi/lib/thumb/v7e-m/fpv5/hard\libc_nano.a(lib_a-strlen.o)
                              Src/freertos.o (strlen)
c:/ac6/systemworkbench/plugins/fr.ac6.mcu.externaltools.arm-none.win32_1.16.0.201807130628/tools/compiler/bin/../lib/gcc/arm-none-eabi/7.2.1/../../../../arm-none-eabi/lib/thumb/v7e-m/fpv5/hard\libnosys.a(_exit.o)
                              c:/ac6/systemworkbench/plugins/fr.ac6.mcu.externaltools.arm-none.win32_1.16.0.201807130628/tools/compiler/bin/../lib/gcc/arm-none-eabi/7.2.1/../../../../arm-none-eabi/lib/thumb/v7e-m/fpv5/hard\libc_nano.a(lib_a-exit.o) (_exit)

Allocating common symbols
Common symbol       size              file

defaultTaskHandle   0x4               Src/freertos.o
driveTestTaskHandle
                    0x4               Src/freertos.o
htim4               0x40              Src/tim.o
encoderFL           0x2               Middlewares/Robot/Src/WheelDriveSystem.o
encoderRR           0x2               Middlewares/Robot/Src/WheelDriveSystem.o
uwTick              0x4               Drivers/STM32F7xx_HAL_Driver/Src/stm32f7xx_hal.o
xQueueRegistry      0x40              Middlewares/Third_Party/FreeRTOS/Source/queue.o
pFlash              0x1c              Drivers/STM32F7xx_HAL_Driver/Src/stm32f7xx_hal_flash.o
htim5               0x40              Src/tim.o
htim3               0x40              Src/tim.o
encoderRL           0x2               Middlewares/Robot/Src/WheelDriveSystem.o
[...]
Memory Configuration

Name             Origin             Length             Attributes
RAM              0x20000000         0x00080000         xrw
FLASH            0x08000000         0x00200000         xr
*default*        0x00000000         0xffffffff

Linker script and memory map

LOAD c:/ac6/systemworkbench/plugins/fr.ac6.mcu.externaltools.arm-none.win32_1.16.0.201807130628/tools/compiler/bin/../lib/gcc/arm-none-eabi/7.2.1/thumb/v7e-m/fpv5/hard/crti.o
LOAD c:/ac6/systemworkbench/plugins/fr.ac6.mcu.externaltools.arm-none.win32_1.16.0.201807130628/tools/compiler/bin/../lib/gcc/arm-none-eabi/7.2.1/thumb/v7e-m/fpv5/hard/crtbegin.o
LOAD c:/ac6/systemworkbench/plugins/fr.ac6.mcu.externaltools.arm-none.win32_1.16.0.201807130628/tools/compiler/bin/../lib/gcc/arm-none-eabi/7.2.1/../../../../arm-none-eabi/lib/thumb/v7e-m/fpv5/hard/crt0.o
LOAD Drivers/STM32F7xx_HAL_Driver/Src/stm32f7xx_hal.o
LOAD Drivers/STM32F7xx_HAL_Driver/Src/stm32f7xx_hal_cortex.o
LOAD Drivers/STM32F7xx_HAL_Driver/Src/stm32f7xx_hal_dma.o
LOAD Drivers/STM32F7xx_HAL_Driver/Src/stm32f7xx_hal_dma_ex.o
LOAD Drivers/STM32F7xx_HAL_Driver/Src/stm32f7xx_hal_flash.o
LOAD Drivers/STM32F7xx_HAL_Driver/Src/stm32f7xx_hal_flash_ex.o
LOAD Drivers/STM32F7xx_HAL_Driver/Src/stm32f7xx_hal_gpio.o
LOAD Drivers/STM32F7xx_HAL_Driver/Src/stm32f7xx_hal_i2c.o
LOAD Drivers/STM32F7xx_HAL_Driver/Src/stm32f7xx_hal_i2c_ex.o
LOAD Drivers/STM32F7xx_HAL_Driver/Src/stm32f7xx_hal_pwr.o
LOAD Drivers/STM32F7xx_HAL_Driver/Src/stm32f7xx_hal_pwr_ex.o
LOAD Drivers/STM32F7xx_HAL_Driver/Src/stm32f7xx_hal_rcc.o
LOAD Drivers/STM32F7xx_HAL_Driver/Src/stm32f7xx_hal_rcc_ex.o
LOAD Drivers/STM32F7xx_HAL_Driver/Src/stm32f7xx_hal_spi.o
LOAD Drivers/STM32F7xx_HAL_Driver/Src/stm32f7xx_hal_tim.o
LOAD Drivers/STM32F7xx_HAL_Driver/Src/stm32f7xx_hal_tim_ex.o
LOAD Drivers/STM32F7xx_HAL_Driver/Src/stm32f7xx_hal_uart.o
LOAD Middlewares/Robot/Src/WheelDrive.o
LOAD Middlewares/Robot/Src/WheelDriveSystem.o
LOAD Middlewares/Third_Party/FreeRTOS/Source/CMSIS_RTOS/cmsis_os.o
LOAD Middlewares/Third_Party/FreeRTOS/Source/croutine.o
LOAD Middlewares/Third_Party/FreeRTOS/Source/event_groups.o
LOAD Middlewares/Third_Party/FreeRTOS/Source/list.o
LOAD Middlewares/Third_Party/FreeRTOS/Source/queue.o
LOAD Middlewares/Third_Party/FreeRTOS/Source/tasks.o
LOAD Middlewares/Third_Party/FreeRTOS/Source/timers.o
LOAD Middlewares/Third_Party/FreeRTOS/Source/portable/GCC/ARM_CM7/r0p1/port.o
LOAD Middlewares/Third_Party/FreeRTOS/Source/portable/MemMang/heap_4.o
LOAD Src/freertos.o
LOAD Src/gpio.o
LOAD Src/main.o
LOAD Src/spi.o
LOAD Src/stm32f7xx_hal_msp.o
LOAD Src/stm32f7xx_hal_timebase_TIM.o
LOAD Src/stm32f7xx_it.o
LOAD Src/system_stm32f7xx.o
LOAD Src/tim.o
LOAD Src/usart.o
LOAD startup/startup_stm32f767xx.o
LOAD c:/ac6/systemworkbench/plugins/fr.ac6.mcu.externaltools.arm-none.win32_1.16.0.201807130628/tools/compiler/bin/../lib/gcc/arm-none-eabi/7.2.1/../../../../arm-none-eabi/lib/thumb/v7e-m/fpv5/hard\libm.a
START GROUP
LOAD c:/ac6/systemworkbench/plugins/fr.ac6.mcu.externaltools.arm-none.win32_1.16.0.201807130628/tools/compiler/bin/../lib/gcc/arm-none-eabi/7.2.1/thumb/v7e-m/fpv5/hard\libgcc.a
LOAD c:/ac6/systemworkbench/plugins/fr.ac6.mcu.externaltools.arm-none.win32_1.16.0.201807130628/tools/compiler/bin/../lib/gcc/arm-none-eabi/7.2.1/../../../../arm-none-eabi/lib/thumb/v7e-m/fpv5/hard\libc_nano.a
END GROUP
START GROUP
LOAD c:/ac6/systemworkbench/plugins/fr.ac6.mcu.externaltools.arm-none.win32_1.16.0.201807130628/tools/compiler/bin/../lib/gcc/arm-none-eabi/7.2.1/thumb/v7e-m/fpv5/hard\libgcc.a
LOAD c:/ac6/systemworkbench/plugins/fr.ac6.mcu.externaltools.arm-none.win32_1.16.0.201807130628/tools/compiler/bin/../lib/gcc/arm-none-eabi/7.2.1/../../../../arm-none-eabi/lib/thumb/v7e-m/fpv5/hard\libc_nano.a
LOAD c:/ac6/systemworkbench/plugins/fr.ac6.mcu.externaltools.arm-none.win32_1.16.0.201807130628/tools/compiler/bin/../lib/gcc/arm-none-eabi/7.2.1/../../../../arm-none-eabi/lib/thumb/v7e-m/fpv5/hard\libnosys.a
END GROUP
START GROUP
LOAD c:/ac6/systemworkbench/plugins/fr.ac6.mcu.externaltools.arm-none.win32_1.16.0.201807130628/tools/compiler/bin/../lib/gcc/arm-none-eabi/7.2.1/thumb/v7e-m/fpv5/hard\libgcc.a
LOAD c:/ac6/systemworkbench/plugins/fr.ac6.mcu.externaltools.arm-none.win32_1.16.0.201807130628/tools/compiler/bin/../lib/gcc/arm-none-eabi/7.2.1/../../../../arm-none-eabi/lib/thumb/v7e-m/fpv5/hard\libc_nano.a
LOAD c:/ac6/systemworkbench/plugins/fr.ac6.mcu.externaltools.arm-none.win32_1.16.0.201807130628/tools/compiler/bin/../lib/gcc/arm-none-eabi/7.2.1/../../../../arm-none-eabi/lib/thumb/v7e-m/fpv5/hard\libnosys.a
END GROUP
LOAD c:/ac6/systemworkbench/plugins/fr.ac6.mcu.externaltools.arm-none.win32_1.16.0.201807130628/tools/compiler/bin/../lib/gcc/arm-none-eabi/7.2.1/thumb/v7e-m/fpv5/hard/crtend.o
LOAD c:/ac6/systemworkbench/plugins/fr.ac6.mcu.externaltools.arm-none.win32_1.16.0.201807130628/tools/compiler/bin/../lib/gcc/arm-none-eabi/7.2.1/thumb/v7e-m/fpv5/hard/crtn.o
                0x20080000                _estack = 0x20080000
                0x00000200                _Min_Heap_Size = 0x200
                0x00000400                _Min_Stack_Size = 0x400

.isr_vector     0x08000000      0x1f8
                0x08000000                . = ALIGN (0x4)
 *(.isr_vector)
 .isr_vector    0x08000000      0x1f8 startup/startup_stm32f767xx.o
                0x08000000                g_pfnVectors
                0x080001f8                . = ALIGN (0x4)

.text           0x08000200     0x3fcc
                0x08000200                . = ALIGN (0x4)
 *(.text)
 .text          0x08000200       0x40 c:/ac6/systemworkbench/plugins/fr.ac6.mcu.externaltools.arm-none.win32_1.16.0.201807130628/tools/compiler/bin/../lib/gcc/arm-none-eabi/7.2.1/thumb/v7e-m/fpv5/hard/crtbegin.o
 .text          0x08000240       0x30 c:/ac6/systemworkbench/plugins/fr.ac6.mcu.externaltools.arm-none.win32_1.16.0.201807130628/tools/compiler/bin/../lib/gcc/arm-none-eabi/7.2.1/thumb/v7e-m/fpv5/hard\libgcc.a(_aeabi_uldivmod.o)
                0x08000240                __aeabi_uldivmod
 .text          0x08000270      0x2cc c:/ac6/systemworkbench/plugins/fr.ac6.mcu.externaltools.arm-none.win32_1.16.0.201807130628/tools/compiler/bin/../lib/gcc/arm-none-eabi/7.2.1/thumb/v7e-m/fpv5/hard\libgcc.a(_udivmoddi4.o)
                0x08000270                __udivmoddi4
 .text          0x0800053c        0x4 c:/ac6/systemworkbench/plugins/fr.ac6.mcu.externaltools.arm-none.win32_1.16.0.201807130628/tools/compiler/bin/../lib/gcc/arm-none-eabi/7.2.1/thumb/v7e-m/fpv5/hard\libgcc.a(_dvmd_tls.o)
                0x0800053c                __aeabi_idiv0
                0x0800053c                __aeabi_ldiv0
 .text          0x08000540       0x10 c:/ac6/systemworkbench/plugins/fr.ac6.mcu.externaltools.arm-none.win32_1.16.0.201807130628/tools/compiler/bin/../lib/gcc/arm-none-eabi/7.2.1/../../../../arm-none-eabi/lib/thumb/v7e-m/fpv5/hard\libc_nano.a(lib_a-strlen.o)
                0x08000540                strlen
 *(.text*)
 .text.HAL_Init
                0x08000550       0x16 Drivers/STM32F7xx_HAL_Driver/Src/stm32f7xx_hal.o
                0x08000550                HAL_Init
 *fill*         0x08000566        0x2 
 .text.HAL_IncTick
                0x08000568       0x18 Drivers/STM32F7xx_HAL_Driver/Src/stm32f7xx_hal.o
                0x08000568                HAL_IncTick
 .text.HAL_GetTick
                0x08000580        0xc Drivers/STM32F7xx_HAL_Driver/Src/stm32f7xx_hal.o
                0x08000580                HAL_GetTick
 .text.HAL_Delay
                0x0800058c       0x28 Drivers/STM32F7xx_HAL_Driver/Src/stm32f7xx_hal.o
                0x0800058c                HAL_Delay
 .text.HAL_NVIC_SetPriorityGrouping
                0x080005b4       0x24 Drivers/STM32F7xx_HAL_Driver/Src/stm32f7xx_hal_cortex.o
                0x080005b4                HAL_NVIC_SetPriorityGrouping
 .text.HAL_NVIC_SetPriority
                0x080005d8       0x64 Drivers/STM32F7xx_HAL_Driver/Src/stm32f7xx_hal_cortex.o
                0x080005d8                HAL_NVIC_SetPriority
 .text.HAL_NVIC_EnableIRQ
                0x0800063c       0x18 Drivers/STM32F7xx_HAL_Driver/Src/stm32f7xx_hal_cortex.o
                0x0800063c                HAL_NVIC_EnableIRQ
 .text.HAL_SYSTICK_Config
                0x08000654       0x2c Drivers/STM32F7xx_HAL_Driver/Src/stm32f7xx_hal_cortex.o
                0x08000654                HAL_SYSTICK_Config
 .text.HAL_SYSTICK_CLKSourceConfig
                0x08000680       0x20 Drivers/STM32F7xx_HAL_Driver/Src/stm32f7xx_hal_cortex.o
                0x08000680                HAL_SYSTICK_CLKSourceConfig
 .text.HAL_GPIO_Init
                0x080006a0      0x1e0 Drivers/STM32F7xx_HAL_Driver/Src/stm32f7xx_hal_gpio.o
                0x080006a0                HAL_GPIO_Init
 .text.HAL_GPIO_WritePin
                0x08000880        0xc Drivers/STM32F7xx_HAL_Driver/Src/stm32f7xx_hal_gpio.o
                0x08000880                HAL_GPIO_WritePin
 .text.HAL_GPIO_EXTI_Callback
                0x0800088c        0x2 Drivers/STM32F7xx_HAL_Driver/Src/stm32f7xx_hal_gpio.o
                0x0800088c                HAL_GPIO_EXTI_Callback
 *fill*         0x0800088e        0x2 
 .text.HAL_GPIO_EXTI_IRQHandler
                0x08000890       0x1c Drivers/STM32F7xx_HAL_Driver/Src/stm32f7xx_hal_gpio.o
                0x08000890                HAL_GPIO_EXTI_IRQHandler
 .text.HAL_RCC_OscConfig
                0x080008ac      0x3d4 Drivers/STM32F7xx_HAL_Driver/Src/stm32f7xx_hal_rcc.o
                0x080008ac                HAL_RCC_OscConfig
 .text.HAL_RCC_EnableCSS
                0x08000c80       0x10 Drivers/STM32F7xx_HAL_Driver/Src/stm32f7xx_hal_rcc.o
                0x08000c80                HAL_RCC_EnableCSS
 .text.HAL_RCC_GetSysClockFreq
                0x08000c90       0xa8 Drivers/STM32F7xx_HAL_Driver/Src/stm32f7xx_hal_rcc.o
                0x08000c90                HAL_RCC_GetSysClockFreq
 .text.HAL_RCC_ClockConfig
                0x08000d38      0x164 Drivers/STM32F7xx_HAL_Driver/Src/stm32f7xx_hal_rcc.o
                0x08000d38                HAL_RCC_ClockConfig
 .text.HAL_RCC_GetHCLKFreq
                0x08000e9c        0xc Drivers/STM32F7xx_HAL_Driver/Src/stm32f7xx_hal_rcc.o
                0x08000e9c                HAL_RCC_GetHCLKFreq
 .text.HAL_RCC_GetPCLK1Freq
                0x08000ea8       0x20 Drivers/STM32F7xx_HAL_Driver/Src/stm32f7xx_hal_rcc.o
                0x08000ea8                HAL_RCC_GetPCLK1Freq
 .text.HAL_RCC_GetPCLK2Freq
                0x08000ec8       0x20 Drivers/STM32F7xx_HAL_Driver/Src/stm32f7xx_hal_rcc.o
                0x08000ec8                HAL_RCC_GetPCLK2Freq
 .text.HAL_RCC_GetClockConfig
                0x08000ee8       0x3c Drivers/STM32F7xx_HAL_Driver/Src/stm32f7xx_hal_rcc.o
                0x08000ee8                HAL_RCC_GetClockConfig
 .text.HAL_RCC_CSSCallback
                0x08000f24        0x2 Drivers/STM32F7xx_HAL_Driver/Src/stm32f7xx_hal_rcc.o
                0x08000f24                HAL_RCC_CSSCallback
 *fill*         0x08000f26        0x2 
 .text.HAL_RCC_NMI_IRQHandler
                0x08000f28       0x24 Drivers/STM32F7xx_HAL_Driver/Src/stm32f7xx_hal_rcc.o
                0x08000f28                HAL_RCC_NMI_IRQHandler
 .text.HAL_RCCEx_PeriphCLKConfig
                0x08000f4c      0x604 Drivers/STM32F7xx_HAL_Driver/Src/stm32f7xx_hal_rcc_ex.o
                0x08000f4c                HAL_RCCEx_PeriphCLKConfig
 .text.SPI_WaitFlagStateUntilTimeout
                0x08001550       0x8a Drivers/STM32F7xx_HAL_Driver/Src/stm32f7xx_hal_spi.o
 .text.SPI_WaitFifoStateUntilTimeout
                0x080015da       0xa8 Drivers/STM32F7xx_HAL_Driver/Src/stm32f7xx_hal_spi.o
 .text.SPI_EndRxTxTransaction
                0x08001682       0x66 Drivers/STM32F7xx_HAL_Driver/Src/stm32f7xx_hal_spi.o
 .text.HAL_SPI_Init
                0x080016e8       0xba Drivers/STM32F7xx_HAL_Driver/Src/stm32f7xx_hal_spi.o
                0x080016e8                HAL_SPI_Init
 .text.HAL_SPI_Transmit
                0x080017a2      0x16e Drivers/STM32F7xx_HAL_Driver/Src/stm32f7xx_hal_spi.o
                0x080017a2                HAL_SPI_Transmit
 .text.HAL_TIM_Base_MspInit
                0x08001910        0x2 Drivers/STM32F7xx_HAL_Driver/Src/stm32f7xx_hal_tim.o
                0x08001910                HAL_TIM_Base_MspInit
 .text.HAL_TIM_Base_Start_IT
                0x08001912       0x18 Drivers/STM32F7xx_HAL_Driver/Src/stm32f7xx_hal_tim.o
                0x08001912                HAL_TIM_Base_Start_IT
 .text.HAL_TIM_OC_DelayElapsedCallback
                0x0800192a        0x2 Drivers/STM32F7xx_HAL_Driver/Src/stm32f7xx_hal_tim.o
                0x0800192a                HAL_TIM_OC_DelayElapsedCallback
 .text.HAL_TIM_IC_CaptureCallback
                0x0800192c        0x2 Drivers/STM32F7xx_HAL_Driver/Src/stm32f7xx_hal_tim.o
                0x0800192c                HAL_TIM_IC_CaptureCallback
 .text.HAL_TIM_PWM_PulseFinishedCallback
                0x0800192e        0x2 Drivers/STM32F7xx_HAL_Driver/Src/stm32f7xx_hal_tim.o
                0x0800192e                HAL_TIM_PWM_PulseFinishedCallback
 .text.HAL_TIM_TriggerCallback
                0x08001930        0x2 Drivers/STM32F7xx_HAL_Driver/Src/stm32f7xx_hal_tim.o
                0x08001930                HAL_TIM_TriggerCallback
 .text.HAL_TIM_IRQHandler
                0x08001932      0x19a Drivers/STM32F7xx_HAL_Driver/Src/stm32f7xx_hal_tim.o
                0x08001932                HAL_TIM_IRQHandler
 .text.TIM_Base_SetConfig
                0x08001acc      0x10c Drivers/STM32F7xx_HAL_Driver/Src/stm32f7xx_hal_tim.o
                0x08001acc                TIM_Base_SetConfig
 .text.HAL_TIM_Base_Init
                0x08001bd8       0x32 Drivers/STM32F7xx_HAL_Driver/Src/stm32f7xx_hal_tim.o
                0x08001bd8                HAL_TIM_Base_Init
 .text.HAL_TIM_PWM_Init
                0x08001c0a       0x32 Drivers/STM32F7xx_HAL_Driver/Src/stm32f7xx_hal_tim.o
                0x08001c0a                HAL_TIM_PWM_Init
 .text.HAL_TIM_Encoder_Init
                0x08001c3c       0x9c Drivers/STM32F7xx_HAL_Driver/Src/stm32f7xx_hal_tim.o
                0x08001c3c                HAL_TIM_Encoder_Init
 .text.TIM_OC1_SetConfig
                0x08001cd8       0x60 Drivers/STM32F7xx_HAL_Driver/Src/stm32f7xx_hal_tim.o
                0x08001cd8                TIM_OC1_SetConfig
 .text.TIM_OC2_SetConfig
                0x08001d38       0x68 Drivers/STM32F7xx_HAL_Driver/Src/stm32f7xx_hal_tim.o
                0x08001d38                TIM_OC2_SetConfig
 .text.TIM_OC3_SetConfig
                0x08001da0       0x68 Drivers/STM32F7xx_HAL_Driver/Src/stm32f7xx_hal_tim.o
                0x08001da0                TIM_OC3_SetConfig
 .text.TIM_OC4_SetConfig
                0x08001e08       0x54 Drivers/STM32F7xx_HAL_Driver/Src/stm32f7xx_hal_tim.o
                0x08001e08                TIM_OC4_SetConfig
 .text.TIM_CCxChannelCmd
                0x08001e5c       0x1e Drivers/STM32F7xx_HAL_Driver/Src/stm32f7xx_hal_tim.o
                0x08001e5c                TIM_CCxChannelCmd
 *fill*         0x08001e7a        0x2 
 .text.HAL_TIM_PWM_Start
                0x08001e7c       0x38 Drivers/STM32F7xx_HAL_Driver/Src/stm32f7xx_hal_tim.o
                0x08001e7c                HAL_TIM_PWM_Start
 .text.HAL_TIM_PWM_Stop
                0x08001eb4       0x68 Drivers/STM32F7xx_HAL_Driver/Src/stm32f7xx_hal_tim.o
                0x08001eb4                HAL_TIM_PWM_Stop
 .text.HAL_TIM_Encoder_Start
                0x08001f1c       0x44 Drivers/STM32F7xx_HAL_Driver/Src/stm32f7xx_hal_tim.o
                0x08001f1c                HAL_TIM_Encoder_Start
 .text.TIM_OC5_SetConfig
                0x08001f60       0x54 Drivers/STM32F7xx_HAL_Driver/Src/stm32f7xx_hal_tim_ex.o
 .text.TIM_OC6_SetConfig
                0x08001fb4       0x54 Drivers/STM32F7xx_HAL_Driver/Src/stm32f7xx_hal_tim_ex.o
 .text.HAL_TIMEx_MasterConfigSynchronization
                0x08002008       0x58 Drivers/STM32F7xx_HAL_Driver/Src/stm32f7xx_hal_tim_ex.o
                0x08002008                HAL_TIMEx_MasterConfigSynchronization
 .text.HAL_TIMEx_ConfigBreakDeadTime
                0x08002060       0x94 Drivers/STM32F7xx_HAL_Driver/Src/stm32f7xx_hal_tim_ex.o
                0x08002060                HAL_TIMEx_ConfigBreakDeadTime
 .text.HAL_TIMEx_CommutationCallback
                0x080020f4        0x2 Drivers/STM32F7xx_HAL_Driver/Src/stm32f7xx_hal_tim_ex.o
                0x080020f4                HAL_TIMEx_CommutationCallback
 .text.HAL_TIMEx_BreakCallback
                0x080020f6        0x2 Drivers/STM32F7xx_HAL_Driver/Src/stm32f7xx_hal_tim_ex.o
                0x080020f6                HAL_TIMEx_BreakCallback
 .text.HAL_TIM_PWM_ConfigChannel
                0x080020f8      0x134 Drivers/STM32F7xx_HAL_Driver/Src/stm32f7xx_hal_tim_ex.o
                0x080020f8                HAL_TIM_PWM_ConfigChannel
 .text.UART_WaitOnFlagUntilTimeout
                0x0800222c       0x62 Drivers/STM32F7xx_HAL_Driver/Src/stm32f7xx_hal_uart.o
                0x0800222c                UART_WaitOnFlagUntilTimeout
 *fill*         0x0800228e        0x2 
 .text.UART_SetConfig
                0x08002290      0x35c Drivers/STM32F7xx_HAL_Driver/Src/stm32f7xx_hal_uart.o
                0x08002290                UART_SetConfig
 .text.UART_AdvFeatureConfig
                0x080025ec       0xca Drivers/STM32F7xx_HAL_Driver/Src/stm32f7xx_hal_uart.o
                0x080025ec                UART_AdvFeatureConfig
 .text.UART_CheckIdleState
                0x080026b6       0x48 Drivers/STM32F7xx_HAL_Driver/Src/stm32f7xx_hal_uart.o
                0x080026b6                UART_CheckIdleState
 .text.HAL_UART_Init
                0x080026fe       0x66 Drivers/STM32F7xx_HAL_Driver/Src/stm32f7xx_hal_uart.o
                0x080026fe                HAL_UART_Init
 .text.WheelDriveFrontLeft_Run
                0x08002764       0x80 Middlewares/Robot/Src/WheelDrive.o
                0x08002764                WheelDriveFrontLeft_Run
 .text.WheelDriveRearLeft_Run
                0x080027e4       0x84 Middlewares/Robot/Src/WheelDrive.o
                0x080027e4                WheelDriveRearLeft_Run
 .text.WheelDriveFrontRight_Run
                0x08002868       0x80 Middlewares/Robot/Src/WheelDrive.o
                0x08002868                WheelDriveFrontRight_Run
 .text.WheelDriveRearRight_Run
                0x080028e8       0x80 Middlewares/Robot/Src/WheelDrive.o
                0x080028e8                WheelDriveRearRight_Run
 .text.makeFreeRtosPriority
                0x08002968        0xc Middlewares/Third_Party/FreeRTOS/Source/CMSIS_RTOS/cmsis_os.o
 .text.osKernelStart
                0x08002974        0xa Middlewares/Third_Party/FreeRTOS/Source/CMSIS_RTOS/cmsis_os.o
                0x08002974                osKernelStart
 .text.osThreadCreate
                0x0800297e       0x34 Middlewares/Third_Party/FreeRTOS/Source/CMSIS_RTOS/cmsis_os.o
                0x0800297e                osThreadCreate
 .text.osDelay  0x080029b2       0x12 Middlewares/Third_Party/FreeRTOS/Source/CMSIS_RTOS/cmsis_os.o
                0x080029b2                osDelay
 .text.osSystickHandler
                0x080029c4       0x10 Middlewares/Third_Party/FreeRTOS/Source/CMSIS_RTOS/cmsis_os.o
                0x080029c4                osSystickHandler
 .text.vListInitialise
                0x080029d4       0x16 Middlewares/Third_Party/FreeRTOS/Source/list.o
                0x080029d4                vListInitialise
 .text.vListInitialiseItem
                0x080029ea        0x6 Middlewares/Third_Party/FreeRTOS/Source/list.o
                0x080029ea                vListInitialiseItem
 .text.vListInsertEnd
                0x080029f0       0x18 Middlewares/Third_Party/FreeRTOS/Source/list.o
                0x080029f0                vListInsertEnd
 .text.vListInsert
                0x08002a08       0x34 Middlewares/Third_Party/FreeRTOS/Source/list.o
                0x08002a08                vListInsert
 .text.uxListRemove
                0x08002a3c       0x26 Middlewares/Third_Party/FreeRTOS/Source/list.o
                0x08002a3c                uxListRemove
 *fill*         0x08002a62        0x2 
 .text.prvResetNextTaskUnblockTime
                0x08002a64       0x24 Middlewares/Third_Party/FreeRTOS/Source/tasks.o
 .text.prvDeleteTCB
                0x08002a88       0x12 Middlewares/Third_Party/FreeRTOS/Source/tasks.o
 .text.prvInitialiseNewTask
                0x08002a9a       0x80 Middlewares/Third_Party/FreeRTOS/Source/tasks.o
 *fill*         0x08002b1a        0x2 
 .text.prvInitialiseTaskLists
                0x08002b1c       0x58 Middlewares/Third_Party/FreeRTOS/Source/tasks.o
 .text.prvAddNewTaskToReadyList
                0x08002b74       0xac Middlewares/Third_Party/FreeRTOS/Source/tasks.o
 .text.prvAddCurrentTaskToDelayedList
                0x08002c20       0x90 Middlewares/Third_Party/FreeRTOS/Source/tasks.o
 .text.xTaskCreate
                0x08002cb0       0x62 Middlewares/Third_Party/FreeRTOS/Source/tasks.o
                0x08002cb0                xTaskCreate
 *fill*         0x08002d12        0x2 
 .text.vTaskStartScheduler
                0x08002d14       0x7c Middlewares/Third_Party/FreeRTOS/Source/tasks.o
                0x08002d14                vTaskStartScheduler
 .text.vTaskSuspendAll
                0x08002d90       0x14 Middlewares/Third_Party/FreeRTOS/Source/tasks.o
                0x08002d90                vTaskSuspendAll
 .text.xTaskIncrementTick
                0x08002da4      0x110 Middlewares/Third_Party/FreeRTOS/Source/tasks.o
                0x08002da4                xTaskIncrementTick
 .text.xTaskResumeAll
                0x08002eb4       0xf4 Middlewares/Third_Party/FreeRTOS/Source/tasks.o
                0x08002eb4                xTaskResumeAll
 .text.vTaskDelay
                0x08002fa8       0x50 Middlewares/Third_Party/FreeRTOS/Source/tasks.o
                0x08002fa8                vTaskDelay
 .text.prvCheckTasksWaitingTermination
                0x08002ff8       0x54 Middlewares/Third_Party/FreeRTOS/Source/tasks.o
 .text.prvIdleTask
                0x0800304c       0x28 Middlewares/Third_Party/FreeRTOS/Source/tasks.o
 .text.vTaskSwitchContext
                0x08003074       0x94 Middlewares/Third_Party/FreeRTOS/Source/tasks.o
                0x08003074                vTaskSwitchContext
 .text.xTaskGetSchedulerState
                0x08003108       0x20 Middlewares/Third_Party/FreeRTOS/Source/tasks.o
                0x08003108                xTaskGetSchedulerState
 .text.prvTaskExitError
                0x08003128       0x3c Middlewares/Third_Party/FreeRTOS/Source/portable/GCC/ARM_CM7/r0p1/port.o
 .text.prvPortStartFirstTask
                0x08003164       0x20 Middlewares/Third_Party/FreeRTOS/Source/portable/GCC/ARM_CM7/r0p1/port.o
 .text.vPortEnableVFP
                0x08003184       0x14 Middlewares/Third_Party/FreeRTOS/Source/portable/GCC/ARM_CM7/r0p1/port.o
 .text.pxPortInitialiseStack
                0x08003198       0x2c Middlewares/Third_Party/FreeRTOS/Source/portable/GCC/ARM_CM7/r0p1/port.o
                0x08003198                pxPortInitialiseStack
 *fill*         0x080031c4        0xc 
 .text.SVC_Handler
                0x080031d0       0x24 Middlewares/Third_Party/FreeRTOS/Source/portable/GCC/ARM_CM7/r0p1/port.o
                0x080031d0                SVC_Handler
 .text.vPortEnterCritical
                0x080031f4       0x4c Middlewares/Third_Party/FreeRTOS/Source/portable/GCC/ARM_CM7/r0p1/port.o
                0x080031f4                vPortEnterCritical
 .text.vPortExitCritical
                0x08003240       0x30 Middlewares/Third_Party/FreeRTOS/Source/portable/GCC/ARM_CM7/r0p1/port.o
                0x08003240                vPortExitCritical
 .text.PendSV_Handler
                0x08003270       0x64 Middlewares/Third_Party/FreeRTOS/Source/portable/GCC/ARM_CM7/r0p1/port.o
                0x08003270                PendSV_Handler
 .text.xPortSysTickHandler
                0x080032d4       0x30 Middlewares/Third_Party/FreeRTOS/Source/portable/GCC/ARM_CM7/r0p1/port.o
                0x080032d4                xPortSysTickHandler
 .text.vPortSetupTimerInterrupt
                0x08003304       0x2c Middlewares/Third_Party/FreeRTOS/Source/portable/GCC/ARM_CM7/r0p1/port.o
                0x08003304                vPortSetupTimerInterrupt
 .text.xPortStartScheduler
                0x08003330       0xa4 Middlewares/Third_Party/FreeRTOS/Source/portable/GCC/ARM_CM7/r0p1/port.o
                0x08003330                xPortStartScheduler
 .text.prvHeapInit
                0x080033d4       0x4c Middlewares/Third_Party/FreeRTOS/Source/portable/MemMang/heap_4.o
 .text.prvInsertBlockIntoFreeList
                0x08003420       0x54 Middlewares/Third_Party/FreeRTOS/Source/portable/MemMang/heap_4.o
 .text.pvPortMalloc
                0x08003474      0x100 Middlewares/Third_Party/FreeRTOS/Source/portable/MemMang/heap_4.o
                0x08003474                pvPortMalloc
 .text.vPortFree
                0x08003574       0x74 Middlewares/Third_Party/FreeRTOS/Source/portable/MemMang/heap_4.o
                0x08003574                vPortFree
 .text.StartDefaultTask
                0x080035e8        0xa Src/freertos.o
                0x080035e8                StartDefaultTask
 *fill*         0x080035f2        0x2 
 .text.StartDriveTestTask
                0x080035f4      0x134 Src/freertos.o
                0x080035f4                StartDriveTestTask
 .text.MX_FREERTOS_Init
                0x08003728       0x48 Src/freertos.o
                0x08003728                MX_FREERTOS_Init
 .text.MX_GPIO_Init
                0x08003770       0xe4 Src/gpio.o
                0x08003770                MX_GPIO_Init
 .text.HAL_TIM_PeriodElapsedCallback
                0x08003854       0x18 Src/main.o
                0x08003854                HAL_TIM_PeriodElapsedCallback
 .text._Error_Handler
                0x0800386c        0x2 Src/main.o
                0x0800386c                _Error_Handler
 *fill*         0x0800386e        0x2 
 .text.SystemClock_Config
                0x08003870       0xc4 Src/main.o
                0x08003870                SystemClock_Config
 .text.main     0x08003934       0xa4 Src/main.o
                0x08003934                main
 .text.MX_SPI1_Init
                0x080039d8       0x4c Src/spi.o
                0x080039d8                MX_SPI1_Init
 .text.HAL_SPI_MspInit
                0x08003a24       0x64 Src/spi.o
                0x08003a24                HAL_SPI_MspInit
 .text.HAL_MspInit
                0x08003a88       0x90 Src/stm32f7xx_hal_msp.o
                0x08003a88                HAL_MspInit
 .text.HAL_InitTick
                0x08003b18       0x78 Src/stm32f7xx_hal_timebase_TIM.o
                0x08003b18                HAL_InitTick
 .text.NMI_Handler
                0x08003b90        0x8 Src/stm32f7xx_it.o
                0x08003b90                NMI_Handler
 .text.HardFault_Handler
                0x08003b98        0x2 Src/stm32f7xx_it.o
                0x08003b98                HardFault_Handler
 .text.MemManage_Handler
                0x08003b9a        0x2 Src/stm32f7xx_it.o
                0x08003b9a                MemManage_Handler
 .text.BusFault_Handler
                0x08003b9c        0x2 Src/stm32f7xx_it.o
                0x08003b9c                BusFault_Handler
 .text.UsageFault_Handler
                0x08003b9e        0x2 Src/stm32f7xx_it.o
                0x08003b9e                UsageFault_Handler
 .text.DebugMon_Handler
                0x08003ba0        0x2 Src/stm32f7xx_it.o
                0x08003ba0                DebugMon_Handler
 .text.SysTick_Handler
                0x08003ba2        0x8 Src/stm32f7xx_it.o
                0x08003ba2                SysTick_Handler
 *fill*         0x08003baa        0x2 
 .text.EXTI15_10_IRQHandler
                0x08003bac       0x34 Src/stm32f7xx_it.o
                0x08003bac                EXTI15_10_IRQHandler
 .text.TIM8_TRG_COM_TIM14_IRQHandler
                0x08003be0       0x10 Src/stm32f7xx_it.o
                0x08003be0                TIM8_TRG_COM_TIM14_IRQHandler
 .text.SystemInit
                0x08003bf0       0x50 Src/system_stm32f7xx.o
                0x08003bf0                SystemInit
 .text.MX_TIM2_Init
                0x08003c40       0x6c Src/tim.o
                0x08003c40                MX_TIM2_Init
 .text.MX_TIM3_Init
                0x08003cac       0x70 Src/tim.o
                0x08003cac                MX_TIM3_Init
 .text.MX_TIM4_Init
                0x08003d1c       0x70 Src/tim.o
                0x08003d1c                MX_TIM4_Init
 .text.MX_TIM5_Init
                0x08003d8c       0x74 Src/tim.o
                0x08003d8c                MX_TIM5_Init
 .text.HAL_TIM_PWM_MspInit
                0x08003e00       0x2c Src/tim.o
                0x08003e00                HAL_TIM_PWM_MspInit
 .text.HAL_TIM_Encoder_MspInit
                0x08003e2c      0x118 Src/tim.o
                0x08003e2c                HAL_TIM_Encoder_MspInit
 .text.HAL_TIM_MspPostInit
                0x08003f44       0x38 Src/tim.o
                0x08003f44                HAL_TIM_MspPostInit
 .text.MX_TIM1_Init
                0x08003f7c      0x10c Src/tim.o
                0x08003f7c                MX_TIM1_Init
 .text.MX_USART2_UART_Init
                0x08004088       0x40 Src/usart.o
                0x08004088                MX_USART2_UART_Init
 .text.HAL_UART_MspInit
                0x080040c8       0x50 Src/usart.o
                0x080040c8                HAL_UART_MspInit
 .text.Reset_Handler
                0x08004118       0x50 startup/startup_stm32f767xx.o
                0x08004118                Reset_Handler
 .text.Default_Handler
                0x08004168        0x2 startup/startup_stm32f767xx.o
                0x08004168                RTC_Alarm_IRQHandler
                0x08004168                EXTI2_IRQHandler
                0x08004168                TIM8_CC_IRQHandler
                0x08004168                UART8_IRQHandler
                0x08004168                SPI4_IRQHandler
                0x08004168                TIM1_CC_IRQHandler
                0x08004168                DMA2_Stream5_IRQHandler
                0x08004168                JPEG_IRQHandler
                0x08004168                DMA1_Stream5_IRQHandler
                0x08004168                CAN3_RX1_IRQHandler
                0x08004168                PVD_IRQHandler
                0x08004168                TAMP_STAMP_IRQHandler
                0x08004168                CAN2_RX1_IRQHandler
                0x08004168                EXTI3_IRQHandler
                0x08004168                DFSDM1_FLT1_IRQHandler
                0x08004168                TIM1_UP_TIM10_IRQHandler
                0x08004168                TIM8_UP_TIM13_IRQHandler
                0x08004168                I2C3_ER_IRQHandler
                0x08004168                DFSDM1_FLT2_IRQHandler
                0x08004168                EXTI0_IRQHandler
                0x08004168                I2C2_EV_IRQHandler
                0x08004168                DMA1_Stream2_IRQHandler
                0x08004168                CAN1_RX0_IRQHandler
                0x08004168                FPU_IRQHandler
                0x08004168                OTG_HS_WKUP_IRQHandler
                0x08004168                CAN3_SCE_IRQHandler
                0x08004168                LTDC_ER_IRQHandler
                0x08004168                CAN2_SCE_IRQHandler
                0x08004168                DMA2_Stream2_IRQHandler
                0x08004168                SPI1_IRQHandler
                0x08004168                TIM6_DAC_IRQHandler
                0x08004168                TIM1_BRK_TIM9_IRQHandler
                0x08004168                DCMI_IRQHandler
                0x08004168                CAN2_RX0_IRQHandler
                0x08004168                DMA2_Stream3_IRQHandler
                0x08004168                SAI2_IRQHandler
                0x08004168                DFSDM1_FLT3_IRQHandler
                0x08004168                USART6_IRQHandler
                0x08004168                CAN3_RX0_IRQHandler
                0x08004168                USART3_IRQHandler
                0x08004168                CAN1_RX1_IRQHandler
                0x08004168                UART5_IRQHandler
                0x08004168                DMA2_Stream0_IRQHandler
                0x08004168                TIM4_IRQHandler
                0x08004168                QUADSPI_IRQHandler
                0x08004168                I2C1_EV_IRQHandler
                0x08004168                DMA1_Stream6_IRQHandler
                0x08004168                DMA1_Stream1_IRQHandler
                0x08004168                UART4_IRQHandler
                0x08004168                TIM3_IRQHandler
                0x08004168                RCC_IRQHandler
                0x08004168                TIM8_BRK_TIM12_IRQHandler
                0x08004168                Default_Handler
                0x08004168                CEC_IRQHandler
                0x08004168                ADC_IRQHandler
                0x08004168                DMA1_Stream7_IRQHandler
                0x08004168                SPI5_IRQHandler
                0x08004168                TIM7_IRQHandler
                0x08004168                SDMMC1_IRQHandler
                0x08004168                CAN2_TX_IRQHandler
                0x08004168                TIM5_IRQHandler
                0x08004168                DMA2_Stream7_IRQHandler
                0x08004168                I2C3_EV_IRQHandler
                0x08004168                EXTI9_5_IRQHandler
                0x08004168                RTC_WKUP_IRQHandler
                0x08004168                LTDC_IRQHandler
                0x08004168                ETH_WKUP_IRQHandler
                0x08004168                SPDIF_RX_IRQHandler
                0x08004168                SPI2_IRQHandler
                0x08004168                OTG_HS_EP1_IN_IRQHandler
                0x08004168                DMA1_Stream0_IRQHandler
                0x08004168                CAN1_TX_IRQHandler
                0x08004168                EXTI4_IRQHandler
                0x08004168                RNG_IRQHandler
                0x08004168                ETH_IRQHandler
                0x08004168                OTG_HS_EP1_OUT_IRQHandler
                0x08004168                WWDG_IRQHandler
                0x08004168                SPI6_IRQHandler
                0x08004168                MDIOS_IRQHandler
                0x08004168                I2C4_EV_IRQHandler
                0x08004168                CAN3_TX_IRQHandler
                0x08004168                TIM2_IRQHandler
                0x08004168                OTG_FS_WKUP_IRQHandler
                0x08004168                TIM1_TRG_COM_TIM11_IRQHandler
                0x08004168                OTG_HS_IRQHandler
                0x08004168                DMA2D_IRQHandler
                0x08004168                EXTI1_IRQHandler
                0x08004168                SDMMC2_IRQHandler
                0x08004168                UART7_IRQHandler
                0x08004168                USART2_IRQHandler
                0x08004168                DFSDM1_FLT0_IRQHandler
                0x08004168                I2C2_ER_IRQHandler
                0x08004168                DMA2_Stream1_IRQHandler
                0x08004168                CAN1_SCE_IRQHandler
                0x08004168                FLASH_IRQHandler
                0x08004168                DMA2_Stream4_IRQHandler
                0x08004168                USART1_IRQHandler
                0x08004168                OTG_FS_IRQHandler
                0x08004168                SPI3_IRQHandler
                0x08004168                DMA1_Stream4_IRQHandler
                0x08004168                I2C1_ER_IRQHandler
                0x08004168                FMC_IRQHandler
                0x08004168                LPTIM1_IRQHandler
                0x08004168                I2C4_ER_IRQHandler
                0x08004168                DMA2_Stream6_IRQHandler
                0x08004168                SAI1_IRQHandler
                0x08004168                DMA1_Stream3_IRQHandler
 *fill*         0x0800416a        0x2 
 .text.__libc_init_array
                0x0800416c       0x48 c:/ac6/systemworkbench/plugins/fr.ac6.mcu.externaltools.arm-none.win32_1.16.0.201807130628/tools/compiler/bin/../lib/gcc/arm-none-eabi/7.2.1/../../../../arm-none-eabi/lib/thumb/v7e-m/fpv5/hard\libc_nano.a(lib_a-init.o)
                0x0800416c                __libc_init_array
 *(.glue_7)
 .glue_7        0x080041b4        0x0 linker stubs
 *(.glue_7t)
 .glue_7t       0x080041b4        0x0 linker stubs
 *(.eh_frame)
 .eh_frame      0x080041b4        0x0 c:/ac6/systemworkbench/plugins/fr.ac6.mcu.externaltools.arm-none.win32_1.16.0.201807130628/tools/compiler/bin/../lib/gcc/arm-none-eabi/7.2.1/thumb/v7e-m/fpv5/hard/crtbegin.o
 *(.init)
 .init          0x080041b4        0x4 c:/ac6/systemworkbench/plugins/fr.ac6.mcu.externaltools.arm-none.win32_1.16.0.201807130628/tools/compiler/bin/../lib/gcc/arm-none-eabi/7.2.1/thumb/v7e-m/fpv5/hard/crti.o
                0x080041b4                _init
 .init          0x080041b8        0x8 c:/ac6/systemworkbench/plugins/fr.ac6.mcu.externaltools.arm-none.win32_1.16.0.201807130628/tools/compiler/bin/../lib/gcc/arm-none-eabi/7.2.1/thumb/v7e-m/fpv5/hard/crtn.o
 *(.fini)
 .fini          0x080041c0        0x4 c:/ac6/systemworkbench/plugins/fr.ac6.mcu.externaltools.arm-none.win32_1.16.0.201807130628/tools/compiler/bin/../lib/gcc/arm-none-eabi/7.2.1/thumb/v7e-m/fpv5/hard/crti.o
                0x080041c0                _fini
 .fini          0x080041c4        0x8 c:/ac6/systemworkbench/plugins/fr.ac6.mcu.externaltools.arm-none.win32_1.16.0.201807130628/tools/compiler/bin/../lib/gcc/arm-none-eabi/7.2.1/thumb/v7e-m/fpv5/hard/crtn.o
                0x080041cc                . = ALIGN (0x4)
                0x080041cc                _etext = .

.vfp11_veneer   0x080041cc        0x0
 .vfp11_veneer  0x080041cc        0x0 linker stubs

.v4_bx          0x080041cc        0x0
 .v4_bx         0x080041cc        0x0 linker stubs

.iplt           0x080041cc        0x0
 .iplt          0x080041cc        0x0 c:/ac6/systemworkbench/plugins/fr.ac6.mcu.externaltools.arm-none.win32_1.16.0.201807130628/tools/compiler/bin/../lib/gcc/arm-none-eabi/7.2.1/thumb/v7e-m/fpv5/hard/crtbegin.o

.rodata         0x080041cc       0xa4
                0x080041cc                . = ALIGN (0x4)
 *(.rodata)
 .rodata        0x080041cc       0x28 Src/freertos.o
 .rodata        0x080041f4       0x18 Src/system_stm32f7xx.o
                0x080041f4                AHBPrescTable
                0x08004204                APBPrescTable
 *(.rodata*)
 .rodata.str1.4
                0x0800420c        0x5 Middlewares/Third_Party/FreeRTOS/Source/tasks.o
 *fill*         0x08004211        0x3 
 .rodata.str1.4
                0x08004214       0x1c Src/freertos.o
 .rodata.str1.4
                0x08004230        0xe Src/main.o
 *fill*         0x0800423e        0x2 
 .rodata.str1.4
                0x08004240        0xd Src/spi.o
 *fill*         0x0800424d        0x3 
 .rodata.str1.4
                0x08004250        0xd Src/tim.o
 *fill*         0x0800425d        0x3 
 .rodata.str1.4
                0x08004260       0x10 Src/usart.o
                                  0xf (size before relaxing)
                0x08004270                . = ALIGN (0x4)

.ARM.extab
 *(.ARM.extab* .gnu.linkonce.armextab.*)

.ARM            0x08004270        0x8
                0x08004270                __exidx_start = .
 *(.ARM.exidx*)
 .ARM.exidx     0x08004270        0x8 c:/ac6/systemworkbench/plugins/fr.ac6.mcu.externaltools.arm-none.win32_1.16.0.201807130628/tools/compiler/bin/../lib/gcc/arm-none-eabi/7.2.1/thumb/v7e-m/fpv5/hard\libgcc.a(_udivmoddi4.o)
                0x08004278                __exidx_end = .

.rel.dyn        0x08004278        0x0
 .rel.iplt      0x08004278        0x0 c:/ac6/systemworkbench/plugins/fr.ac6.mcu.externaltools.arm-none.win32_1.16.0.201807130628/tools/compiler/bin/../lib/gcc/arm-none-eabi/7.2.1/thumb/v7e-m/fpv5/hard/crtbegin.o

.preinit_array  0x08004278        0x0
                0x08004278                PROVIDE (__preinit_array_start, .)
 *(.preinit_array*)
                0x08004278                PROVIDE (__preinit_array_end, .)

.init_array     0x08004278        0x4
                0x08004278                PROVIDE (__init_array_start, .)
 *(SORT_BY_NAME(.init_array.*))
 *(.init_array*)
 .init_array    0x08004278        0x4 c:/ac6/systemworkbench/plugins/fr.ac6.mcu.externaltools.arm-none.win32_1.16.0.201807130628/tools/compiler/bin/../lib/gcc/arm-none-eabi/7.2.1/thumb/v7e-m/fpv5/hard/crtbegin.o
                0x0800427c                PROVIDE (__init_array_end, .)

.fini_array     0x0800427c        0x4
                [!provide]                PROVIDE (__fini_array_start, .)
 *(SORT_BY_NAME(.fini_array.*))
 *(.fini_array*)
 .fini_array    0x0800427c        0x4 c:/ac6/systemworkbench/plugins/fr.ac6.mcu.externaltools.arm-none.win32_1.16.0.201807130628/tools/compiler/bin/../lib/gcc/arm-none-eabi/7.2.1/thumb/v7e-m/fpv5/hard/crtbegin.o
                [!provide]                PROVIDE (__fini_array_end, .)
                0x08004280                _sidata = LOADADDR (.data)

.data           0x20000000       0x18 load address 0x08004280
                0x20000000                . = ALIGN (0x4)
                0x20000000                _sdata = .
 *(.data)
 .data          0x20000000        0x8 Drivers/STM32F7xx_HAL_Driver/Src/stm32f7xx_hal.o
                0x20000000                uwTickFreq
                0x20000004                uwTickPrio
 .data          0x20000008        0x4 Middlewares/Third_Party/FreeRTOS/Source/portable/GCC/ARM_CM7/r0p1/port.o
 .data          0x2000000c        0x6 Src/freertos.o
                0x2000000c                message
 *fill*         0x20000012        0x2 
 .data          0x20000014        0x4 Src/system_stm32f7xx.o
                0x20000014                SystemCoreClock
 *(.data*)
                0x20000018                . = ALIGN (0x4)
                0x20000018                _edata = .

.igot.plt       0x20000018        0x0 load address 0x08004298
 .igot.plt      0x20000018        0x0 c:/ac6/systemworkbench/plugins/fr.ac6.mcu.externaltools.arm-none.win32_1.16.0.201807130628/tools/compiler/bin/../lib/gcc/arm-none-eabi/7.2.1/thumb/v7e-m/fpv5/hard/crtbegin.o
                0x20000018                . = ALIGN (0x4)

.bss            0x20000018     0x3fd4 load address 0x08004298
                0x20000018                _sbss = .
                0x20000018                __bss_start__ = _sbss
 *(.bss)
 .bss           0x20000018       0x1c c:/ac6/systemworkbench/plugins/fr.ac6.mcu.externaltools.arm-none.win32_1.16.0.201807130628/tools/compiler/bin/../lib/gcc/arm-none-eabi/7.2.1/thumb/v7e-m/fpv5/hard/crtbegin.o
 .bss           0x20000034      0x12c Middlewares/Third_Party/FreeRTOS/Source/tasks.o
                0x20000134                pxCurrentTCB
 .bss           0x20000160        0x8 Middlewares/Third_Party/FreeRTOS/Source/portable/GCC/ARM_CM7/r0p1/port.o
 .bss           0x20000168     0x3c18 Middlewares/Third_Party/FreeRTOS/Source/portable/MemMang/heap_4.o
 *(.bss*)
 *(COMMON)
 COMMON         0x20003d80        0x4 Drivers/STM32F7xx_HAL_Driver/Src/stm32f7xx_hal.o
                0x20003d80                uwTick
 COMMON         0x20003d84        0x8 Middlewares/Robot/Src/WheelDriveSystem.o
                0x20003d84                encoderFL
                0x20003d86                encoderRR
                0x20003d88                encoderRL
                0x20003d8a                encoderFR
 COMMON         0x20003d8c        0x9 Src/freertos.o
                0x20003d8c                defaultTaskHandle
                0x20003d90                driveTestTaskHandle
                0x20003d94                user_button_1
 *fill*         0x20003d95        0x3 
 COMMON         0x20003d98       0x64 Src/spi.o
                0x20003d98                hspi1
 COMMON         0x20003dfc       0x40 Src/stm32f7xx_hal_timebase_TIM.o
                0x20003dfc                htim14
 COMMON         0x20003e3c      0x140 Src/tim.o
                0x20003e3c                htim4
                0x20003e7c                htim5
                0x20003ebc                htim3
                0x20003efc                htim1
                0x20003f3c                htim2
 COMMON         0x20003f7c       0x70 Src/usart.o
                0x20003f7c                huart2
                0x20003fec                . = ALIGN (0x4)
                0x20003fec                _ebss = .
                0x20003fec                __bss_end__ = _ebss

._user_heap_stack
                0x20003fec      0x604 load address 0x08004298
                0x20003ff0                . = ALIGN (0x8)
 *fill*         0x20003fec        0x4 
                [!provide]                PROVIDE (end, .)
                [!provide]                PROVIDE (_end, .)
                0x200041f0                . = (. + _Min_Heap_Size)
 *fill*         0x20003ff0      0x200 
                0x200045f0                . = (. + _Min_Stack_Size)
 *fill*         0x200041f0      0x400 
                0x200045f0                . = ALIGN (0x8)

/DISCARD/
 libc.a(*)
 libm.a(*)
 libgcc.a(*)

.ARM.attributes
                0x00000000       0x2e
 *(.ARM.attributes)
 .ARM.attributes
                0x00000000       0x20 c:/ac6/systemworkbench/plugins/fr.ac6.mcu.externaltools.arm-none.win32_1.16.0.201807130628/tools/compiler/bin/../lib/gcc/arm-none-eabi/7.2.1/thumb/v7e-m/fpv5/hard/crti.o
 .ARM.attributes
                0x00000020       0x32 c:/ac6/systemworkbench/plugins/fr.ac6.mcu.externaltools.arm-none.win32_1.16.0.201807130628/tools/compiler/bin/../lib/gcc/arm-none-eabi/7.2.1/thumb/v7e-m/fpv5/hard/crtbegin.o
 .ARM.attributes
                0x00000052       0x37 Drivers/STM32F7xx_HAL_Driver/Src/stm32f7xx_hal.o
 .ARM.attributes
                0x00000089       0x37 Drivers/STM32F7xx_HAL_Driver/Src/stm32f7xx_hal_cortex.o
 .ARM.attributes
                0x000000c0       0x37 Drivers/STM32F7xx_HAL_Driver/Src/stm32f7xx_hal_gpio.o
 .ARM.attributes
                0x000000f7       0x37 Drivers/STM32F7xx_HAL_Driver/Src/stm32f7xx_hal_rcc.o
 .ARM.attributes
                0x0000012e       0x37 Drivers/STM32F7xx_HAL_Driver/Src/stm32f7xx_hal_rcc_ex.o
 .ARM.attributes
                0x00000165       0x37 Drivers/STM32F7xx_HAL_Driver/Src/stm32f7xx_hal_spi.o
 .ARM.attributes
                0x0000019c       0x37 Drivers/STM32F7xx_HAL_Driver/Src/stm32f7xx_hal_tim.o
 .ARM.attributes
                0x000001d3       0x37 Drivers/STM32F7xx_HAL_Driver/Src/stm32f7xx_hal_tim_ex.o
 .ARM.attributes
                0x0000020a       0x37 Drivers/STM32F7xx_HAL_Driver/Src/stm32f7xx_hal_uart.o
 .ARM.attributes
                0x00000241       0x37 Middlewares/Robot/Src/WheelDrive.o
 .ARM.attributes
                0x00000278       0x37 Middlewares/Robot/Src/WheelDriveSystem.o
 .ARM.attributes
                0x000002af       0x37 Middlewares/Third_Party/FreeRTOS/Source/CMSIS_RTOS/cmsis_os.o
 .ARM.attributes
                0x000002e6       0x37 Middlewares/Third_Party/FreeRTOS/Source/list.o
 .ARM.attributes
                0x0000031d       0x37 Middlewares/Third_Party/FreeRTOS/Source/tasks.o
 .ARM.attributes
                0x00000354       0x37 Middlewares/Third_Party/FreeRTOS/Source/portable/GCC/ARM_CM7/r0p1/port.o
 .ARM.attributes
                0x0000038b       0x37 Middlewares/Third_Party/FreeRTOS/Source/portable/MemMang/heap_4.o
 .ARM.attributes
                0x000003c2       0x37 Src/freertos.o
 .ARM.attributes
                0x000003f9       0x37 Src/gpio.o
 .ARM.attributes
                0x00000430       0x37 Src/main.o
 .ARM.attributes
                0x00000467       0x37 Src/spi.o
 .ARM.attributes
                0x0000049e       0x37 Src/stm32f7xx_hal_msp.o
 .ARM.attributes
                0x000004d5       0x37 Src/stm32f7xx_hal_timebase_TIM.o
 .ARM.attributes
                0x0000050c       0x37 Src/stm32f7xx_it.o
 .ARM.attributes
                0x00000543       0x37 Src/system_stm32f7xx.o
 .ARM.attributes
                0x0000057a       0x37 Src/tim.o
 .ARM.attributes
                0x000005b1       0x37 Src/usart.o
 .ARM.attributes
                0x000005e8       0x21 startup/startup_stm32f767xx.o
 .ARM.attributes
                0x00000609       0x20 c:/ac6/systemworkbench/plugins/fr.ac6.mcu.externaltools.arm-none.win32_1.16.0.201807130628/tools/compiler/bin/../lib/gcc/arm-none-eabi/7.2.1/thumb/v7e-m/fpv5/hard\libgcc.a(_aeabi_uldivmod.o)
 .ARM.attributes
                0x00000629       0x32 c:/ac6/systemworkbench/plugins/fr.ac6.mcu.externaltools.arm-none.win32_1.16.0.201807130628/tools/compiler/bin/../lib/gcc/arm-none-eabi/7.2.1/thumb/v7e-m/fpv5/hard\libgcc.a(_udivmoddi4.o)
 .ARM.attributes
                0x0000065b       0x20 c:/ac6/systemworkbench/plugins/fr.ac6.mcu.externaltools.arm-none.win32_1.16.0.201807130628/tools/compiler/bin/../lib/gcc/arm-none-eabi/7.2.1/thumb/v7e-m/fpv5/hard\libgcc.a(_dvmd_tls.o)
 .ARM.attributes
                0x0000067b       0x32 c:/ac6/systemworkbench/plugins/fr.ac6.mcu.externaltools.arm-none.win32_1.16.0.201807130628/tools/compiler/bin/../lib/gcc/arm-none-eabi/7.2.1/../../../../arm-none-eabi/lib/thumb/v7e-m/fpv5/hard\libc_nano.a(lib_a-init.o)
 .ARM.attributes
                0x000006ad       0x19 c:/ac6/systemworkbench/plugins/fr.ac6.mcu.externaltools.arm-none.win32_1.16.0.201807130628/tools/compiler/bin/../lib/gcc/arm-none-eabi/7.2.1/../../../../arm-none-eabi/lib/thumb/v7e-m/fpv5/hard\libc_nano.a(lib_a-strlen.o)
 .ARM.attributes
                0x000006c6       0x20 c:/ac6/systemworkbench/plugins/fr.ac6.mcu.externaltools.arm-none.win32_1.16.0.201807130628/tools/compiler/bin/../lib/gcc/arm-none-eabi/7.2.1/thumb/v7e-m/fpv5/hard/crtn.o
OUTPUT(eRatPlatform.elf elf32-littlearm)

.debug_info     0x00000000    0x24f25
 .debug_info    0x00000000     0x12ef Drivers/STM32F7xx_HAL_Driver/Src/stm32f7xx_hal.o
 .debug_info    0x000012ef     0x19b9 Drivers/STM32F7xx_HAL_Driver/Src/stm32f7xx_hal_cortex.o
 .debug_info    0x00002ca8      0xfc7 Drivers/STM32F7xx_HAL_Driver/Src/stm32f7xx_hal_gpio.o
 .debug_info    0x00003c6f     0x136a Drivers/STM32F7xx_HAL_Driver/Src/stm32f7xx_hal_rcc.o
 .debug_info    0x00004fd9     0x1099 Drivers/STM32F7xx_HAL_Driver/Src/stm32f7xx_hal_rcc_ex.o
 .debug_info    0x00006072     0x2617 Drivers/STM32F7xx_HAL_Driver/Src/stm32f7xx_hal_spi.o
 .debug_info    0x00008689     0x372e Drivers/STM32F7xx_HAL_Driver/Src/stm32f7xx_hal_tim.o
 .debug_info    0x0000bdb7     0x1fc2 Drivers/STM32F7xx_HAL_Driver/Src/stm32f7xx_hal_tim_ex.o
 .debug_info    0x0000dd79     0x206c Drivers/STM32F7xx_HAL_Driver/Src/stm32f7xx_hal_uart.o
 .debug_info    0x0000fde5     0x13c7 Middlewares/Robot/Src/WheelDrive.o
 .debug_info    0x000111ac      0x98e Middlewares/Robot/Src/WheelDriveSystem.o
 .debug_info    0x00011b3a     0x231e Middlewares/Third_Party/FreeRTOS/Source/CMSIS_RTOS/cmsis_os.o
 .debug_info    0x00013e58      0xacd Middlewares/Third_Party/FreeRTOS/Source/list.o
 .debug_info    0x00014925     0x2915 Middlewares/Third_Party/FreeRTOS/Source/tasks.o
 .debug_info    0x0001723a      0x4e9 Middlewares/Third_Party/FreeRTOS/Source/portable/GCC/ARM_CM7/r0p1/port.o
 .debug_info    0x00017723      0xc71 Middlewares/Third_Party/FreeRTOS/Source/portable/MemMang/heap_4.o
 .debug_info    0x00018394     0x16b1 Src/freertos.o
 .debug_info    0x00019a45     0x1092 Src/gpio.o
 .debug_info    0x0001aad7     0x20ef Src/main.o
 .debug_info    0x0001cbc6     0x1287 Src/spi.o
 .debug_info    0x0001de4d      0xf20 Src/stm32f7xx_hal_msp.o
 .debug_info    0x0001ed6d     0x14ee Src/stm32f7xx_hal_timebase_TIM.o
 .debug_info    0x0002025b      0xffc Src/stm32f7xx_it.o
 .debug_info    0x00021257      0xf12 Src/system_stm32f7xx.o
 .debug_info    0x00022169     0x1afa Src/tim.o
 .debug_info    0x00023c63     0x12a0 Src/usart.o
 .debug_info    0x00024f03       0x22 startup/startup_stm32f767xx.o

.debug_abbrev   0x00000000     0x4604
 .debug_abbrev  0x00000000      0x2e5 Drivers/STM32F7xx_HAL_Driver/Src/stm32f7xx_hal.o
 .debug_abbrev  0x000002e5      0x3d6 Drivers/STM32F7xx_HAL_Driver/Src/stm32f7xx_hal_cortex.o
 .debug_abbrev  0x000006bb      0x2a7 Drivers/STM32F7xx_HAL_Driver/Src/stm32f7xx_hal_gpio.o
 .debug_abbrev  0x00000962      0x356 Drivers/STM32F7xx_HAL_Driver/Src/stm32f7xx_hal_rcc.o
 .debug_abbrev  0x00000cb8      0x2ad Drivers/STM32F7xx_HAL_Driver/Src/stm32f7xx_hal_rcc_ex.o
 .debug_abbrev  0x00000f65      0x2f2 Drivers/STM32F7xx_HAL_Driver/Src/stm32f7xx_hal_spi.o
 .debug_abbrev  0x00001257      0x2b5 Drivers/STM32F7xx_HAL_Driver/Src/stm32f7xx_hal_tim.o
 .debug_abbrev  0x0000150c      0x2e0 Drivers/STM32F7xx_HAL_Driver/Src/stm32f7xx_hal_tim_ex.o
 .debug_abbrev  0x000017ec      0x314 Drivers/STM32F7xx_HAL_Driver/Src/stm32f7xx_hal_uart.o
 .debug_abbrev  0x00001b00      0x251 Middlewares/Robot/Src/WheelDrive.o
 .debug_abbrev  0x00001d51      0x1a6 Middlewares/Robot/Src/WheelDriveSystem.o
 .debug_abbrev  0x00001ef7      0x3d4 Middlewares/Third_Party/FreeRTOS/Source/CMSIS_RTOS/cmsis_os.o
 .debug_abbrev  0x000022cb      0x21c Middlewares/Third_Party/FreeRTOS/Source/list.o
 .debug_abbrev  0x000024e7      0x3cf Middlewares/Third_Party/FreeRTOS/Source/tasks.o
 .debug_abbrev  0x000028b6      0x216 Middlewares/Third_Party/FreeRTOS/Source/portable/GCC/ARM_CM7/r0p1/port.o
 .debug_abbrev  0x00002acc      0x318 Middlewares/Third_Party/FreeRTOS/Source/portable/MemMang/heap_4.o
 .debug_abbrev  0x00002de4      0x270 Src/freertos.o
 .debug_abbrev  0x00003054      0x245 Src/gpio.o
 .debug_abbrev  0x00003299      0x2c6 Src/main.o
 .debug_abbrev  0x0000355f      0x258 Src/spi.o
 .debug_abbrev  0x000037b7      0x234 Src/stm32f7xx_hal_msp.o
 .debug_abbrev  0x000039eb      0x299 Src/stm32f7xx_hal_timebase_TIM.o
 .debug_abbrev  0x00003c84      0x25a Src/stm32f7xx_it.o
 .debug_abbrev  0x00003ede      0x212 Src/system_stm32f7xx.o
 .debug_abbrev  0x000040f0      0x2aa Src/tim.o
 .debug_abbrev  0x0000439a      0x258 Src/usart.o
 .debug_abbrev  0x000045f2       0x12 startup/startup_stm32f767xx.o

.debug_loc      0x00000000     0xc367
 .debug_loc     0x00000000       0xfd Drivers/STM32F7xx_HAL_Driver/Src/stm32f7xx_hal.o
 .debug_loc     0x000000fd      0x5c0 Drivers/STM32F7xx_HAL_Driver/Src/stm32f7xx_hal_cortex.o
 .debug_loc     0x000006bd      0x469 Drivers/STM32F7xx_HAL_Driver/Src/stm32f7xx_hal_gpio.o
 .debug_loc     0x00000b26      0x4cf Drivers/STM32F7xx_HAL_Driver/Src/stm32f7xx_hal_rcc.o
 .debug_loc     0x00000ff5      0x5fc Drivers/STM32F7xx_HAL_Driver/Src/stm32f7xx_hal_rcc_ex.o
 .debug_loc     0x000015f1     0x1acd Drivers/STM32F7xx_HAL_Driver/Src/stm32f7xx_hal_spi.o
 .debug_loc     0x000030be     0x36d5 Drivers/STM32F7xx_HAL_Driver/Src/stm32f7xx_hal_tim.o
 .debug_loc     0x00006793     0x1bd7 Drivers/STM32F7xx_HAL_Driver/Src/stm32f7xx_hal_tim_ex.o
 .debug_loc     0x0000836a     0x1612 Drivers/STM32F7xx_HAL_Driver/Src/stm32f7xx_hal_uart.o
 .debug_loc     0x0000997c      0x14c Middlewares/Robot/Src/WheelDrive.o
 .debug_loc     0x00009ac8      0xee1 Middlewares/Third_Party/FreeRTOS/Source/CMSIS_RTOS/cmsis_os.o
 .debug_loc     0x0000a9a9       0x70 Middlewares/Third_Party/FreeRTOS/Source/list.o
 .debug_loc     0x0000aa19     0x11cd Middlewares/Third_Party/FreeRTOS/Source/tasks.o
 .debug_loc     0x0000bbe6       0xdc Middlewares/Third_Party/FreeRTOS/Source/portable/GCC/ARM_CM7/r0p1/port.o
 .debug_loc     0x0000bcc2      0x291 Middlewares/Third_Party/FreeRTOS/Source/portable/MemMang/heap_4.o
 .debug_loc     0x0000bf53       0x42 Src/freertos.o
 .debug_loc     0x0000bf95       0x3a Src/main.o
 .debug_loc     0x0000bfcf       0x5b Src/spi.o
 .debug_loc     0x0000c02a       0x79 Src/stm32f7xx_hal_timebase_TIM.o
 .debug_loc     0x0000c0a3      0x13e Src/system_stm32f7xx.o
 .debug_loc     0x0000c1e1      0x12b Src/tim.o
 .debug_loc     0x0000c30c       0x5b Src/usart.o

.debug_aranges  0x00000000     0x1248
 .debug_aranges
                0x00000000      0x110 Drivers/STM32F7xx_HAL_Driver/Src/stm32f7xx_hal.o
 .debug_aranges
                0x00000110       0xa8 Drivers/STM32F7xx_HAL_Driver/Src/stm32f7xx_hal_cortex.o
 .debug_aranges
                0x000001b8       0x58 Drivers/STM32F7xx_HAL_Driver/Src/stm32f7xx_hal_gpio.o
 .debug_aranges
                0x00000210       0x88 Drivers/STM32F7xx_HAL_Driver/Src/stm32f7xx_hal_rcc.o
 .debug_aranges
                0x00000298       0x50 Drivers/STM32F7xx_HAL_Driver/Src/stm32f7xx_hal_rcc_ex.o
 .debug_aranges
                0x000002e8      0x1d8 Drivers/STM32F7xx_HAL_Driver/Src/stm32f7xx_hal_spi.o
 .debug_aranges
                0x000004c0      0x368 Drivers/STM32F7xx_HAL_Driver/Src/stm32f7xx_hal_tim.o
 .debug_aranges
                0x00000828      0x178 Drivers/STM32F7xx_HAL_Driver/Src/stm32f7xx_hal_tim_ex.o
 .debug_aranges
                0x000009a0      0x190 Drivers/STM32F7xx_HAL_Driver/Src/stm32f7xx_hal_uart.o
 .debug_aranges
                0x00000b30       0x38 Middlewares/Robot/Src/WheelDrive.o
 .debug_aranges
                0x00000b68       0x18 Middlewares/Robot/Src/WheelDriveSystem.o
 .debug_aranges
                0x00000b80      0x1d8 Middlewares/Third_Party/FreeRTOS/Source/CMSIS_RTOS/cmsis_os.o
 .debug_aranges
                0x00000d58       0x40 Middlewares/Third_Party/FreeRTOS/Source/list.o
 .debug_aranges
                0x00000d98      0x190 Middlewares/Third_Party/FreeRTOS/Source/tasks.o
 .debug_aranges
                0x00000f28       0x80 Middlewares/Third_Party/FreeRTOS/Source/portable/GCC/ARM_CM7/r0p1/port.o
 .debug_aranges
                0x00000fa8       0x50 Middlewares/Third_Party/FreeRTOS/Source/portable/MemMang/heap_4.o
 .debug_aranges
                0x00000ff8       0x30 Src/freertos.o
 .debug_aranges
                0x00001028       0x20 Src/gpio.o
 .debug_aranges
                0x00001048       0x38 Src/main.o
 .debug_aranges
                0x00001080       0x30 Src/spi.o
 .debug_aranges
                0x000010b0       0x20 Src/stm32f7xx_hal_msp.o
 .debug_aranges
                0x000010d0       0x30 Src/stm32f7xx_hal_timebase_TIM.o
 .debug_aranges
                0x00001100       0x60 Src/stm32f7xx_it.o
 .debug_aranges
                0x00001160       0x28 Src/system_stm32f7xx.o
 .debug_aranges
                0x00001188       0x68 Src/tim.o
 .debug_aranges
                0x000011f0       0x30 Src/usart.o
 .debug_aranges
                0x00001220       0x28 startup/startup_stm32f767xx.o

.debug_ranges   0x00000000     0x1168
 .debug_ranges  0x00000000      0x100 Drivers/STM32F7xx_HAL_Driver/Src/stm32f7xx_hal.o
 .debug_ranges  0x00000100       0xf8 Drivers/STM32F7xx_HAL_Driver/Src/stm32f7xx_hal_cortex.o
 .debug_ranges  0x000001f8       0x48 Drivers/STM32F7xx_HAL_Driver/Src/stm32f7xx_hal_gpio.o
 .debug_ranges  0x00000240       0x78 Drivers/STM32F7xx_HAL_Driver/Src/stm32f7xx_hal_rcc.o
 .debug_ranges  0x000002b8       0x40 Drivers/STM32F7xx_HAL_Driver/Src/stm32f7xx_hal_rcc_ex.o
 .debug_ranges  0x000002f8      0x1c8 Drivers/STM32F7xx_HAL_Driver/Src/stm32f7xx_hal_spi.o
 .debug_ranges  0x000004c0      0x358 Drivers/STM32F7xx_HAL_Driver/Src/stm32f7xx_hal_tim.o
 .debug_ranges  0x00000818      0x168 Drivers/STM32F7xx_HAL_Driver/Src/stm32f7xx_hal_tim_ex.o
 .debug_ranges  0x00000980      0x180 Drivers/STM32F7xx_HAL_Driver/Src/stm32f7xx_hal_uart.o
 .debug_ranges  0x00000b00       0x28 Middlewares/Robot/Src/WheelDrive.o
 .debug_ranges  0x00000b28      0x1c8 Middlewares/Third_Party/FreeRTOS/Source/CMSIS_RTOS/cmsis_os.o
 .debug_ranges  0x00000cf0       0x30 Middlewares/Third_Party/FreeRTOS/Source/list.o
 .debug_ranges  0x00000d20      0x1f0 Middlewares/Third_Party/FreeRTOS/Source/tasks.o
 .debug_ranges  0x00000f10       0x70 Middlewares/Third_Party/FreeRTOS/Source/portable/GCC/ARM_CM7/r0p1/port.o
 .debug_ranges  0x00000f80       0x40 Middlewares/Third_Party/FreeRTOS/Source/portable/MemMang/heap_4.o
 .debug_ranges  0x00000fc0       0x20 Src/freertos.o
 .debug_ranges  0x00000fe0       0x10 Src/gpio.o
 .debug_ranges  0x00000ff0       0x28 Src/main.o
 .debug_ranges  0x00001018       0x20 Src/spi.o
 .debug_ranges  0x00001038       0x10 Src/stm32f7xx_hal_msp.o
 .debug_ranges  0x00001048       0x20 Src/stm32f7xx_hal_timebase_TIM.o
 .debug_ranges  0x00001068       0x50 Src/stm32f7xx_it.o
 .debug_ranges  0x000010b8       0x18 Src/system_stm32f7xx.o
 .debug_ranges  0x000010d0       0x58 Src/tim.o
 .debug_ranges  0x00001128       0x20 Src/usart.o
 .debug_ranges  0x00001148       0x20 startup/startup_stm32f767xx.o

.debug_macro    0x00000000    0x2b060
 .debug_macro   0x00000000      0x36b Drivers/STM32F7xx_HAL_Driver/Src/stm32f7xx_hal.o
 .debug_macro   0x0000036b      0xa6c Drivers/STM32F7xx_HAL_Driver/Src/stm32f7xx_hal.o
 .debug_macro   0x00000dd7       0x10 Drivers/STM32F7xx_HAL_Driver/Src/stm32f7xx_hal.o
 .debug_macro   0x00000de7      0x185 Drivers/STM32F7xx_HAL_Driver/Src/stm32f7xx_hal.o
 .debug_macro   0x00000f6c       0x2e Drivers/STM32F7xx_HAL_Driver/Src/stm32f7xx_hal.o
 .debug_macro   0x00000f9a       0x3b Drivers/STM32F7xx_HAL_Driver/Src/stm32f7xx_hal.o
 .debug_macro   0x00000fd5       0x22 Drivers/STM32F7xx_HAL_Driver/Src/stm32f7xx_hal.o
 .debug_macro   0x00000ff7       0x87 Drivers/STM32F7xx_HAL_Driver/Src/stm32f7xx_hal.o
 .debug_macro   0x0000107e       0x51 Drivers/STM32F7xx_HAL_Driver/Src/stm32f7xx_hal.o
 .debug_macro   0x000010cf       0xef Drivers/STM32F7xx_HAL_Driver/Src/stm32f7xx_hal.o
 .debug_macro   0x000011be       0x6a Drivers/STM32F7xx_HAL_Driver/Src/stm32f7xx_hal.o
 .debug_macro   0x00001228      0x1df Drivers/STM32F7xx_HAL_Driver/Src/stm32f7xx_hal.o
 .debug_macro   0x00001407       0x35 Drivers/STM32F7xx_HAL_Driver/Src/stm32f7xx_hal.o
 .debug_macro   0x0000143c       0x50 Drivers/STM32F7xx_HAL_Driver/Src/stm32f7xx_hal.o
 .debug_macro   0x0000148c     0x1114 Drivers/STM32F7xx_HAL_Driver/Src/stm32f7xx_hal.o
 .debug_macro   0x000025a0    0x19f38 Drivers/STM32F7xx_HAL_Driver/Src/stm32f7xx_hal.o
 .debug_macro   0x0001c4d8       0x43 Drivers/STM32F7xx_HAL_Driver/Src/stm32f7xx_hal.o
 .debug_macro   0x0001c51b     0x35cf Drivers/STM32F7xx_HAL_Driver/Src/stm32f7xx_hal.o
 .debug_macro   0x0001faea       0x58 Drivers/STM32F7xx_HAL_Driver/Src/stm32f7xx_hal.o
 .debug_macro   0x0001fb42       0x17 Drivers/STM32F7xx_HAL_Driver/Src/stm32f7xx_hal.o
 .debug_macro   0x0001fb59       0x35 Drivers/STM32F7xx_HAL_Driver/Src/stm32f7xx_hal.o
 .debug_macro   0x0001fb8e       0x9c Drivers/STM32F7xx_HAL_Driver/Src/stm32f7xx_hal.o
 .debug_macro   0x0001fc2a       0x16 Drivers/STM32F7xx_HAL_Driver/Src/stm32f7xx_hal.o
 .debug_macro   0x0001fc40       0x97 Drivers/STM32F7xx_HAL_Driver/Src/stm32f7xx_hal.o
 .debug_macro   0x0001fcd7      0x330 Drivers/STM32F7xx_HAL_Driver/Src/stm32f7xx_hal.o
 .debug_macro   0x00020007       0xfd Drivers/STM32F7xx_HAL_Driver/Src/stm32f7xx_hal.o
 .debug_macro   0x00020104       0x10 Drivers/STM32F7xx_HAL_Driver/Src/stm32f7xx_hal.o
 .debug_macro   0x00020114       0x58 Drivers/STM32F7xx_HAL_Driver/Src/stm32f7xx_hal.o
 .debug_macro   0x0002016c       0x1f Drivers/STM32F7xx_HAL_Driver/Src/stm32f7xx_hal.o
 .debug_macro   0x0002018b       0x43 Drivers/STM32F7xx_HAL_Driver/Src/stm32f7xx_hal.o
 .debug_macro   0x000201ce       0x20 Drivers/STM32F7xx_HAL_Driver/Src/stm32f7xx_hal.o
 .debug_macro   0x000201ee      0x18e Drivers/STM32F7xx_HAL_Driver/Src/stm32f7xx_hal.o
 .debug_macro   0x0002037c       0x10 Drivers/STM32F7xx_HAL_Driver/Src/stm32f7xx_hal.o
 .debug_macro   0x0002038c       0x1c Drivers/STM32F7xx_HAL_Driver/Src/stm32f7xx_hal.o
 .debug_macro   0x000203a8       0x52 Drivers/STM32F7xx_HAL_Driver/Src/stm32f7xx_hal.o
 .debug_macro   0x000203fa       0x40 Drivers/STM32F7xx_HAL_Driver/Src/stm32f7xx_hal.o
 .debug_macro   0x0002043a       0x10 Drivers/STM32F7xx_HAL_Driver/Src/stm32f7xx_hal.o
 .debug_macro   0x0002044a       0x40 Drivers/STM32F7xx_HAL_Driver/Src/stm32f7xx_hal.o
 .debug_macro   0x0002048a       0xd7 Drivers/STM32F7xx_HAL_Driver/Src/stm32f7xx_hal.o
 .debug_macro   0x00020561       0x1c Drivers/STM32F7xx_HAL_Driver/Src/stm32f7xx_hal.o
 .debug_macro   0x0002057d       0x3d Drivers/STM32F7xx_HAL_Driver/Src/stm32f7xx_hal.o
 .debug_macro   0x000205ba       0x16 Drivers/STM32F7xx_HAL_Driver/Src/stm32f7xx_hal.o
 .debug_macro   0x000205d0      0x16f Drivers/STM32F7xx_HAL_Driver/Src/stm32f7xx_hal.o
 .debug_macro   0x0002073f       0x57 Drivers/STM32F7xx_HAL_Driver/Src/stm32f7xx_hal.o
 .debug_macro   0x00020796     0x1add Drivers/STM32F7xx_HAL_Driver/Src/stm32f7xx_hal.o
 .debug_macro   0x00022273      0x6ca Drivers/STM32F7xx_HAL_Driver/Src/stm32f7xx_hal.o
 .debug_macro   0x0002293d      0x11e Drivers/STM32F7xx_HAL_Driver/Src/stm32f7xx_hal.o
 .debug_macro   0x00022a5b      0x277 Drivers/STM32F7xx_HAL_Driver/Src/stm32f7xx_hal.o
 .debug_macro   0x00022cd2       0x27 Drivers/STM32F7xx_HAL_Driver/Src/stm32f7xx_hal.o
 .debug_macro   0x00022cf9      0x24f Drivers/STM32F7xx_HAL_Driver/Src/stm32f7xx_hal.o
 .debug_macro   0x00022f48       0x71 Drivers/STM32F7xx_HAL_Driver/Src/stm32f7xx_hal.o
 .debug_macro   0x00022fb9       0x58 Drivers/STM32F7xx_HAL_Driver/Src/stm32f7xx_hal.o
 .debug_macro   0x00023011      0x23a Drivers/STM32F7xx_HAL_Driver/Src/stm32f7xx_hal.o
 .debug_macro   0x0002324b      0x156 Drivers/STM32F7xx_HAL_Driver/Src/stm32f7xx_hal.o
 .debug_macro   0x000233a1      0x3de Drivers/STM32F7xx_HAL_Driver/Src/stm32f7xx_hal.o
 .debug_macro   0x0002377f       0x12 Drivers/STM32F7xx_HAL_Driver/Src/stm32f7xx_hal.o
 .debug_macro   0x00023791      0x209 Drivers/STM32F7xx_HAL_Driver/Src/stm32f7xx_hal.o
 .debug_macro   0x0002399a       0x61 Drivers/STM32F7xx_HAL_Driver/Src/stm32f7xx_hal.o
 .debug_macro   0x000239fb       0x90 Drivers/STM32F7xx_HAL_Driver/Src/stm32f7xx_hal.o
 .debug_macro   0x00023a8b      0x132 Drivers/STM32F7xx_HAL_Driver/Src/stm32f7xx_hal.o
 .debug_macro   0x00023bbd      0x10c Drivers/STM32F7xx_HAL_Driver/Src/stm32f7xx_hal.o
 .debug_macro   0x00023cc9       0x35 Drivers/STM32F7xx_HAL_Driver/Src/stm32f7xx_hal.o
 .debug_macro   0x00023cfe      0x2e2 Drivers/STM32F7xx_HAL_Driver/Src/stm32f7xx_hal.o
 .debug_macro   0x00023fe0      0x65b Drivers/STM32F7xx_HAL_Driver/Src/stm32f7xx_hal.o
 .debug_macro   0x0002463b      0x2aa Drivers/STM32F7xx_HAL_Driver/Src/stm32f7xx_hal.o
 .debug_macro   0x000248e5      0x169 Drivers/STM32F7xx_HAL_Driver/Src/stm32f7xx_hal.o
 .debug_macro   0x00024a4e      0x4e8 Drivers/STM32F7xx_HAL_Driver/Src/stm32f7xx_hal.o
 .debug_macro   0x00024f36       0x47 Drivers/STM32F7xx_HAL_Driver/Src/stm32f7xx_hal.o
 .debug_macro   0x00024f7d      0x16c Drivers/STM32F7xx_HAL_Driver/Src/stm32f7xx_hal.o
 .debug_macro   0x000250e9      0x347 Drivers/STM32F7xx_HAL_Driver/Src/stm32f7xx_hal_cortex.o
 .debug_macro   0x00025430      0x37f Drivers/STM32F7xx_HAL_Driver/Src/stm32f7xx_hal_gpio.o
 .debug_macro   0x000257af      0x36b Drivers/STM32F7xx_HAL_Driver/Src/stm32f7xx_hal_rcc.o
 .debug_macro   0x00025b1a      0x347 Drivers/STM32F7xx_HAL_Driver/Src/stm32f7xx_hal_rcc_ex.o
 .debug_macro   0x00025e61      0x34f Drivers/STM32F7xx_HAL_Driver/Src/stm32f7xx_hal_spi.o
 .debug_macro   0x000261b0      0x348 Drivers/STM32F7xx_HAL_Driver/Src/stm32f7xx_hal_tim.o
 .debug_macro   0x000264f8      0x353 Drivers/STM32F7xx_HAL_Driver/Src/stm32f7xx_hal_tim_ex.o
 .debug_macro   0x0002684b      0x34f Drivers/STM32F7xx_HAL_Driver/Src/stm32f7xx_hal_uart.o
 .debug_macro   0x00026b9a      0x35b Middlewares/Robot/Src/WheelDrive.o
 .debug_macro   0x00026ef5      0x35b Middlewares/Robot/Src/WheelDriveSystem.o
 .debug_macro   0x00027250      0x1fc Middlewares/Third_Party/FreeRTOS/Source/CMSIS_RTOS/cmsis_os.o
 .debug_macro   0x0002744c       0x52 Middlewares/Third_Party/FreeRTOS/Source/CMSIS_RTOS/cmsis_os.o
 .debug_macro   0x0002749e       0x8d Middlewares/Third_Party/FreeRTOS/Source/CMSIS_RTOS/cmsis_os.o
 .debug_macro   0x0002752b      0x174 Middlewares/Third_Party/FreeRTOS/Source/CMSIS_RTOS/cmsis_os.o
 .debug_macro   0x0002769f       0x57 Middlewares/Third_Party/FreeRTOS/Source/CMSIS_RTOS/cmsis_os.o
 .debug_macro   0x000276f6       0x10 Middlewares/Third_Party/FreeRTOS/Source/CMSIS_RTOS/cmsis_os.o
 .debug_macro   0x00027706       0x35 Middlewares/Third_Party/FreeRTOS/Source/CMSIS_RTOS/cmsis_os.o
 .debug_macro   0x0002773b       0xd2 Middlewares/Third_Party/FreeRTOS/Source/CMSIS_RTOS/cmsis_os.o
 .debug_macro   0x0002780d      0x168 Middlewares/Third_Party/FreeRTOS/Source/CMSIS_RTOS/cmsis_os.o
 .debug_macro   0x00027975       0xe4 Middlewares/Third_Party/FreeRTOS/Source/CMSIS_RTOS/cmsis_os.o
 .debug_macro   0x00027a59       0x10 Middlewares/Third_Party/FreeRTOS/Source/CMSIS_RTOS/cmsis_os.o
 .debug_macro   0x00027a69       0x26 Middlewares/Third_Party/FreeRTOS/Source/CMSIS_RTOS/cmsis_os.o
 .debug_macro   0x00027a8f      0x40f Middlewares/Third_Party/FreeRTOS/Source/CMSIS_RTOS/cmsis_os.o
 .debug_macro   0x00027e9e       0xc0 Middlewares/Third_Party/FreeRTOS/Source/CMSIS_RTOS/cmsis_os.o
 .debug_macro   0x00027f5e       0x8c Middlewares/Third_Party/FreeRTOS/Source/CMSIS_RTOS/cmsis_os.o
 .debug_macro   0x00027fea       0x91 Middlewares/Third_Party/FreeRTOS/Source/CMSIS_RTOS/cmsis_os.o
 .debug_macro   0x0002807b       0x94 Middlewares/Third_Party/FreeRTOS/Source/CMSIS_RTOS/cmsis_os.o
 .debug_macro   0x0002810f       0x63 Middlewares/Third_Party/FreeRTOS/Source/CMSIS_RTOS/cmsis_os.o
 .debug_macro   0x00028172       0x19 Middlewares/Third_Party/FreeRTOS/Source/CMSIS_RTOS/cmsis_os.o
 .debug_macro   0x0002818b       0xcf Middlewares/Third_Party/FreeRTOS/Source/CMSIS_RTOS/cmsis_os.o
 .debug_macro   0x0002825a       0x26 Middlewares/Third_Party/FreeRTOS/Source/CMSIS_RTOS/cmsis_os.o
 .debug_macro   0x00028280      0x18a Middlewares/Third_Party/FreeRTOS/Source/list.o
 .debug_macro   0x0002840a      0x273 Middlewares/Third_Party/FreeRTOS/Source/tasks.o
 .debug_macro   0x0002867d       0x11 Middlewares/Third_Party/FreeRTOS/Source/tasks.o
 .debug_macro   0x0002868e      0x198 Middlewares/Third_Party/FreeRTOS/Source/portable/GCC/ARM_CM7/r0p1/port.o
 .debug_macro   0x00028826      0x1b1 Middlewares/Third_Party/FreeRTOS/Source/portable/MemMang/heap_4.o
 .debug_macro   0x000289d7      0x456 Src/freertos.o
 .debug_macro   0x00028e2d      0x18b Src/freertos.o
 .debug_macro   0x00028fb8       0x3b Src/freertos.o
 .debug_macro   0x00028ff3      0x351 Src/gpio.o
 .debug_macro   0x00029344      0x449 Src/main.o
 .debug_macro   0x0002978d       0xd8 Src/main.o
 .debug_macro   0x00029865      0x35b Src/spi.o
 .debug_macro   0x00029bc0      0x347 Src/stm32f7xx_hal_msp.o
 .debug_macro   0x00029f07      0x347 Src/stm32f7xx_hal_timebase_TIM.o
 .debug_macro   0x0002a24e      0x40f Src/stm32f7xx_it.o
 .debug_macro   0x0002a65d      0x34d Src/system_stm32f7xx.o
 .debug_macro   0x0002a9aa      0x35b Src/tim.o
 .debug_macro   0x0002ad05      0x35b Src/usart.o

.debug_line     0x00000000    0x12a43
 .debug_line    0x00000000      0xaff Drivers/STM32F7xx_HAL_Driver/Src/stm32f7xx_hal.o
 .debug_line    0x00000aff      0xaf4 Drivers/STM32F7xx_HAL_Driver/Src/stm32f7xx_hal_cortex.o
 .debug_line    0x000015f3      0xa44 Drivers/STM32F7xx_HAL_Driver/Src/stm32f7xx_hal_gpio.o
 .debug_line    0x00002037      0xb7b Drivers/STM32F7xx_HAL_Driver/Src/stm32f7xx_hal_rcc.o
 .debug_line    0x00002bb2      0xafd Drivers/STM32F7xx_HAL_Driver/Src/stm32f7xx_hal_rcc_ex.o
 .debug_line    0x000036af     0x1349 Drivers/STM32F7xx_HAL_Driver/Src/stm32f7xx_hal_spi.o
 .debug_line    0x000049f8     0x188c Drivers/STM32F7xx_HAL_Driver/Src/stm32f7xx_hal_tim.o
 .debug_line    0x00006284     0x100e Drivers/STM32F7xx_HAL_Driver/Src/stm32f7xx_hal_tim_ex.o
 .debug_line    0x00007292     0x1270 Drivers/STM32F7xx_HAL_Driver/Src/stm32f7xx_hal_uart.o
 .debug_line    0x00008502      0x9d5 Middlewares/Robot/Src/WheelDrive.o
 .debug_line    0x00008ed7      0x936 Middlewares/Robot/Src/WheelDriveSystem.o
 .debug_line    0x0000980d      0xc6b Middlewares/Third_Party/FreeRTOS/Source/CMSIS_RTOS/cmsis_os.o
 .debug_line    0x0000a478      0x5e1 Middlewares/Third_Party/FreeRTOS/Source/list.o
 .debug_line    0x0000aa59      0xe78 Middlewares/Third_Party/FreeRTOS/Source/tasks.o
 .debug_line    0x0000b8d1      0x66c Middlewares/Third_Party/FreeRTOS/Source/portable/GCC/ARM_CM7/r0p1/port.o
 .debug_line    0x0000bf3d      0x694 Middlewares/Third_Party/FreeRTOS/Source/portable/MemMang/heap_4.o
 .debug_line    0x0000c5d1      0xc39 Src/freertos.o
 .debug_line    0x0000d20a      0x8bf Src/gpio.o
 .debug_line    0x0000dac9      0xc2c Src/main.o
 .debug_line    0x0000e6f5      0x8fd Src/spi.o
 .debug_line    0x0000eff2      0x8b6 Src/stm32f7xx_hal_msp.o
 .debug_line    0x0000f8a8      0x8e8 Src/stm32f7xx_hal_timebase_TIM.o
 .debug_line    0x00010190      0xc1b Src/stm32f7xx_it.o
 .debug_line    0x00010dab      0x8de Src/system_stm32f7xx.o
 .debug_line    0x00011689      0xa44 Src/tim.o
 .debug_line    0x000120cd      0x8f7 Src/usart.o
 .debug_line    0x000129c4       0x7f startup/startup_stm32f767xx.o

.debug_str      0x00000000    0xfa863
 .debug_str     0x00000000    0xef4a4 Drivers/STM32F7xx_HAL_Driver/Src/stm32f7xx_hal.o
                              0xef8a5 (size before relaxing)
 .debug_str     0x000ef4a4      0x45d Drivers/STM32F7xx_HAL_Driver/Src/stm32f7xx_hal_cortex.o
                              0xef848 (size before relaxing)
 .debug_str     0x000ef901      0x2ca Drivers/STM32F7xx_HAL_Driver/Src/stm32f7xx_hal_gpio.o
                              0xef039 (size before relaxing)
 .debug_str     0x000efbcb      0x3b9 Drivers/STM32F7xx_HAL_Driver/Src/stm32f7xx_hal_rcc.o
                              0xef1b3 (size before relaxing)
 .debug_str     0x000eff84      0x3c9 Drivers/STM32F7xx_HAL_Driver/Src/stm32f7xx_hal_rcc_ex.o
                              0xef158 (size before relaxing)
 .debug_str     0x000f034d      0x97e Drivers/STM32F7xx_HAL_Driver/Src/stm32f7xx_hal_spi.o
                              0xef60e (size before relaxing)
 .debug_str     0x000f0ccb      0xe96 Drivers/STM32F7xx_HAL_Driver/Src/stm32f7xx_hal_tim.o
                              0xefdfa (size before relaxing)
 .debug_str     0x000f1b61      0x646 Drivers/STM32F7xx_HAL_Driver/Src/stm32f7xx_hal_tim_ex.o
                              0xef969 (size before relaxing)
 .debug_str     0x000f21a7      0x7cb Drivers/STM32F7xx_HAL_Driver/Src/stm32f7xx_hal_uart.o
                              0xef8a7 (size before relaxing)
 .debug_str     0x000f2972       0xe0 Middlewares/Robot/Src/WheelDrive.o
                              0xef1d8 (size before relaxing)
 .debug_str     0x000f2a52       0x73 Middlewares/Robot/Src/WheelDriveSystem.o
                              0xeec5b (size before relaxing)
 .debug_str     0x000f2ac5     0x5d2f Middlewares/Third_Party/FreeRTOS/Source/CMSIS_RTOS/cmsis_os.o
                               0xcb90 (size before relaxing)
 .debug_str     0x000f87f4      0x234 Middlewares/Third_Party/FreeRTOS/Source/list.o
                               0x9e20 (size before relaxing)
 .debug_str     0x000f8a28     0x10b7 Middlewares/Third_Party/FreeRTOS/Source/tasks.o
                               0xbeb3 (size before relaxing)
 .debug_str     0x000f9adf      0x6fb Middlewares/Third_Party/FreeRTOS/Source/portable/GCC/ARM_CM7/r0p1/port.o
                               0x7d43 (size before relaxing)
 .debug_str     0x000fa1da      0x243 Middlewares/Third_Party/FreeRTOS/Source/portable/MemMang/heap_4.o
                               0xa560 (size before relaxing)
 .debug_str     0x000fa41d       0xf0 Src/freertos.o
                              0xf47d6 (size before relaxing)
 .debug_str     0x000fa50d       0x25 Src/gpio.o
                              0xef426 (size before relaxing)
 .debug_str     0x000fa532       0xde Src/main.o
                              0xf549e (size before relaxing)
 .debug_str     0x000fa610       0x17 Src/spi.o
                              0xef25b (size before relaxing)
 .debug_str     0x000fa627       0x1b Src/stm32f7xx_hal_msp.o
                              0xef375 (size before relaxing)
 .debug_str     0x000fa642       0x62 Src/stm32f7xx_hal_timebase_TIM.o
                              0xef90e (size before relaxing)
 .debug_str     0x000fa6a4       0xd0 Src/stm32f7xx_it.o
                              0xf43c5 (size before relaxing)
 .debug_str     0x000fa774       0x5a Src/system_stm32f7xx.o
                              0xeee5e (size before relaxing)
 .debug_str     0x000fa7ce       0x4b Src/tim.o
                              0xef5a1 (size before relaxing)
 .debug_str     0x000fa819       0x1a Src/usart.o
                              0xef2e1 (size before relaxing)
 .debug_str     0x000fa833       0x30 startup/startup_stm32f767xx.o
                                 0x83 (size before relaxing)

.comment        0x00000000       0x7e
 .comment       0x00000000       0x7e Drivers/STM32F7xx_HAL_Driver/Src/stm32f7xx_hal.o
                                 0x7f (size before relaxing)
 .comment       0x0000007e       0x7f Drivers/STM32F7xx_HAL_Driver/Src/stm32f7xx_hal_cortex.o
 .comment       0x0000007e       0x7f Drivers/STM32F7xx_HAL_Driver/Src/stm32f7xx_hal_gpio.o
 .comment       0x0000007e       0x7f Drivers/STM32F7xx_HAL_Driver/Src/stm32f7xx_hal_rcc.o
 .comment       0x0000007e       0x7f Drivers/STM32F7xx_HAL_Driver/Src/stm32f7xx_hal_rcc_ex.o
 .comment       0x0000007e       0x7f Drivers/STM32F7xx_HAL_Driver/Src/stm32f7xx_hal_spi.o
 .comment       0x0000007e       0x7f Drivers/STM32F7xx_HAL_Driver/Src/stm32f7xx_hal_tim.o
 .comment       0x0000007e       0x7f Drivers/STM32F7xx_HAL_Driver/Src/stm32f7xx_hal_tim_ex.o
 .comment       0x0000007e       0x7f Drivers/STM32F7xx_HAL_Driver/Src/stm32f7xx_hal_uart.o
 .comment       0x0000007e       0x7f Middlewares/Robot/Src/WheelDrive.o
 .comment       0x0000007e       0x7f Middlewares/Robot/Src/WheelDriveSystem.o
 .comment       0x0000007e       0x7f Middlewares/Third_Party/FreeRTOS/Source/CMSIS_RTOS/cmsis_os.o
 .comment       0x0000007e       0x7f Middlewares/Third_Party/FreeRTOS/Source/list.o
 .comment       0x0000007e       0x7f Middlewares/Third_Party/FreeRTOS/Source/tasks.o
 .comment       0x0000007e       0x7f Middlewares/Third_Party/FreeRTOS/Source/portable/GCC/ARM_CM7/r0p1/port.o
 .comment       0x0000007e       0x7f Middlewares/Third_Party/FreeRTOS/Source/portable/MemMang/heap_4.o
 .comment       0x0000007e       0x7f Src/freertos.o
 .comment       0x0000007e       0x7f Src/gpio.o
 .comment       0x0000007e       0x7f Src/main.o
 .comment       0x0000007e       0x7f Src/spi.o
 .comment       0x0000007e       0x7f Src/stm32f7xx_hal_msp.o
 .comment       0x0000007e       0x7f Src/stm32f7xx_hal_timebase_TIM.o
 .comment       0x0000007e       0x7f Src/stm32f7xx_it.o
 .comment       0x0000007e       0x7f Src/system_stm32f7xx.o
 .comment       0x0000007e       0x7f Src/tim.o
 .comment       0x0000007e       0x7f Src/usart.o

.debug_frame    0x00000000     0x3130
 .debug_frame   0x00000000      0x22c Drivers/STM32F7xx_HAL_Driver/Src/stm32f7xx_hal.o
 .debug_frame   0x0000022c      0x15c Drivers/STM32F7xx_HAL_Driver/Src/stm32f7xx_hal_cortex.o
 .debug_frame   0x00000388       0xd8 Drivers/STM32F7xx_HAL_Driver/Src/stm32f7xx_hal_gpio.o
 .debug_frame   0x00000460      0x190 Drivers/STM32F7xx_HAL_Driver/Src/stm32f7xx_hal_rcc.o
 .debug_frame   0x000005f0       0xcc Drivers/STM32F7xx_HAL_Driver/Src/stm32f7xx_hal_rcc_ex.o
 .debug_frame   0x000006bc      0x5b0 Drivers/STM32F7xx_HAL_Driver/Src/stm32f7xx_hal_spi.o
 .debug_frame   0x00000c6c      0x9f4 Drivers/STM32F7xx_HAL_Driver/Src/stm32f7xx_hal_tim.o
 .debug_frame   0x00001660      0x474 Drivers/STM32F7xx_HAL_Driver/Src/stm32f7xx_hal_tim_ex.o
 .debug_frame   0x00001ad4      0x458 Drivers/STM32F7xx_HAL_Driver/Src/stm32f7xx_hal_uart.o
 .debug_frame   0x00001f2c       0x94 Middlewares/Robot/Src/WheelDrive.o
 .debug_frame   0x00001fc0      0x584 Middlewares/Third_Party/FreeRTOS/Source/CMSIS_RTOS/cmsis_os.o
 .debug_frame   0x00002544       0x6c Middlewares/Third_Party/FreeRTOS/Source/list.o
 .debug_frame   0x000025b0      0x4e8 Middlewares/Third_Party/FreeRTOS/Source/tasks.o
 .debug_frame   0x00002a98       0xf0 Middlewares/Third_Party/FreeRTOS/Source/portable/GCC/ARM_CM7/r0p1/port.o
 .debug_frame   0x00002b88       0xac Middlewares/Third_Party/FreeRTOS/Source/portable/MemMang/heap_4.o
 .debug_frame   0x00002c34       0x64 Src/freertos.o
 .debug_frame   0x00002c98       0x34 Src/gpio.o
 .debug_frame   0x00002ccc       0x70 Src/main.o
 .debug_frame   0x00002d3c       0x64 Src/spi.o
 .debug_frame   0x00002da0       0x2c Src/stm32f7xx_hal_msp.o
 .debug_frame   0x00002dcc       0x50 Src/stm32f7xx_hal_timebase_TIM.o
 .debug_frame   0x00002e1c       0xc0 Src/stm32f7xx_it.o
 .debug_frame   0x00002edc       0x3c Src/system_stm32f7xx.o
 .debug_frame   0x00002f18      0x130 Src/tim.o
 .debug_frame   0x00003048       0x5c Src/usart.o
 .debug_frame   0x000030a4       0x2c c:/ac6/systemworkbench/plugins/fr.ac6.mcu.externaltools.arm-none.win32_1.16.0.201807130628/tools/compiler/bin/../lib/gcc/arm-none-eabi/7.2.1/thumb/v7e-m/fpv5/hard\libgcc.a(_aeabi_uldivmod.o)
 .debug_frame   0x000030d0       0x34 c:/ac6/systemworkbench/plugins/fr.ac6.mcu.externaltools.arm-none.win32_1.16.0.201807130628/tools/compiler/bin/../lib/gcc/arm-none-eabi/7.2.1/thumb/v7e-m/fpv5/hard\libgcc.a(_udivmoddi4.o)
 .debug_frame   0x00003104       0x2c c:/ac6/systemworkbench/plugins/fr.ac6.mcu.externaltools.arm-none.win32_1.16.0.201807130628/tools/compiler/bin/../lib/gcc/arm-none-eabi/7.2.1/../../../../arm-none-eabi/lib/thumb/v7e-m/fpv5/hard\libc_nano.a(lib_a-init.o)
