Archive member included to satisfy reference by file (symbol)

d:/programy/studia/ac6/systemworkbench/plugins/fr.ac6.mcu.externaltools.arm-none.win32_1.17.0.201812190825/tools/compiler/bin/../lib/gcc/arm-none-eabi/7.3.1/../../../../arm-none-eabi/lib/thumb/v7e-m/fpv5/hard\libm.a(lib_a-w_pow.o)
                              Src/Libraries/SharpProximitySensors.o (pow)
d:/programy/studia/ac6/systemworkbench/plugins/fr.ac6.mcu.externaltools.arm-none.win32_1.17.0.201812190825/tools/compiler/bin/../lib/gcc/arm-none-eabi/7.3.1/../../../../arm-none-eabi/lib/thumb/v7e-m/fpv5/hard\libm.a(lib_a-e_pow.o)
                              d:/programy/studia/ac6/systemworkbench/plugins/fr.ac6.mcu.externaltools.arm-none.win32_1.17.0.201812190825/tools/compiler/bin/../lib/gcc/arm-none-eabi/7.3.1/../../../../arm-none-eabi/lib/thumb/v7e-m/fpv5/hard\libm.a(lib_a-w_pow.o) (__ieee754_pow)
d:/programy/studia/ac6/systemworkbench/plugins/fr.ac6.mcu.externaltools.arm-none.win32_1.17.0.201812190825/tools/compiler/bin/../lib/gcc/arm-none-eabi/7.3.1/../../../../arm-none-eabi/lib/thumb/v7e-m/fpv5/hard\libm.a(lib_a-e_sqrt.o)
                              d:/programy/studia/ac6/systemworkbench/plugins/fr.ac6.mcu.externaltools.arm-none.win32_1.17.0.201812190825/tools/compiler/bin/../lib/gcc/arm-none-eabi/7.3.1/../../../../arm-none-eabi/lib/thumb/v7e-m/fpv5/hard\libm.a(lib_a-e_pow.o) (__ieee754_sqrt)
d:/programy/studia/ac6/systemworkbench/plugins/fr.ac6.mcu.externaltools.arm-none.win32_1.17.0.201812190825/tools/compiler/bin/../lib/gcc/arm-none-eabi/7.3.1/../../../../arm-none-eabi/lib/thumb/v7e-m/fpv5/hard\libm.a(lib_a-s_fabs.o)
                              d:/programy/studia/ac6/systemworkbench/plugins/fr.ac6.mcu.externaltools.arm-none.win32_1.17.0.201812190825/tools/compiler/bin/../lib/gcc/arm-none-eabi/7.3.1/../../../../arm-none-eabi/lib/thumb/v7e-m/fpv5/hard\libm.a(lib_a-e_pow.o) (fabs)
d:/programy/studia/ac6/systemworkbench/plugins/fr.ac6.mcu.externaltools.arm-none.win32_1.17.0.201812190825/tools/compiler/bin/../lib/gcc/arm-none-eabi/7.3.1/../../../../arm-none-eabi/lib/thumb/v7e-m/fpv5/hard\libm.a(lib_a-s_finite.o)
                              d:/programy/studia/ac6/systemworkbench/plugins/fr.ac6.mcu.externaltools.arm-none.win32_1.17.0.201812190825/tools/compiler/bin/../lib/gcc/arm-none-eabi/7.3.1/../../../../arm-none-eabi/lib/thumb/v7e-m/fpv5/hard\libm.a(lib_a-w_pow.o) (finite)
d:/programy/studia/ac6/systemworkbench/plugins/fr.ac6.mcu.externaltools.arm-none.win32_1.17.0.201812190825/tools/compiler/bin/../lib/gcc/arm-none-eabi/7.3.1/../../../../arm-none-eabi/lib/thumb/v7e-m/fpv5/hard\libm.a(lib_a-s_lib_ver.o)
                              d:/programy/studia/ac6/systemworkbench/plugins/fr.ac6.mcu.externaltools.arm-none.win32_1.17.0.201812190825/tools/compiler/bin/../lib/gcc/arm-none-eabi/7.3.1/../../../../arm-none-eabi/lib/thumb/v7e-m/fpv5/hard\libm.a(lib_a-w_pow.o) (__fdlib_version)
d:/programy/studia/ac6/systemworkbench/plugins/fr.ac6.mcu.externaltools.arm-none.win32_1.17.0.201812190825/tools/compiler/bin/../lib/gcc/arm-none-eabi/7.3.1/../../../../arm-none-eabi/lib/thumb/v7e-m/fpv5/hard\libm.a(lib_a-s_matherr.o)
                              d:/programy/studia/ac6/systemworkbench/plugins/fr.ac6.mcu.externaltools.arm-none.win32_1.17.0.201812190825/tools/compiler/bin/../lib/gcc/arm-none-eabi/7.3.1/../../../../arm-none-eabi/lib/thumb/v7e-m/fpv5/hard\libm.a(lib_a-w_pow.o) (matherr)
d:/programy/studia/ac6/systemworkbench/plugins/fr.ac6.mcu.externaltools.arm-none.win32_1.17.0.201812190825/tools/compiler/bin/../lib/gcc/arm-none-eabi/7.3.1/../../../../arm-none-eabi/lib/thumb/v7e-m/fpv5/hard\libm.a(lib_a-s_nan.o)
                              d:/programy/studia/ac6/systemworkbench/plugins/fr.ac6.mcu.externaltools.arm-none.win32_1.17.0.201812190825/tools/compiler/bin/../lib/gcc/arm-none-eabi/7.3.1/../../../../arm-none-eabi/lib/thumb/v7e-m/fpv5/hard\libm.a(lib_a-e_pow.o) (nan)
d:/programy/studia/ac6/systemworkbench/plugins/fr.ac6.mcu.externaltools.arm-none.win32_1.17.0.201812190825/tools/compiler/bin/../lib/gcc/arm-none-eabi/7.3.1/../../../../arm-none-eabi/lib/thumb/v7e-m/fpv5/hard\libm.a(lib_a-s_rint.o)
                              d:/programy/studia/ac6/systemworkbench/plugins/fr.ac6.mcu.externaltools.arm-none.win32_1.17.0.201812190825/tools/compiler/bin/../lib/gcc/arm-none-eabi/7.3.1/../../../../arm-none-eabi/lib/thumb/v7e-m/fpv5/hard\libm.a(lib_a-w_pow.o) (rint)
d:/programy/studia/ac6/systemworkbench/plugins/fr.ac6.mcu.externaltools.arm-none.win32_1.17.0.201812190825/tools/compiler/bin/../lib/gcc/arm-none-eabi/7.3.1/../../../../arm-none-eabi/lib/thumb/v7e-m/fpv5/hard\libm.a(lib_a-s_scalbn.o)
                              d:/programy/studia/ac6/systemworkbench/plugins/fr.ac6.mcu.externaltools.arm-none.win32_1.17.0.201812190825/tools/compiler/bin/../lib/gcc/arm-none-eabi/7.3.1/../../../../arm-none-eabi/lib/thumb/v7e-m/fpv5/hard\libm.a(lib_a-e_pow.o) (scalbn)
[...]
Memory Configuration

Name             Origin             Length             Attributes
RAM              0x20000000         0x00080000         xrw
FLASH            0x08000000         0x00200000         xr
*default*        0x00000000         0xffffffff

Linker script and memory map

LOAD d:/programy/studia/ac6/systemworkbench/plugins/fr.ac6.mcu.externaltools.arm-none.win32_1.17.0.201812190825/tools/compiler/bin/../lib/gcc/arm-none-eabi/7.3.1/thumb/v7e-m/fpv5/hard/crti.o
LOAD d:/programy/studia/ac6/systemworkbench/plugins/fr.ac6.mcu.externaltools.arm-none.win32_1.17.0.201812190825/tools/compiler/bin/../lib/gcc/arm-none-eabi/7.3.1/thumb/v7e-m/fpv5/hard/crtbegin.o
LOAD d:/programy/studia/ac6/systemworkbench/plugins/fr.ac6.mcu.externaltools.arm-none.win32_1.17.0.201812190825/tools/compiler/bin/../lib/gcc/arm-none-eabi/7.3.1/../../../../arm-none-eabi/lib/thumb/v7e-m/fpv5/hard/crt0.o
LOAD Drivers/STM32F7xx_HAL_Driver/Src/stm32f7xx_hal.o
LOAD Drivers/STM32F7xx_HAL_Driver/Src/stm32f7xx_hal_adc.o
LOAD Drivers/STM32F7xx_HAL_Driver/Src/stm32f7xx_hal_adc_ex.o
LOAD Drivers/STM32F7xx_HAL_Driver/Src/stm32f7xx_hal_cortex.o
LOAD Drivers/STM32F7xx_HAL_Driver/Src/stm32f7xx_hal_dma.o
LOAD Drivers/STM32F7xx_HAL_Driver/Src/stm32f7xx_hal_dma_ex.o
LOAD Drivers/STM32F7xx_HAL_Driver/Src/stm32f7xx_hal_exti.o
LOAD Drivers/STM32F7xx_HAL_Driver/Src/stm32f7xx_hal_flash.o
LOAD Drivers/STM32F7xx_HAL_Driver/Src/stm32f7xx_hal_flash_ex.o
LOAD Drivers/STM32F7xx_HAL_Driver/Src/stm32f7xx_hal_gpio.o
LOAD Drivers/STM32F7xx_HAL_Driver/Src/stm32f7xx_hal_i2c.o
LOAD Drivers/STM32F7xx_HAL_Driver/Src/stm32f7xx_hal_i2c_ex.o
LOAD Drivers/STM32F7xx_HAL_Driver/Src/stm32f7xx_hal_pwr.o
LOAD Drivers/STM32F7xx_HAL_Driver/Src/stm32f7xx_hal_pwr_ex.o
LOAD Drivers/STM32F7xx_HAL_Driver/Src/stm32f7xx_hal_rcc.o
LOAD Drivers/STM32F7xx_HAL_Driver/Src/stm32f7xx_hal_rcc_ex.o
LOAD Drivers/STM32F7xx_HAL_Driver/Src/stm32f7xx_hal_spi.o
LOAD Drivers/STM32F7xx_HAL_Driver/Src/stm32f7xx_hal_spi_ex.o
LOAD Drivers/STM32F7xx_HAL_Driver/Src/stm32f7xx_hal_tim.o
LOAD Drivers/STM32F7xx_HAL_Driver/Src/stm32f7xx_hal_tim_ex.o
LOAD Drivers/STM32F7xx_HAL_Driver/Src/stm32f7xx_hal_uart.o
LOAD Drivers/STM32F7xx_HAL_Driver/Src/stm32f7xx_hal_uart_ex.o
LOAD Middlewares/Third_Party/FreeRTOS/Source/CMSIS_RTOS/cmsis_os.o
LOAD Middlewares/Third_Party/FreeRTOS/Source/croutine.o
LOAD Middlewares/Third_Party/FreeRTOS/Source/event_groups.o
LOAD Middlewares/Third_Party/FreeRTOS/Source/list.o
LOAD Middlewares/Third_Party/FreeRTOS/Source/queue.o
LOAD Middlewares/Third_Party/FreeRTOS/Source/stream_buffer.o
LOAD Middlewares/Third_Party/FreeRTOS/Source/tasks.o
LOAD Middlewares/Third_Party/FreeRTOS/Source/timers.o
LOAD Middlewares/Third_Party/FreeRTOS/Source/portable/GCC/ARM_CM7/r0p1/port.o
LOAD Middlewares/Third_Party/FreeRTOS/Source/portable/MemMang/heap_4.o
LOAD Src/Libraries/MonolithDrive.o
LOAD Src/Libraries/SharpProximitySensors.o
LOAD Src/adc.o
LOAD Src/dma.o
LOAD Src/freertos.o
LOAD Src/gpio.o
LOAD Src/main.o
LOAD Src/spi.o
LOAD Src/stm32f7xx_hal_msp.o
LOAD Src/stm32f7xx_hal_timebase_TIM.o
LOAD Src/stm32f7xx_it.o
LOAD Src/syscalls.o
LOAD Src/system_stm32f7xx.o
LOAD Src/tim.o
LOAD Src/usart.o
LOAD startup/startup_stm32f767xx.o
LOAD d:/programy/studia/ac6/systemworkbench/plugins/fr.ac6.mcu.externaltools.arm-none.win32_1.17.0.201812190825/tools/compiler/bin/../lib/gcc/arm-none-eabi/7.3.1/../../../../arm-none-eabi/lib/thumb/v7e-m/fpv5/hard\libm.a
START GROUP
LOAD d:/programy/studia/ac6/systemworkbench/plugins/fr.ac6.mcu.externaltools.arm-none.win32_1.17.0.201812190825/tools/compiler/bin/../lib/gcc/arm-none-eabi/7.3.1/thumb/v7e-m/fpv5/hard\libgcc.a
LOAD d:/programy/studia/ac6/systemworkbench/plugins/fr.ac6.mcu.externaltools.arm-none.win32_1.17.0.201812190825/tools/compiler/bin/../lib/gcc/arm-none-eabi/7.3.1/../../../../arm-none-eabi/lib/thumb/v7e-m/fpv5/hard\libc_nano.a
END GROUP
START GROUP
LOAD d:/programy/studia/ac6/systemworkbench/plugins/fr.ac6.mcu.externaltools.arm-none.win32_1.17.0.201812190825/tools/compiler/bin/../lib/gcc/arm-none-eabi/7.3.1/thumb/v7e-m/fpv5/hard\libgcc.a
LOAD d:/programy/studia/ac6/systemworkbench/plugins/fr.ac6.mcu.externaltools.arm-none.win32_1.17.0.201812190825/tools/compiler/bin/../lib/gcc/arm-none-eabi/7.3.1/../../../../arm-none-eabi/lib/thumb/v7e-m/fpv5/hard\libc_nano.a
LOAD d:/programy/studia/ac6/systemworkbench/plugins/fr.ac6.mcu.externaltools.arm-none.win32_1.17.0.201812190825/tools/compiler/bin/../lib/gcc/arm-none-eabi/7.3.1/../../../../arm-none-eabi/lib/thumb/v7e-m/fpv5/hard\libnosys.a
END GROUP
START GROUP
LOAD d:/programy/studia/ac6/systemworkbench/plugins/fr.ac6.mcu.externaltools.arm-none.win32_1.17.0.201812190825/tools/compiler/bin/../lib/gcc/arm-none-eabi/7.3.1/thumb/v7e-m/fpv5/hard\libgcc.a
LOAD d:/programy/studia/ac6/systemworkbench/plugins/fr.ac6.mcu.externaltools.arm-none.win32_1.17.0.201812190825/tools/compiler/bin/../lib/gcc/arm-none-eabi/7.3.1/../../../../arm-none-eabi/lib/thumb/v7e-m/fpv5/hard\libc_nano.a
LOAD d:/programy/studia/ac6/systemworkbench/plugins/fr.ac6.mcu.externaltools.arm-none.win32_1.17.0.201812190825/tools/compiler/bin/../lib/gcc/arm-none-eabi/7.3.1/../../../../arm-none-eabi/lib/thumb/v7e-m/fpv5/hard\libnosys.a
END GROUP
LOAD d:/programy/studia/ac6/systemworkbench/plugins/fr.ac6.mcu.externaltools.arm-none.win32_1.17.0.201812190825/tools/compiler/bin/../lib/gcc/arm-none-eabi/7.3.1/thumb/v7e-m/fpv5/hard/crtend.o
LOAD d:/programy/studia/ac6/systemworkbench/plugins/fr.ac6.mcu.externaltools.arm-none.win32_1.17.0.201812190825/tools/compiler/bin/../lib/gcc/arm-none-eabi/7.3.1/thumb/v7e-m/fpv5/hard/crtn.o
                0x20080000                _estack = 0x20080000
                0x00000200                _Min_Heap_Size = 0x200
                0x00000400                _Min_Stack_Size = 0x400

.isr_vector     0x08000000      0x1f8
                0x08000000                . = ALIGN (0x4)
 *(.isr_vector)
 .isr_vector    0x08000000      0x1f8 startup/startup_stm32f767xx.o
                0x08000000                g_pfnVectors
                0x080001f8                . = ALIGN (0x4)

.text           0x08000200     0x5cc0
                0x08000200                . = ALIGN (0x4)
 *(.text)
 .text          0x08000200       0x40 d:/programy/studia/ac6/systemworkbench/plugins/fr.ac6.mcu.externaltools.arm-none.win32_1.17.0.201812190825/tools/compiler/bin/../lib/gcc/arm-none-eabi/7.3.1/thumb/v7e-m/fpv5/hard/crtbegin.o
 .text          0x08000240       0x30 d:/programy/studia/ac6/systemworkbench/plugins/fr.ac6.mcu.externaltools.arm-none.win32_1.17.0.201812190825/tools/compiler/bin/../lib/gcc/arm-none-eabi/7.3.1/thumb/v7e-m/fpv5/hard\libgcc.a(_aeabi_uldivmod.o)
                0x08000240                __aeabi_uldivmod
 .text          0x08000270      0x2cc d:/programy/studia/ac6/systemworkbench/plugins/fr.ac6.mcu.externaltools.arm-none.win32_1.17.0.201812190825/tools/compiler/bin/../lib/gcc/arm-none-eabi/7.3.1/thumb/v7e-m/fpv5/hard\libgcc.a(_udivmoddi4.o)
                0x08000270                __udivmoddi4
 .text          0x0800053c        0x4 d:/programy/studia/ac6/systemworkbench/plugins/fr.ac6.mcu.externaltools.arm-none.win32_1.17.0.201812190825/tools/compiler/bin/../lib/gcc/arm-none-eabi/7.3.1/thumb/v7e-m/fpv5/hard\libgcc.a(_dvmd_tls.o)
                0x0800053c                __aeabi_idiv0
                0x0800053c                __aeabi_ldiv0
 *(.text*)
 .text.HAL_Init
                0x08000540       0x16 Drivers/STM32F7xx_HAL_Driver/Src/stm32f7xx_hal.o
                0x08000540                HAL_Init
 *fill*         0x08000556        0x2 
 .text.HAL_IncTick
                0x08000558       0x18 Drivers/STM32F7xx_HAL_Driver/Src/stm32f7xx_hal.o
                0x08000558                HAL_IncTick
 .text.HAL_GetTick
                0x08000570        0xc Drivers/STM32F7xx_HAL_Driver/Src/stm32f7xx_hal.o
                0x08000570                HAL_GetTick
 .text.ADC_Init
                0x0800057c      0x134 Drivers/STM32F7xx_HAL_Driver/Src/stm32f7xx_hal_adc.o
 .text.HAL_ADC_Init
                0x080006b0       0x58 Drivers/STM32F7xx_HAL_Driver/Src/stm32f7xx_hal_adc.o
                0x080006b0                HAL_ADC_Init
 .text.HAL_ADC_Start_DMA
                0x08000708      0x170 Drivers/STM32F7xx_HAL_Driver/Src/stm32f7xx_hal_adc.o
                0x08000708                HAL_ADC_Start_DMA
 .text.HAL_ADC_Stop_DMA
                0x08000878       0x60 Drivers/STM32F7xx_HAL_Driver/Src/stm32f7xx_hal_adc.o
                0x08000878                HAL_ADC_Stop_DMA
 .text.HAL_ADC_ConvHalfCpltCallback
                0x080008d8        0x2 Drivers/STM32F7xx_HAL_Driver/Src/stm32f7xx_hal_adc.o
                0x080008d8                HAL_ADC_ConvHalfCpltCallback
 .text.ADC_DMAHalfConvCplt
                0x080008da        0xa Drivers/STM32F7xx_HAL_Driver/Src/stm32f7xx_hal_adc.o
 .text.HAL_ADC_LevelOutOfWindowCallback
                0x080008e4        0x2 Drivers/STM32F7xx_HAL_Driver/Src/stm32f7xx_hal_adc.o
                0x080008e4                HAL_ADC_LevelOutOfWindowCallback
 .text.HAL_ADC_ErrorCallback
                0x080008e6        0x2 Drivers/STM32F7xx_HAL_Driver/Src/stm32f7xx_hal_adc.o
                0x080008e6                HAL_ADC_ErrorCallback
 .text.HAL_ADC_IRQHandler
                0x080008e8      0x148 Drivers/STM32F7xx_HAL_Driver/Src/stm32f7xx_hal_adc.o
                0x080008e8                HAL_ADC_IRQHandler
 .text.ADC_DMAError
                0x08000a30       0x16 Drivers/STM32F7xx_HAL_Driver/Src/stm32f7xx_hal_adc.o
 .text.ADC_DMAConvCplt
                0x08000a46       0x72 Drivers/STM32F7xx_HAL_Driver/Src/stm32f7xx_hal_adc.o
 .text.HAL_ADC_ConfigChannel
                0x08000ab8      0x1ac Drivers/STM32F7xx_HAL_Driver/Src/stm32f7xx_hal_adc.o
                0x08000ab8                HAL_ADC_ConfigChannel
 .text.HAL_ADCEx_InjectedConvCpltCallback
                0x08000c64        0x2 Drivers/STM32F7xx_HAL_Driver/Src/stm32f7xx_hal_adc_ex.o
                0x08000c64                HAL_ADCEx_InjectedConvCpltCallback
 *fill*         0x08000c66        0x2 
 .text.HAL_NVIC_SetPriorityGrouping
                0x08000c68       0x24 Drivers/STM32F7xx_HAL_Driver/Src/stm32f7xx_hal_cortex.o
                0x08000c68                HAL_NVIC_SetPriorityGrouping
 .text.HAL_NVIC_SetPriority
                0x08000c8c       0x64 Drivers/STM32F7xx_HAL_Driver/Src/stm32f7xx_hal_cortex.o
                0x08000c8c                HAL_NVIC_SetPriority
 .text.HAL_NVIC_EnableIRQ
                0x08000cf0       0x1c Drivers/STM32F7xx_HAL_Driver/Src/stm32f7xx_hal_cortex.o
                0x08000cf0                HAL_NVIC_EnableIRQ
 .text.DMA_SetConfig
                0x08000d0c       0x2c Drivers/STM32F7xx_HAL_Driver/Src/stm32f7xx_hal_dma.o
 .text.DMA_CalcBaseAndBitshift
                0x08000d38       0x38 Drivers/STM32F7xx_HAL_Driver/Src/stm32f7xx_hal_dma.o
 .text.DMA_CheckFifoParam
                0x08000d70       0x8e Drivers/STM32F7xx_HAL_Driver/Src/stm32f7xx_hal_dma.o
 *fill*         0x08000dfe        0x2 
 .text.HAL_DMA_Init
                0x08000e00       0xcc Drivers/STM32F7xx_HAL_Driver/Src/stm32f7xx_hal_dma.o
                0x08000e00                HAL_DMA_Init
 .text.HAL_DMA_Start_IT
                0x08000ecc       0x74 Drivers/STM32F7xx_HAL_Driver/Src/stm32f7xx_hal_dma.o
                0x08000ecc                HAL_DMA_Start_IT
 .text.HAL_DMA_Abort
                0x08000f40       0x94 Drivers/STM32F7xx_HAL_Driver/Src/stm32f7xx_hal_dma.o
                0x08000f40                HAL_DMA_Abort
 .text.HAL_DMA_Abort_IT
                0x08000fd4       0x26 Drivers/STM32F7xx_HAL_Driver/Src/stm32f7xx_hal_dma.o
                0x08000fd4                HAL_DMA_Abort_IT
 *fill*         0x08000ffa        0x2 
 .text.HAL_DMA_IRQHandler
                0x08000ffc      0x1dc Drivers/STM32F7xx_HAL_Driver/Src/stm32f7xx_hal_dma.o
                0x08000ffc                HAL_DMA_IRQHandler
 .text.HAL_GPIO_Init
                0x080011d8      0x1e0 Drivers/STM32F7xx_HAL_Driver/Src/stm32f7xx_hal_gpio.o
                0x080011d8                HAL_GPIO_Init
 .text.HAL_GPIO_WritePin
                0x080013b8        0xc Drivers/STM32F7xx_HAL_Driver/Src/stm32f7xx_hal_gpio.o
                0x080013b8                HAL_GPIO_WritePin
 .text.HAL_GPIO_EXTI_Callback
                0x080013c4        0x2 Drivers/STM32F7xx_HAL_Driver/Src/stm32f7xx_hal_gpio.o
                0x080013c4                HAL_GPIO_EXTI_Callback
 *fill*         0x080013c6        0x2 
 .text.HAL_GPIO_EXTI_IRQHandler
                0x080013c8       0x1c Drivers/STM32F7xx_HAL_Driver/Src/stm32f7xx_hal_gpio.o
                0x080013c8                HAL_GPIO_EXTI_IRQHandler
 .text.HAL_PWR_EnableBkUpAccess
                0x080013e4       0x10 Drivers/STM32F7xx_HAL_Driver/Src/stm32f7xx_hal_pwr.o
                0x080013e4                HAL_PWR_EnableBkUpAccess
 .text.HAL_RCC_OscConfig
                0x080013f4      0x3d4 Drivers/STM32F7xx_HAL_Driver/Src/stm32f7xx_hal_rcc.o
                0x080013f4                HAL_RCC_OscConfig
 .text.HAL_RCC_EnableCSS
                0x080017c8       0x10 Drivers/STM32F7xx_HAL_Driver/Src/stm32f7xx_hal_rcc.o
                0x080017c8                HAL_RCC_EnableCSS
 .text.HAL_RCC_GetSysClockFreq
                0x080017d8       0xa8 Drivers/STM32F7xx_HAL_Driver/Src/stm32f7xx_hal_rcc.o
                0x080017d8                HAL_RCC_GetSysClockFreq
 .text.HAL_RCC_ClockConfig
                0x08001880      0x164 Drivers/STM32F7xx_HAL_Driver/Src/stm32f7xx_hal_rcc.o
                0x08001880                HAL_RCC_ClockConfig
 .text.HAL_RCC_GetHCLKFreq
                0x080019e4        0xc Drivers/STM32F7xx_HAL_Driver/Src/stm32f7xx_hal_rcc.o
                0x080019e4                HAL_RCC_GetHCLKFreq
 .text.HAL_RCC_GetPCLK1Freq
                0x080019f0       0x20 Drivers/STM32F7xx_HAL_Driver/Src/stm32f7xx_hal_rcc.o
                0x080019f0                HAL_RCC_GetPCLK1Freq
 .text.HAL_RCC_GetPCLK2Freq
                0x08001a10       0x20 Drivers/STM32F7xx_HAL_Driver/Src/stm32f7xx_hal_rcc.o
                0x08001a10                HAL_RCC_GetPCLK2Freq
 .text.HAL_RCC_GetClockConfig
                0x08001a30       0x3c Drivers/STM32F7xx_HAL_Driver/Src/stm32f7xx_hal_rcc.o
                0x08001a30                HAL_RCC_GetClockConfig
 .text.HAL_RCC_CSSCallback
                0x08001a6c        0x2 Drivers/STM32F7xx_HAL_Driver/Src/stm32f7xx_hal_rcc.o
                0x08001a6c                HAL_RCC_CSSCallback
 *fill*         0x08001a6e        0x2 
 .text.HAL_RCC_NMI_IRQHandler
                0x08001a70       0x24 Drivers/STM32F7xx_HAL_Driver/Src/stm32f7xx_hal_rcc.o
                0x08001a70                HAL_RCC_NMI_IRQHandler
 .text.HAL_RCCEx_PeriphCLKConfig
                0x08001a94      0x604 Drivers/STM32F7xx_HAL_Driver/Src/stm32f7xx_hal_rcc_ex.o
                0x08001a94                HAL_RCCEx_PeriphCLKConfig
 .text.HAL_SPI_Init
                0x08002098       0xba Drivers/STM32F7xx_HAL_Driver/Src/stm32f7xx_hal_spi.o
                0x08002098                HAL_SPI_Init
 *fill*         0x08002152        0x2 
 .text.TIM_OC1_SetConfig
                0x08002154       0x68 Drivers/STM32F7xx_HAL_Driver/Src/stm32f7xx_hal_tim.o
 .text.TIM_OC3_SetConfig
                0x080021bc       0x70 Drivers/STM32F7xx_HAL_Driver/Src/stm32f7xx_hal_tim.o
 .text.TIM_OC4_SetConfig
                0x0800222c       0x54 Drivers/STM32F7xx_HAL_Driver/Src/stm32f7xx_hal_tim.o
 .text.TIM_OC5_SetConfig
                0x08002280       0x54 Drivers/STM32F7xx_HAL_Driver/Src/stm32f7xx_hal_tim.o
 .text.TIM_OC6_SetConfig
                0x080022d4       0x54 Drivers/STM32F7xx_HAL_Driver/Src/stm32f7xx_hal_tim.o
 .text.HAL_TIM_Base_MspInit
                0x08002328        0x2 Drivers/STM32F7xx_HAL_Driver/Src/stm32f7xx_hal_tim.o
                0x08002328                HAL_TIM_Base_MspInit
 *fill*         0x0800232a        0x2 
 .text.HAL_TIM_Base_Start_IT
                0x0800232c       0x2c Drivers/STM32F7xx_HAL_Driver/Src/stm32f7xx_hal_tim.o
                0x0800232c                HAL_TIM_Base_Start_IT
 .text.HAL_TIM_OC_DelayElapsedCallback
                0x08002358        0x2 Drivers/STM32F7xx_HAL_Driver/Src/stm32f7xx_hal_tim.o
                0x08002358                HAL_TIM_OC_DelayElapsedCallback
 .text.HAL_TIM_IC_CaptureCallback
                0x0800235a        0x2 Drivers/STM32F7xx_HAL_Driver/Src/stm32f7xx_hal_tim.o
                0x0800235a                HAL_TIM_IC_CaptureCallback
 .text.HAL_TIM_PWM_PulseFinishedCallback
                0x0800235c        0x2 Drivers/STM32F7xx_HAL_Driver/Src/stm32f7xx_hal_tim.o
                0x0800235c                HAL_TIM_PWM_PulseFinishedCallback
 .text.HAL_TIM_TriggerCallback
                0x0800235e        0x2 Drivers/STM32F7xx_HAL_Driver/Src/stm32f7xx_hal_tim.o
                0x0800235e                HAL_TIM_TriggerCallback
 .text.HAL_TIM_IRQHandler
                0x08002360      0x19a Drivers/STM32F7xx_HAL_Driver/Src/stm32f7xx_hal_tim.o
                0x08002360                HAL_TIM_IRQHandler
 *fill*         0x080024fa        0x2 
 .text.TIM_Base_SetConfig
                0x080024fc      0x10c Drivers/STM32F7xx_HAL_Driver/Src/stm32f7xx_hal_tim.o
                0x080024fc                TIM_Base_SetConfig
 .text.HAL_TIM_Base_Init
                0x08002608       0x32 Drivers/STM32F7xx_HAL_Driver/Src/stm32f7xx_hal_tim.o
                0x08002608                HAL_TIM_Base_Init
 .text.HAL_TIM_PWM_Init
                0x0800263a       0x32 Drivers/STM32F7xx_HAL_Driver/Src/stm32f7xx_hal_tim.o
                0x0800263a                HAL_TIM_PWM_Init
 .text.HAL_TIM_Encoder_Init
                0x0800266c       0x9c Drivers/STM32F7xx_HAL_Driver/Src/stm32f7xx_hal_tim.o
                0x0800266c                HAL_TIM_Encoder_Init
 .text.TIM_OC2_SetConfig
                0x08002708       0x70 Drivers/STM32F7xx_HAL_Driver/Src/stm32f7xx_hal_tim.o
                0x08002708                TIM_OC2_SetConfig
 .text.HAL_TIM_PWM_ConfigChannel
                0x08002778      0x134 Drivers/STM32F7xx_HAL_Driver/Src/stm32f7xx_hal_tim.o
                0x08002778                HAL_TIM_PWM_ConfigChannel
 .text.TIM_CCxChannelCmd
                0x080028ac       0x22 Drivers/STM32F7xx_HAL_Driver/Src/stm32f7xx_hal_tim.o
                0x080028ac                TIM_CCxChannelCmd
 *fill*         0x080028ce        0x2 
 .text.HAL_TIM_PWM_Stop
                0x080028d0       0x68 Drivers/STM32F7xx_HAL_Driver/Src/stm32f7xx_hal_tim.o
                0x080028d0                HAL_TIM_PWM_Stop
 .text.HAL_TIMEx_MasterConfigSynchronization
                0x08002938       0x64 Drivers/STM32F7xx_HAL_Driver/Src/stm32f7xx_hal_tim_ex.o
                0x08002938                HAL_TIMEx_MasterConfigSynchronization
 .text.HAL_TIMEx_ConfigBreakDeadTime
                0x0800299c       0x90 Drivers/STM32F7xx_HAL_Driver/Src/stm32f7xx_hal_tim_ex.o
                0x0800299c                HAL_TIMEx_ConfigBreakDeadTime
 .text.HAL_TIMEx_CommutCallback
                0x08002a2c        0x2 Drivers/STM32F7xx_HAL_Driver/Src/stm32f7xx_hal_tim_ex.o
                0x08002a2c                HAL_TIMEx_CommutCallback
 .text.HAL_TIMEx_BreakCallback
                0x08002a2e        0x2 Drivers/STM32F7xx_HAL_Driver/Src/stm32f7xx_hal_tim_ex.o
                0x08002a2e                HAL_TIMEx_BreakCallback
 .text.HAL_TIMEx_Break2Callback
                0x08002a30        0x2 Drivers/STM32F7xx_HAL_Driver/Src/stm32f7xx_hal_tim_ex.o
                0x08002a30                HAL_TIMEx_Break2Callback
 .text.UART_EndTxTransfer
                0x08002a32       0x10 Drivers/STM32F7xx_HAL_Driver/Src/stm32f7xx_hal_uart.o
 .text.UART_EndRxTransfer
                0x08002a42       0x1e Drivers/STM32F7xx_HAL_Driver/Src/stm32f7xx_hal_uart.o
 .text.HAL_UART_Transmit_DMA
                0x08002a60       0xa8 Drivers/STM32F7xx_HAL_Driver/Src/stm32f7xx_hal_uart.o
                0x08002a60                HAL_UART_Transmit_DMA
 .text.HAL_UART_Receive_DMA
                0x08002b08       0xb0 Drivers/STM32F7xx_HAL_Driver/Src/stm32f7xx_hal_uart.o
                0x08002b08                HAL_UART_Receive_DMA
 .text.UART_DMATransmitCplt
                0x08002bb8       0x30 Drivers/STM32F7xx_HAL_Driver/Src/stm32f7xx_hal_uart.o
 .text.UART_EndTransmit_IT
                0x08002be8       0x1a Drivers/STM32F7xx_HAL_Driver/Src/stm32f7xx_hal_uart.o
 .text.HAL_UART_TxHalfCpltCallback
                0x08002c02        0x2 Drivers/STM32F7xx_HAL_Driver/Src/stm32f7xx_hal_uart.o
                0x08002c02                HAL_UART_TxHalfCpltCallback
 .text.UART_DMATxHalfCplt
                0x08002c04        0xa Drivers/STM32F7xx_HAL_Driver/Src/stm32f7xx_hal_uart.o
 .text.UART_DMAReceiveCplt
                0x08002c0e       0x3c Drivers/STM32F7xx_HAL_Driver/Src/stm32f7xx_hal_uart.o
 .text.HAL_UART_RxHalfCpltCallback
                0x08002c4a        0x2 Drivers/STM32F7xx_HAL_Driver/Src/stm32f7xx_hal_uart.o
                0x08002c4a                HAL_UART_RxHalfCpltCallback
 .text.UART_DMARxHalfCplt
                0x08002c4c        0xa Drivers/STM32F7xx_HAL_Driver/Src/stm32f7xx_hal_uart.o
 .text.HAL_UART_ErrorCallback
                0x08002c56        0x2 Drivers/STM32F7xx_HAL_Driver/Src/stm32f7xx_hal_uart.o
                0x08002c56                HAL_UART_ErrorCallback
 .text.UART_DMAError
                0x08002c58       0x50 Drivers/STM32F7xx_HAL_Driver/Src/stm32f7xx_hal_uart.o
 .text.HAL_UART_IRQHandler
                0x08002ca8      0x140 Drivers/STM32F7xx_HAL_Driver/Src/stm32f7xx_hal_uart.o
                0x08002ca8                HAL_UART_IRQHandler
 .text.UART_DMAAbortOnError
                0x08002de8       0x14 Drivers/STM32F7xx_HAL_Driver/Src/stm32f7xx_hal_uart.o
 .text.UART_SetConfig
                0x08002dfc      0x370 Drivers/STM32F7xx_HAL_Driver/Src/stm32f7xx_hal_uart.o
                0x08002dfc                UART_SetConfig
 .text.UART_AdvFeatureConfig
                0x0800316c       0xca Drivers/STM32F7xx_HAL_Driver/Src/stm32f7xx_hal_uart.o
                0x0800316c                UART_AdvFeatureConfig
 .text.UART_WaitOnFlagUntilTimeout
                0x08003236       0x60 Drivers/STM32F7xx_HAL_Driver/Src/stm32f7xx_hal_uart.o
                0x08003236                UART_WaitOnFlagUntilTimeout
 .text.UART_CheckIdleState
                0x08003296       0x44 Drivers/STM32F7xx_HAL_Driver/Src/stm32f7xx_hal_uart.o
                0x08003296                UART_CheckIdleState
 .text.HAL_UART_Init
                0x080032da       0x62 Drivers/STM32F7xx_HAL_Driver/Src/stm32f7xx_hal_uart.o
                0x080032da                HAL_UART_Init
 .text.makeFreeRtosPriority
                0x0800333c        0xc Middlewares/Third_Party/FreeRTOS/Source/CMSIS_RTOS/cmsis_os.o
 .text.inHandlerMode
                0x08003348        0xc Middlewares/Third_Party/FreeRTOS/Source/CMSIS_RTOS/cmsis_os.o
 .text.osKernelStart
                0x08003354        0xa Middlewares/Third_Party/FreeRTOS/Source/CMSIS_RTOS/cmsis_os.o
                0x08003354                osKernelStart
 .text.osThreadCreate
                0x0800335e       0x34 Middlewares/Third_Party/FreeRTOS/Source/CMSIS_RTOS/cmsis_os.o
                0x0800335e                osThreadCreate
 .text.osDelay  0x08003392       0x12 Middlewares/Third_Party/FreeRTOS/Source/CMSIS_RTOS/cmsis_os.o
                0x08003392                osDelay
 .text.osSignalSet
                0x080033a4       0x64 Middlewares/Third_Party/FreeRTOS/Source/CMSIS_RTOS/cmsis_os.o
                0x080033a4                osSignalSet
 .text.osSignalWait
                0x08003408       0x68 Middlewares/Third_Party/FreeRTOS/Source/CMSIS_RTOS/cmsis_os.o
                0x08003408                osSignalWait
 .text.osSemaphoreCreate
                0x08003470       0x26 Middlewares/Third_Party/FreeRTOS/Source/CMSIS_RTOS/cmsis_os.o
                0x08003470                osSemaphoreCreate
 *fill*         0x08003496        0x2 
 .text.osSemaphoreWait
                0x08003498       0x70 Middlewares/Third_Party/FreeRTOS/Source/CMSIS_RTOS/cmsis_os.o
                0x08003498                osSemaphoreWait
 .text.osSemaphoreRelease
                0x08003508       0x5c Middlewares/Third_Party/FreeRTOS/Source/CMSIS_RTOS/cmsis_os.o
                0x08003508                osSemaphoreRelease
 .text.vListInitialise
                0x08003564       0x16 Middlewares/Third_Party/FreeRTOS/Source/list.o
                0x08003564                vListInitialise
 .text.vListInitialiseItem
                0x0800357a        0x6 Middlewares/Third_Party/FreeRTOS/Source/list.o
                0x0800357a                vListInitialiseItem
 .text.vListInsertEnd
                0x08003580       0x18 Middlewares/Third_Party/FreeRTOS/Source/list.o
                0x08003580                vListInsertEnd
 .text.vListInsert
                0x08003598       0x34 Middlewares/Third_Party/FreeRTOS/Source/list.o
                0x08003598                vListInsert
 .text.uxListRemove
                0x080035cc       0x28 Middlewares/Third_Party/FreeRTOS/Source/list.o
                0x080035cc                uxListRemove
 .text.prvGetDisinheritPriorityAfterTimeout
                0x080035f4       0x12 Middlewares/Third_Party/FreeRTOS/Source/queue.o
 .text.prvIsQueueFull
                0x08003606       0x1e Middlewares/Third_Party/FreeRTOS/Source/queue.o
 .text.prvIsQueueEmpty
                0x08003624       0x1a Middlewares/Third_Party/FreeRTOS/Source/queue.o
 .text.prvCopyDataToQueue
                0x0800363e       0x76 Middlewares/Third_Party/FreeRTOS/Source/queue.o
 .text.prvCopyDataFromQueue
                0x080036b4       0x24 Middlewares/Third_Party/FreeRTOS/Source/queue.o
 .text.prvUnlockQueue
                0x080036d8       0x6e Middlewares/Third_Party/FreeRTOS/Source/queue.o
 *fill*         0x08003746        0x2 
 .text.xQueueGenericReset
                0x08003748       0x88 Middlewares/Third_Party/FreeRTOS/Source/queue.o
                0x08003748                xQueueGenericReset
 .text.prvInitialiseNewQueue
                0x080037d0       0x1c Middlewares/Third_Party/FreeRTOS/Source/queue.o
 .text.xQueueGenericCreate
                0x080037ec       0x4c Middlewares/Third_Party/FreeRTOS/Source/queue.o
                0x080037ec                xQueueGenericCreate
 .text.xQueueGenericSend
                0x08003838      0x18c Middlewares/Third_Party/FreeRTOS/Source/queue.o
                0x08003838                xQueueGenericSend
 .text.xQueueGiveFromISR
                0x080039c4       0xc2 Middlewares/Third_Party/FreeRTOS/Source/queue.o
                0x080039c4                xQueueGiveFromISR
 *fill*         0x08003a86        0x2 
 .text.xQueueSemaphoreTake
                0x08003a88      0x1ac Middlewares/Third_Party/FreeRTOS/Source/queue.o
                0x08003a88                xQueueSemaphoreTake
 .text.xQueueReceiveFromISR
                0x08003c34       0xb6 Middlewares/Third_Party/FreeRTOS/Source/queue.o
                0x08003c34                xQueueReceiveFromISR
 *fill*         0x08003cea        0x2 
 .text.prvResetNextTaskUnblockTime
                0x08003cec       0x24 Middlewares/Third_Party/FreeRTOS/Source/tasks.o
 .text.prvDeleteTCB
                0x08003d10       0x12 Middlewares/Third_Party/FreeRTOS/Source/tasks.o
 .text.prvInitialiseNewTask
                0x08003d22       0x80 Middlewares/Third_Party/FreeRTOS/Source/tasks.o
 *fill*         0x08003da2        0x2 
 .text.prvInitialiseTaskLists
                0x08003da4       0x58 Middlewares/Third_Party/FreeRTOS/Source/tasks.o
 .text.prvAddNewTaskToReadyList
                0x08003dfc       0xac Middlewares/Third_Party/FreeRTOS/Source/tasks.o
 .text.prvCheckTasksWaitingTermination
                0x08003ea8       0x44 Middlewares/Third_Party/FreeRTOS/Source/tasks.o
 .text.prvIdleTask
                0x08003eec       0x28 Middlewares/Third_Party/FreeRTOS/Source/tasks.o
 .text.prvAddCurrentTaskToDelayedList
                0x08003f14       0x90 Middlewares/Third_Party/FreeRTOS/Source/tasks.o
 .text.xTaskCreate
                0x08003fa4       0x62 Middlewares/Third_Party/FreeRTOS/Source/tasks.o
                0x08003fa4                xTaskCreate
 *fill*         0x08004006        0x2 
 .text.vTaskStartScheduler
                0x08004008       0x7c Middlewares/Third_Party/FreeRTOS/Source/tasks.o
                0x08004008                vTaskStartScheduler
 .text.vTaskSuspendAll
                0x08004084       0x14 Middlewares/Third_Party/FreeRTOS/Source/tasks.o
                0x08004084                vTaskSuspendAll
 .text.xTaskIncrementTick
                0x08004098      0x110 Middlewares/Third_Party/FreeRTOS/Source/tasks.o
                0x08004098                xTaskIncrementTick
 .text.xTaskResumeAll
                0x080041a8       0xf4 Middlewares/Third_Party/FreeRTOS/Source/tasks.o
                0x080041a8                xTaskResumeAll
 .text.vTaskDelay
                0x0800429c       0x50 Middlewares/Third_Party/FreeRTOS/Source/tasks.o
                0x0800429c                vTaskDelay
 .text.vTaskSwitchContext
                0x080042ec       0x94 Middlewares/Third_Party/FreeRTOS/Source/tasks.o
                0x080042ec                vTaskSwitchContext
 .text.vTaskPlaceOnEventList
                0x08004380       0x38 Middlewares/Third_Party/FreeRTOS/Source/tasks.o
                0x08004380                vTaskPlaceOnEventList
 .text.xTaskRemoveFromEventList
                0x080043b8       0x88 Middlewares/Third_Party/FreeRTOS/Source/tasks.o
                0x080043b8                xTaskRemoveFromEventList
 .text.vTaskInternalSetTimeOutState
                0x08004440       0x14 Middlewares/Third_Party/FreeRTOS/Source/tasks.o
                0x08004440                vTaskInternalSetTimeOutState
 .text.xTaskCheckForTimeOut
                0x08004454       0x88 Middlewares/Third_Party/FreeRTOS/Source/tasks.o
                0x08004454                xTaskCheckForTimeOut
 .text.vTaskMissedYield
                0x080044dc       0x10 Middlewares/Third_Party/FreeRTOS/Source/tasks.o
                0x080044dc                vTaskMissedYield
 .text.xTaskGetSchedulerState
                0x080044ec       0x20 Middlewares/Third_Party/FreeRTOS/Source/tasks.o
                0x080044ec                xTaskGetSchedulerState
 .text.xTaskPriorityInherit
                0x0800450c       0xc4 Middlewares/Third_Party/FreeRTOS/Source/tasks.o
                0x0800450c                xTaskPriorityInherit
 .text.xTaskPriorityDisinherit
                0x080045d0       0xb8 Middlewares/Third_Party/FreeRTOS/Source/tasks.o
                0x080045d0                xTaskPriorityDisinherit
 .text.vTaskPriorityDisinheritAfterTimeout
                0x08004688       0xcc Middlewares/Third_Party/FreeRTOS/Source/tasks.o
                0x08004688                vTaskPriorityDisinheritAfterTimeout
 .text.pvTaskIncrementMutexHeldCount
                0x08004754       0x20 Middlewares/Third_Party/FreeRTOS/Source/tasks.o
                0x08004754                pvTaskIncrementMutexHeldCount
 .text.xTaskNotifyWait
                0x08004774       0xa8 Middlewares/Third_Party/FreeRTOS/Source/tasks.o
                0x08004774                xTaskNotifyWait
 .text.xTaskGenericNotify
                0x0800481c       0xe8 Middlewares/Third_Party/FreeRTOS/Source/tasks.o
                0x0800481c                xTaskGenericNotify
 .text.xTaskGenericNotifyFromISR
                0x08004904      0x120 Middlewares/Third_Party/FreeRTOS/Source/tasks.o
                0x08004904                xTaskGenericNotifyFromISR
 .text.prvTaskExitError
                0x08004a24       0x48 Middlewares/Third_Party/FreeRTOS/Source/portable/GCC/ARM_CM7/r0p1/port.o
 .text.prvPortStartFirstTask
                0x08004a6c       0x28 Middlewares/Third_Party/FreeRTOS/Source/portable/GCC/ARM_CM7/r0p1/port.o
 .text.vPortEnableVFP
                0x08004a94       0x14 Middlewares/Third_Party/FreeRTOS/Source/portable/GCC/ARM_CM7/r0p1/port.o
 .text.pxPortInitialiseStack
                0x08004aa8       0x2c Middlewares/Third_Party/FreeRTOS/Source/portable/GCC/ARM_CM7/r0p1/port.o
                0x08004aa8                pxPortInitialiseStack
 *fill*         0x08004ad4        0xc 
 .text.SVC_Handler
                0x08004ae0       0x24 Middlewares/Third_Party/FreeRTOS/Source/portable/GCC/ARM_CM7/r0p1/port.o
                0x08004ae0                SVC_Handler
 .text.vPortEnterCritical
                0x08004b04       0x4c Middlewares/Third_Party/FreeRTOS/Source/portable/GCC/ARM_CM7/r0p1/port.o
                0x08004b04                vPortEnterCritical
 .text.vPortExitCritical
                0x08004b50       0x30 Middlewares/Third_Party/FreeRTOS/Source/portable/GCC/ARM_CM7/r0p1/port.o
                0x08004b50                vPortExitCritical
 .text.PendSV_Handler
                0x08004b80       0x64 Middlewares/Third_Party/FreeRTOS/Source/portable/GCC/ARM_CM7/r0p1/port.o
                0x08004b80                PendSV_Handler
 .text.SysTick_Handler
                0x08004be4       0x30 Middlewares/Third_Party/FreeRTOS/Source/portable/GCC/ARM_CM7/r0p1/port.o
                0x08004be4                SysTick_Handler
 .text.vPortSetupTimerInterrupt
                0x08004c14       0x38 Middlewares/Third_Party/FreeRTOS/Source/portable/GCC/ARM_CM7/r0p1/port.o
                0x08004c14                vPortSetupTimerInterrupt
 .text.xPortStartScheduler
                0x08004c4c       0xc8 Middlewares/Third_Party/FreeRTOS/Source/portable/GCC/ARM_CM7/r0p1/port.o
                0x08004c4c                xPortStartScheduler
 .text.vPortValidateInterruptPriority
                0x08004d14       0x60 Middlewares/Third_Party/FreeRTOS/Source/portable/GCC/ARM_CM7/r0p1/port.o
                0x08004d14                vPortValidateInterruptPriority
 .text.prvHeapInit
                0x08004d74       0x4c Middlewares/Third_Party/FreeRTOS/Source/portable/MemMang/heap_4.o
 .text.prvInsertBlockIntoFreeList
                0x08004dc0       0x54 Middlewares/Third_Party/FreeRTOS/Source/portable/MemMang/heap_4.o
 .text.pvPortMalloc
                0x08004e14      0x100 Middlewares/Third_Party/FreeRTOS/Source/portable/MemMang/heap_4.o
                0x08004e14                pvPortMalloc
 .text.vPortFree
                0x08004f14       0x74 Middlewares/Third_Party/FreeRTOS/Source/portable/MemMang/heap_4.o
                0x08004f14                vPortFree
 .text.MX_ADC1_Init
                0x08004f88       0xb4 Src/adc.o
                0x08004f88                MX_ADC1_Init
 .text.HAL_ADC_MspInit
                0x0800503c       0xdc Src/adc.o
                0x0800503c                HAL_ADC_MspInit
 .text.MX_DMA_Init
                0x08005118       0x64 Src/dma.o
                0x08005118                MX_DMA_Init
 .text.StartDefaultTask
                0x0800517c        0xa Src/freertos.o
                0x0800517c                StartDefaultTask
 *fill*         0x08005186        0x2 
 .text.menu     0x08005188       0x68 Src/freertos.o
                0x08005188                menu
 .text.sensors  0x080051f0       0x44 Src/freertos.o
                0x080051f0                sensors
 .text.MX_FREERTOS_Init
                0x08005234       0xa4 Src/freertos.o
                0x08005234                MX_FREERTOS_Init
 .text.MX_GPIO_Init
                0x080052d8       0xdc Src/gpio.o
                0x080052d8                MX_GPIO_Init
 .text.HAL_TIM_PeriodElapsedCallback
                0x080053b4       0x18 Src/main.o
                0x080053b4                HAL_TIM_PeriodElapsedCallback
 .text.Error_Handler
                0x080053cc        0x2 Src/main.o
                0x080053cc                Error_Handler
 *fill*         0x080053ce        0x2 
 .text.SystemClock_Config
                0x080053d0       0xb0 Src/main.o
                0x080053d0                SystemClock_Config
 .text.main     0x08005480       0x40 Src/main.o
                0x08005480                main
 .text.MX_SPI1_Init
                0x080054c0       0x44 Src/spi.o
                0x080054c0                MX_SPI1_Init
 .text.HAL_SPI_MspInit
                0x08005504       0x94 Src/spi.o
                0x08005504                HAL_SPI_MspInit
 .text.HAL_MspInit
                0x08005598       0x40 Src/stm32f7xx_hal_msp.o
                0x08005598                HAL_MspInit
 .text.HAL_InitTick
                0x080055d8       0x78 Src/stm32f7xx_hal_timebase_TIM.o
                0x080055d8                HAL_InitTick
 .text.NMI_Handler
                0x08005650        0x8 Src/stm32f7xx_it.o
                0x08005650                NMI_Handler
 .text.HardFault_Handler
                0x08005658       0x48 Src/stm32f7xx_it.o
                0x08005658                HardFault_Handler
 .text.MemManage_Handler
                0x080056a0        0x2 Src/stm32f7xx_it.o
                0x080056a0                MemManage_Handler
 .text.BusFault_Handler
                0x080056a2        0x2 Src/stm32f7xx_it.o
                0x080056a2                BusFault_Handler
 .text.UsageFault_Handler
                0x080056a4        0x2 Src/stm32f7xx_it.o
                0x080056a4                UsageFault_Handler
 .text.DebugMon_Handler
                0x080056a6        0x2 Src/stm32f7xx_it.o
                0x080056a6                DebugMon_Handler
 .text.DMA1_Stream1_IRQHandler
                0x080056a8       0x10 Src/stm32f7xx_it.o
                0x080056a8                DMA1_Stream1_IRQHandler
 .text.DMA1_Stream3_IRQHandler
                0x080056b8       0x10 Src/stm32f7xx_it.o
                0x080056b8                DMA1_Stream3_IRQHandler
 .text.ADC_IRQHandler
                0x080056c8       0x10 Src/stm32f7xx_it.o
                0x080056c8                ADC_IRQHandler
 .text.USART3_IRQHandler
                0x080056d8       0x10 Src/stm32f7xx_it.o
                0x080056d8                USART3_IRQHandler
 .text.EXTI15_10_IRQHandler
                0x080056e8        0xc Src/stm32f7xx_it.o
                0x080056e8                EXTI15_10_IRQHandler
 .text.TIM8_TRG_COM_TIM14_IRQHandler
                0x080056f4       0x10 Src/stm32f7xx_it.o
                0x080056f4                TIM8_TRG_COM_TIM14_IRQHandler
 .text.DMA2_Stream0_IRQHandler
                0x08005704       0x10 Src/stm32f7xx_it.o
                0x08005704                DMA2_Stream0_IRQHandler
 .text.HAL_ADC_ConvCpltCallback
                0x08005714       0x20 Src/stm32f7xx_it.o
                0x08005714                HAL_ADC_ConvCpltCallback
 .text.HAL_UART_TxCpltCallback
                0x08005734       0x10 Src/stm32f7xx_it.o
                0x08005734                HAL_UART_TxCpltCallback
 .text.HAL_UART_RxCpltCallback
                0x08005744       0x10 Src/stm32f7xx_it.o
                0x08005744                HAL_UART_RxCpltCallback
 .text.SystemInit
                0x08005754       0x50 Src/system_stm32f7xx.o
                0x08005754                SystemInit
 .text.MX_TIM2_Init
                0x080057a4       0x68 Src/tim.o
                0x080057a4                MX_TIM2_Init
 .text.MX_TIM3_Init
                0x0800580c       0x68 Src/tim.o
                0x0800580c                MX_TIM3_Init
 .text.MX_TIM4_Init
                0x08005874       0x68 Src/tim.o
                0x08005874                MX_TIM4_Init
 .text.MX_TIM5_Init
                0x080058dc       0x68 Src/tim.o
                0x080058dc                MX_TIM5_Init
 .text.HAL_TIM_PWM_MspInit
                0x08005944       0x2c Src/tim.o
                0x08005944                HAL_TIM_PWM_MspInit
 .text.HAL_TIM_Encoder_MspInit
                0x08005970      0x168 Src/tim.o
                0x08005970                HAL_TIM_Encoder_MspInit
 .text.HAL_TIM_MspPostInit
                0x08005ad8       0x54 Src/tim.o
                0x08005ad8                HAL_TIM_MspPostInit
 .text.MX_TIM1_Init
                0x08005b2c      0x104 Src/tim.o
                0x08005b2c                MX_TIM1_Init
 .text.MX_USART2_UART_Init
                0x08005c30       0x38 Src/usart.o
                0x08005c30                MX_USART2_UART_Init
 .text.MX_USART3_UART_Init
                0x08005c68       0x38 Src/usart.o
                0x08005c68                MX_USART3_UART_Init
 .text.HAL_UART_MspInit
                0x08005ca0      0x144 Src/usart.o
                0x08005ca0                HAL_UART_MspInit
 .text.Reset_Handler
                0x08005de4       0x50 startup/startup_stm32f767xx.o
                0x08005de4                Reset_Handler
 .text.Default_Handler
                0x08005e34        0x2 startup/startup_stm32f767xx.o
                0x08005e34                RTC_Alarm_IRQHandler
                0x08005e34                EXTI2_IRQHandler
                0x08005e34                TIM8_CC_IRQHandler
                0x08005e34                UART8_IRQHandler
                0x08005e34                SPI4_IRQHandler
                0x08005e34                TIM1_CC_IRQHandler
                0x08005e34                DMA2_Stream5_IRQHandler
                0x08005e34                JPEG_IRQHandler
                0x08005e34                DMA1_Stream5_IRQHandler
                0x08005e34                CAN3_RX1_IRQHandler
                0x08005e34                PVD_IRQHandler
                0x08005e34                TAMP_STAMP_IRQHandler
                0x08005e34                CAN2_RX1_IRQHandler
                0x08005e34                EXTI3_IRQHandler
                0x08005e34                DFSDM1_FLT1_IRQHandler
                0x08005e34                TIM1_UP_TIM10_IRQHandler
                0x08005e34                TIM8_UP_TIM13_IRQHandler
                0x08005e34                I2C3_ER_IRQHandler
                0x08005e34                DFSDM1_FLT2_IRQHandler
                0x08005e34                EXTI0_IRQHandler
                0x08005e34                I2C2_EV_IRQHandler
                0x08005e34                DMA1_Stream2_IRQHandler
                0x08005e34                CAN1_RX0_IRQHandler
                0x08005e34                FPU_IRQHandler
                0x08005e34                OTG_HS_WKUP_IRQHandler
                0x08005e34                CAN3_SCE_IRQHandler
                0x08005e34                LTDC_ER_IRQHandler
                0x08005e34                CAN2_SCE_IRQHandler
                0x08005e34                DMA2_Stream2_IRQHandler
                0x08005e34                SPI1_IRQHandler
                0x08005e34                TIM6_DAC_IRQHandler
                0x08005e34                TIM1_BRK_TIM9_IRQHandler
                0x08005e34                DCMI_IRQHandler
                0x08005e34                CAN2_RX0_IRQHandler
                0x08005e34                DMA2_Stream3_IRQHandler
                0x08005e34                SAI2_IRQHandler
                0x08005e34                DFSDM1_FLT3_IRQHandler
                0x08005e34                USART6_IRQHandler
                0x08005e34                CAN3_RX0_IRQHandler
                0x08005e34                CAN1_RX1_IRQHandler
                0x08005e34                UART5_IRQHandler
                0x08005e34                TIM4_IRQHandler
                0x08005e34                QUADSPI_IRQHandler
                0x08005e34                I2C1_EV_IRQHandler
                0x08005e34                DMA1_Stream6_IRQHandler
                0x08005e34                UART4_IRQHandler
                0x08005e34                TIM3_IRQHandler
                0x08005e34                RCC_IRQHandler
                0x08005e34                TIM8_BRK_TIM12_IRQHandler
                0x08005e34                Default_Handler
                0x08005e34                CEC_IRQHandler
                0x08005e34                DMA1_Stream7_IRQHandler
                0x08005e34                SPI5_IRQHandler
                0x08005e34                TIM7_IRQHandler
                0x08005e34                SDMMC1_IRQHandler
                0x08005e34                CAN2_TX_IRQHandler
                0x08005e34                TIM5_IRQHandler
                0x08005e34                DMA2_Stream7_IRQHandler
                0x08005e34                I2C3_EV_IRQHandler
                0x08005e34                EXTI9_5_IRQHandler
                0x08005e34                RTC_WKUP_IRQHandler
                0x08005e34                LTDC_IRQHandler
                0x08005e34                ETH_WKUP_IRQHandler
                0x08005e34                SPDIF_RX_IRQHandler
                0x08005e34                SPI2_IRQHandler
                0x08005e34                OTG_HS_EP1_IN_IRQHandler
                0x08005e34                DMA1_Stream0_IRQHandler
                0x08005e34                CAN1_TX_IRQHandler
                0x08005e34                EXTI4_IRQHandler
                0x08005e34                RNG_IRQHandler
                0x08005e34                ETH_IRQHandler
                0x08005e34                OTG_HS_EP1_OUT_IRQHandler
                0x08005e34                WWDG_IRQHandler
                0x08005e34                SPI6_IRQHandler
                0x08005e34                MDIOS_IRQHandler
                0x08005e34                I2C4_EV_IRQHandler
                0x08005e34                CAN3_TX_IRQHandler
                0x08005e34                TIM2_IRQHandler
                0x08005e34                OTG_FS_WKUP_IRQHandler
                0x08005e34                TIM1_TRG_COM_TIM11_IRQHandler
                0x08005e34                OTG_HS_IRQHandler
                0x08005e34                DMA2D_IRQHandler
                0x08005e34                EXTI1_IRQHandler
                0x08005e34                SDMMC2_IRQHandler
                0x08005e34                UART7_IRQHandler
                0x08005e34                USART2_IRQHandler
                0x08005e34                DFSDM1_FLT0_IRQHandler
                0x08005e34                I2C2_ER_IRQHandler
                0x08005e34                DMA2_Stream1_IRQHandler
                0x08005e34                CAN1_SCE_IRQHandler
                0x08005e34                FLASH_IRQHandler
                0x08005e34                DMA2_Stream4_IRQHandler
                0x08005e34                USART1_IRQHandler
                0x08005e34                OTG_FS_IRQHandler
                0x08005e34                SPI3_IRQHandler
                0x08005e34                DMA1_Stream4_IRQHandler
                0x08005e34                I2C1_ER_IRQHandler
                0x08005e34                FMC_IRQHandler
                0x08005e34                LPTIM1_IRQHandler
                0x08005e34                I2C4_ER_IRQHandler
                0x08005e34                DMA2_Stream6_IRQHandler
                0x08005e34                SAI1_IRQHandler
 *fill*         0x08005e36        0x2 
 .text.__libc_init_array
                0x08005e38       0x48 d:/programy/studia/ac6/systemworkbench/plugins/fr.ac6.mcu.externaltools.arm-none.win32_1.17.0.201812190825/tools/compiler/bin/../lib/gcc/arm-none-eabi/7.3.1/../../../../arm-none-eabi/lib/thumb/v7e-m/fpv5/hard\libc_nano.a(lib_a-init.o)
                0x08005e38                __libc_init_array
 .text.memcpy   0x08005e80       0x16 d:/programy/studia/ac6/systemworkbench/plugins/fr.ac6.mcu.externaltools.arm-none.win32_1.17.0.201812190825/tools/compiler/bin/../lib/gcc/arm-none-eabi/7.3.1/../../../../arm-none-eabi/lib/thumb/v7e-m/fpv5/hard\libc_nano.a(lib_a-memcpy-stub.o)
                0x08005e80                memcpy
 .text.memset   0x08005e96       0x10 d:/programy/studia/ac6/systemworkbench/plugins/fr.ac6.mcu.externaltools.arm-none.win32_1.17.0.201812190825/tools/compiler/bin/../lib/gcc/arm-none-eabi/7.3.1/../../../../arm-none-eabi/lib/thumb/v7e-m/fpv5/hard\libc_nano.a(lib_a-memset.o)
                0x08005e96                memset
 *(.glue_7)
 .glue_7        0x08005ea6        0x0 linker stubs
 *(.glue_7t)
 .glue_7t       0x08005ea6        0x0 linker stubs
 *(.eh_frame)
 *fill*         0x08005ea6        0x2 
 .eh_frame      0x08005ea8        0x0 d:/programy/studia/ac6/systemworkbench/plugins/fr.ac6.mcu.externaltools.arm-none.win32_1.17.0.201812190825/tools/compiler/bin/../lib/gcc/arm-none-eabi/7.3.1/thumb/v7e-m/fpv5/hard/crtbegin.o
 *(.init)
 .init          0x08005ea8        0x4 d:/programy/studia/ac6/systemworkbench/plugins/fr.ac6.mcu.externaltools.arm-none.win32_1.17.0.201812190825/tools/compiler/bin/../lib/gcc/arm-none-eabi/7.3.1/thumb/v7e-m/fpv5/hard/crti.o
                0x08005ea8                _init
 .init          0x08005eac        0x8 d:/programy/studia/ac6/systemworkbench/plugins/fr.ac6.mcu.externaltools.arm-none.win32_1.17.0.201812190825/tools/compiler/bin/../lib/gcc/arm-none-eabi/7.3.1/thumb/v7e-m/fpv5/hard/crtn.o
 *(.fini)
 .fini          0x08005eb4        0x4 d:/programy/studia/ac6/systemworkbench/plugins/fr.ac6.mcu.externaltools.arm-none.win32_1.17.0.201812190825/tools/compiler/bin/../lib/gcc/arm-none-eabi/7.3.1/thumb/v7e-m/fpv5/hard/crti.o
                0x08005eb4                _fini
 .fini          0x08005eb8        0x8 d:/programy/studia/ac6/systemworkbench/plugins/fr.ac6.mcu.externaltools.arm-none.win32_1.17.0.201812190825/tools/compiler/bin/../lib/gcc/arm-none-eabi/7.3.1/thumb/v7e-m/fpv5/hard/crtn.o
                0x08005ec0                . = ALIGN (0x4)
                0x08005ec0                _etext = .

.vfp11_veneer   0x08005ec0        0x0
 .vfp11_veneer  0x08005ec0        0x0 linker stubs

.v4_bx          0x08005ec0        0x0
 .v4_bx         0x08005ec0        0x0 linker stubs

.iplt           0x08005ec0        0x0
 .iplt          0x08005ec0        0x0 d:/programy/studia/ac6/systemworkbench/plugins/fr.ac6.mcu.externaltools.arm-none.win32_1.17.0.201812190825/tools/compiler/bin/../lib/gcc/arm-none-eabi/7.3.1/thumb/v7e-m/fpv5/hard/crtbegin.o

.rodata         0x08005ec0       0xac
                0x08005ec0                . = ALIGN (0x4)
 *(.rodata)
 .rodata        0x08005ec0        0x8 Drivers/STM32F7xx_HAL_Driver/Src/stm32f7xx_hal_dma.o
 .rodata        0x08005ec8       0x3c Src/freertos.o
 .rodata        0x08005f04       0x18 Src/system_stm32f7xx.o
                0x08005f04                AHBPrescTable
                0x08005f14                APBPrescTable
 *(.rodata*)
 .rodata.str1.4
                0x08005f1c        0x5 Middlewares/Third_Party/FreeRTOS/Source/tasks.o
 *fill*         0x08005f21        0x3 
 .rodata.str1.4
                0x08005f24       0x24 Src/freertos.o
 .rodata.str1.4
                0x08005f48       0x24 Src/stm32f7xx_it.o
                0x08005f6c                . = ALIGN (0x4)

.ARM.extab
 *(.ARM.extab* .gnu.linkonce.armextab.*)

.ARM            0x08005f6c        0x8
                0x08005f6c                __exidx_start = .
 *(.ARM.exidx*)
 .ARM.exidx     0x08005f6c        0x8 d:/programy/studia/ac6/systemworkbench/plugins/fr.ac6.mcu.externaltools.arm-none.win32_1.17.0.201812190825/tools/compiler/bin/../lib/gcc/arm-none-eabi/7.3.1/thumb/v7e-m/fpv5/hard\libgcc.a(_udivmoddi4.o)
                0x08005f74                __exidx_end = .

.rel.dyn        0x08005f74        0x0
 .rel.iplt      0x08005f74        0x0 d:/programy/studia/ac6/systemworkbench/plugins/fr.ac6.mcu.externaltools.arm-none.win32_1.17.0.201812190825/tools/compiler/bin/../lib/gcc/arm-none-eabi/7.3.1/thumb/v7e-m/fpv5/hard/crtbegin.o

.preinit_array  0x08005f74        0x0
                0x08005f74                PROVIDE (__preinit_array_start = .)
 *(.preinit_array*)
                0x08005f74                PROVIDE (__preinit_array_end = .)

.init_array     0x08005f74        0x4
                0x08005f74                PROVIDE (__init_array_start = .)
 *(SORT_BY_NAME(.init_array.*))
 *(.init_array*)
 .init_array    0x08005f74        0x4 d:/programy/studia/ac6/systemworkbench/plugins/fr.ac6.mcu.externaltools.arm-none.win32_1.17.0.201812190825/tools/compiler/bin/../lib/gcc/arm-none-eabi/7.3.1/thumb/v7e-m/fpv5/hard/crtbegin.o
                0x08005f78                PROVIDE (__init_array_end = .)

.fini_array     0x08005f78        0x4
                [!provide]                PROVIDE (__fini_array_start = .)
 *(SORT_BY_NAME(.fini_array.*))
 *(.fini_array*)
 .fini_array    0x08005f78        0x4 d:/programy/studia/ac6/systemworkbench/plugins/fr.ac6.mcu.externaltools.arm-none.win32_1.17.0.201812190825/tools/compiler/bin/../lib/gcc/arm-none-eabi/7.3.1/thumb/v7e-m/fpv5/hard/crtbegin.o
                [!provide]                PROVIDE (__fini_array_end = .)
                0x08005f7c                _sidata = LOADADDR (.data)

.data           0x20000000       0x10 load address 0x08005f7c
                0x20000000                . = ALIGN (0x4)
                0x20000000                _sdata = .
 *(.data)
 .data          0x20000000        0x8 Drivers/STM32F7xx_HAL_Driver/Src/stm32f7xx_hal.o
                0x20000000                uwTickFreq
                0x20000004                uwTickPrio
 .data          0x20000008        0x4 Middlewares/Third_Party/FreeRTOS/Source/portable/GCC/ARM_CM7/r0p1/port.o
 .data          0x2000000c        0x4 Src/system_stm32f7xx.o
                0x2000000c                SystemCoreClock
 *(.data*)
                0x20000010                . = ALIGN (0x4)
                0x20000010                _edata = .

.igot.plt       0x20000010        0x0 load address 0x08005f8c
 .igot.plt      0x20000010        0x0 d:/programy/studia/ac6/systemworkbench/plugins/fr.ac6.mcu.externaltools.arm-none.win32_1.17.0.201812190825/tools/compiler/bin/../lib/gcc/arm-none-eabi/7.3.1/thumb/v7e-m/fpv5/hard/crtbegin.o
                0x20000010                . = ALIGN (0x4)

.bss            0x20000010     0x41d0 load address 0x08005f8c
                0x20000010                _sbss = .
                0x20000010                __bss_start__ = _sbss
 *(.bss)
 .bss           0x20000010       0x1c d:/programy/studia/ac6/systemworkbench/plugins/fr.ac6.mcu.externaltools.arm-none.win32_1.17.0.201812190825/tools/compiler/bin/../lib/gcc/arm-none-eabi/7.3.1/thumb/v7e-m/fpv5/hard/crtbegin.o
 .bss           0x2000002c      0x12c Middlewares/Third_Party/FreeRTOS/Source/tasks.o
                0x2000012c                pxCurrentTCB
 .bss           0x20000158        0x8 Middlewares/Third_Party/FreeRTOS/Source/portable/GCC/ARM_CM7/r0p1/port.o
 .bss           0x20000160     0x3c18 Middlewares/Third_Party/FreeRTOS/Source/portable/MemMang/heap_4.o
 *(.bss*)
 *(COMMON)
 COMMON         0x20003d78        0x4 Drivers/STM32F7xx_HAL_Driver/Src/stm32f7xx_hal.o
                0x20003d78                uwTick
 COMMON         0x20003d7c       0xa8 Src/adc.o
                0x20003d7c                hadc1
                0x20003dc4                hdma_adc1
 COMMON         0x20003e24       0x18 Src/freertos.o
                0x20003e24                defaultTaskHandle
                0x20003e28                uartTxSemaphoreHandle
                0x20003e2c                uartRxSemaphoreHandle
                0x20003e30                MenuTaskHandle
                0x20003e34                SensorsTaskHandle
                0x20003e38                adcSemaphoreHandle
 COMMON         0x20003e3c       0x64 Src/spi.o
                0x20003e3c                hspi1
 COMMON         0x20003ea0       0x40 Src/stm32f7xx_hal_timebase_TIM.o
                0x20003ea0                htim14
 COMMON         0x20003ee0      0x140 Src/tim.o
                0x20003ee0                htim4
                0x20003f20                htim5
                0x20003f60                htim3
                0x20003fa0                htim1
                0x20003fe0                htim2
 COMMON         0x20004020      0x1c0 Src/usart.o
                0x20004020                hdma_usart3_rx
                0x20004080                huart3
                0x20004100                hdma_usart3_tx
                0x20004160                huart2
                0x200041e0                . = ALIGN (0x4)
                0x200041e0                _ebss = .
                0x200041e0                __bss_end__ = _ebss

._user_heap_stack
                0x200041e0      0x600 load address 0x08005f8c
                0x200041e0                . = ALIGN (0x8)
                0x200041e0                PROVIDE (end = .)
                [!provide]                PROVIDE (_end = .)
                0x200043e0                . = (. + _Min_Heap_Size)
 *fill*         0x200041e0      0x200 
                0x200047e0                . = (. + _Min_Stack_Size)
 *fill*         0x200043e0      0x400 
                0x200047e0                . = ALIGN (0x8)

/DISCARD/
 libc.a(*)
 libm.a(*)
 libgcc.a(*)

.ARM.attributes
                0x00000000       0x2e
 *(.ARM.attributes)
 .ARM.attributes
                0x00000000       0x20 d:/programy/studia/ac6/systemworkbench/plugins/fr.ac6.mcu.externaltools.arm-none.win32_1.17.0.201812190825/tools/compiler/bin/../lib/gcc/arm-none-eabi/7.3.1/thumb/v7e-m/fpv5/hard/crti.o
 .ARM.attributes
                0x00000020       0x32 d:/programy/studia/ac6/systemworkbench/plugins/fr.ac6.mcu.externaltools.arm-none.win32_1.17.0.201812190825/tools/compiler/bin/../lib/gcc/arm-none-eabi/7.3.1/thumb/v7e-m/fpv5/hard/crtbegin.o
 .ARM.attributes
                0x00000052       0x37 Drivers/STM32F7xx_HAL_Driver/Src/stm32f7xx_hal.o
 .ARM.attributes
                0x00000089       0x37 Drivers/STM32F7xx_HAL_Driver/Src/stm32f7xx_hal_adc.o
 .ARM.attributes
                0x000000c0       0x37 Drivers/STM32F7xx_HAL_Driver/Src/stm32f7xx_hal_adc_ex.o
 .ARM.attributes
                0x000000f7       0x37 Drivers/STM32F7xx_HAL_Driver/Src/stm32f7xx_hal_cortex.o
 .ARM.attributes
                0x0000012e       0x37 Drivers/STM32F7xx_HAL_Driver/Src/stm32f7xx_hal_dma.o
 .ARM.attributes
                0x00000165       0x37 Drivers/STM32F7xx_HAL_Driver/Src/stm32f7xx_hal_gpio.o
 .ARM.attributes
                0x0000019c       0x37 Drivers/STM32F7xx_HAL_Driver/Src/stm32f7xx_hal_pwr.o
 .ARM.attributes
                0x000001d3       0x37 Drivers/STM32F7xx_HAL_Driver/Src/stm32f7xx_hal_rcc.o
 .ARM.attributes
                0x0000020a       0x37 Drivers/STM32F7xx_HAL_Driver/Src/stm32f7xx_hal_rcc_ex.o
 .ARM.attributes
                0x00000241       0x37 Drivers/STM32F7xx_HAL_Driver/Src/stm32f7xx_hal_spi.o
 .ARM.attributes
                0x00000278       0x37 Drivers/STM32F7xx_HAL_Driver/Src/stm32f7xx_hal_tim.o
 .ARM.attributes
                0x000002af       0x37 Drivers/STM32F7xx_HAL_Driver/Src/stm32f7xx_hal_tim_ex.o
 .ARM.attributes
                0x000002e6       0x37 Drivers/STM32F7xx_HAL_Driver/Src/stm32f7xx_hal_uart.o
 .ARM.attributes
                0x0000031d       0x37 Middlewares/Third_Party/FreeRTOS/Source/CMSIS_RTOS/cmsis_os.o
 .ARM.attributes
                0x00000354       0x37 Middlewares/Third_Party/FreeRTOS/Source/list.o
 .ARM.attributes
                0x0000038b       0x37 Middlewares/Third_Party/FreeRTOS/Source/queue.o
 .ARM.attributes
                0x000003c2       0x37 Middlewares/Third_Party/FreeRTOS/Source/tasks.o
 .ARM.attributes
                0x000003f9       0x37 Middlewares/Third_Party/FreeRTOS/Source/portable/GCC/ARM_CM7/r0p1/port.o
 .ARM.attributes
                0x00000430       0x37 Middlewares/Third_Party/FreeRTOS/Source/portable/MemMang/heap_4.o
 .ARM.attributes
                0x00000467       0x37 Src/adc.o
 .ARM.attributes
                0x0000049e       0x37 Src/dma.o
 .ARM.attributes
                0x000004d5       0x37 Src/freertos.o
 .ARM.attributes
                0x0000050c       0x37 Src/gpio.o
 .ARM.attributes
                0x00000543       0x37 Src/main.o
 .ARM.attributes
                0x0000057a       0x37 Src/spi.o
 .ARM.attributes
                0x000005b1       0x37 Src/stm32f7xx_hal_msp.o
 .ARM.attributes
                0x000005e8       0x37 Src/stm32f7xx_hal_timebase_TIM.o
 .ARM.attributes
                0x0000061f       0x37 Src/stm32f7xx_it.o
 .ARM.attributes
                0x00000656       0x37 Src/system_stm32f7xx.o
 .ARM.attributes
                0x0000068d       0x37 Src/tim.o
 .ARM.attributes
                0x000006c4       0x37 Src/usart.o
 .ARM.attributes
                0x000006fb       0x21 startup/startup_stm32f767xx.o
 .ARM.attributes
                0x0000071c       0x20 d:/programy/studia/ac6/systemworkbench/plugins/fr.ac6.mcu.externaltools.arm-none.win32_1.17.0.201812190825/tools/compiler/bin/../lib/gcc/arm-none-eabi/7.3.1/thumb/v7e-m/fpv5/hard\libgcc.a(_aeabi_uldivmod.o)
 .ARM.attributes
                0x0000073c       0x32 d:/programy/studia/ac6/systemworkbench/plugins/fr.ac6.mcu.externaltools.arm-none.win32_1.17.0.201812190825/tools/compiler/bin/../lib/gcc/arm-none-eabi/7.3.1/thumb/v7e-m/fpv5/hard\libgcc.a(_udivmoddi4.o)
 .ARM.attributes
                0x0000076e       0x20 d:/programy/studia/ac6/systemworkbench/plugins/fr.ac6.mcu.externaltools.arm-none.win32_1.17.0.201812190825/tools/compiler/bin/../lib/gcc/arm-none-eabi/7.3.1/thumb/v7e-m/fpv5/hard\libgcc.a(_dvmd_tls.o)
 .ARM.attributes
                0x0000078e       0x32 d:/programy/studia/ac6/systemworkbench/plugins/fr.ac6.mcu.externaltools.arm-none.win32_1.17.0.201812190825/tools/compiler/bin/../lib/gcc/arm-none-eabi/7.3.1/../../../../arm-none-eabi/lib/thumb/v7e-m/fpv5/hard\libc_nano.a(lib_a-init.o)
 .ARM.attributes
                0x000007c0       0x32 d:/programy/studia/ac6/systemworkbench/plugins/fr.ac6.mcu.externaltools.arm-none.win32_1.17.0.201812190825/tools/compiler/bin/../lib/gcc/arm-none-eabi/7.3.1/../../../../arm-none-eabi/lib/thumb/v7e-m/fpv5/hard\libc_nano.a(lib_a-memcpy-stub.o)
 .ARM.attributes
                0x000007f2       0x32 d:/programy/studia/ac6/systemworkbench/plugins/fr.ac6.mcu.externaltools.arm-none.win32_1.17.0.201812190825/tools/compiler/bin/../lib/gcc/arm-none-eabi/7.3.1/../../../../arm-none-eabi/lib/thumb/v7e-m/fpv5/hard\libc_nano.a(lib_a-memset.o)
 .ARM.attributes
                0x00000824       0x20 d:/programy/studia/ac6/systemworkbench/plugins/fr.ac6.mcu.externaltools.arm-none.win32_1.17.0.201812190825/tools/compiler/bin/../lib/gcc/arm-none-eabi/7.3.1/thumb/v7e-m/fpv5/hard/crtn.o
OUTPUT(eRatPlatform2.elf elf32-littlearm)

.debug_info     0x00000000    0x21567
 .debug_info    0x00000000      0xae2 Drivers/STM32F7xx_HAL_Driver/Src/stm32f7xx_hal.o
 .debug_info    0x00000ae2      0xdbc Drivers/STM32F7xx_HAL_Driver/Src/stm32f7xx_hal_adc.o
 .debug_info    0x0000189e      0xbc8 Drivers/STM32F7xx_HAL_Driver/Src/stm32f7xx_hal_adc_ex.o
 .debug_info    0x00002466     0x11f0 Drivers/STM32F7xx_HAL_Driver/Src/stm32f7xx_hal_cortex.o
 .debug_info    0x00003656      0xaaf Drivers/STM32F7xx_HAL_Driver/Src/stm32f7xx_hal_dma.o
 .debug_info    0x00004105      0x7f6 Drivers/STM32F7xx_HAL_Driver/Src/stm32f7xx_hal_gpio.o
 .debug_info    0x000048fb      0x9c2 Drivers/STM32F7xx_HAL_Driver/Src/stm32f7xx_hal_pwr.o
 .debug_info    0x000052bd      0xb9a Drivers/STM32F7xx_HAL_Driver/Src/stm32f7xx_hal_rcc.o
 .debug_info    0x00005e57      0x8c9 Drivers/STM32F7xx_HAL_Driver/Src/stm32f7xx_hal_rcc_ex.o
 .debug_info    0x00006720     0x1e9d Drivers/STM32F7xx_HAL_Driver/Src/stm32f7xx_hal_spi.o
 .debug_info    0x000085bd     0x332e Drivers/STM32F7xx_HAL_Driver/Src/stm32f7xx_hal_tim.o
 .debug_info    0x0000b8eb     0x16a6 Drivers/STM32F7xx_HAL_Driver/Src/stm32f7xx_hal_tim_ex.o
 .debug_info    0x0000cf91     0x1bc0 Drivers/STM32F7xx_HAL_Driver/Src/stm32f7xx_hal_uart.o
 .debug_info    0x0000eb51     0x2311 Middlewares/Third_Party/FreeRTOS/Source/CMSIS_RTOS/cmsis_os.o
 .debug_info    0x00010e62      0xad2 Middlewares/Third_Party/FreeRTOS/Source/list.o
 .debug_info    0x00011934     0x2460 Middlewares/Third_Party/FreeRTOS/Source/queue.o
 .debug_info    0x00013d94     0x2a18 Middlewares/Third_Party/FreeRTOS/Source/tasks.o
 .debug_info    0x000167ac      0x526 Middlewares/Third_Party/FreeRTOS/Source/portable/GCC/ARM_CM7/r0p1/port.o
 .debug_info    0x00016cd2      0xc71 Middlewares/Third_Party/FreeRTOS/Source/portable/MemMang/heap_4.o
 .debug_info    0x00017943      0xf0c Src/adc.o
 .debug_info    0x0001884f      0x6fd Src/dma.o
 .debug_info    0x00018f4c      0xedd Src/freertos.o
 .debug_info    0x00019e29      0x8ab Src/gpio.o
 .debug_info    0x0001a6d4     0x16ef Src/main.o
 .debug_info    0x0001bdc3      0xae1 Src/spi.o
 .debug_info    0x0001c8a4      0x67d Src/stm32f7xx_hal_msp.o
 .debug_info    0x0001cf21      0xd17 Src/stm32f7xx_hal_timebase_TIM.o
 .debug_info    0x0001dc38      0xf76 Src/stm32f7xx_it.o
 .debug_info    0x0001ebae      0x742 Src/system_stm32f7xx.o
 .debug_info    0x0001f2f0     0x1302 Src/tim.o
 .debug_info    0x000205f2      0xf53 Src/usart.o
 .debug_info    0x00021545       0x22 startup/startup_stm32f767xx.o

.debug_abbrev   0x00000000     0x453c
 .debug_abbrev  0x00000000      0x1ed Drivers/STM32F7xx_HAL_Driver/Src/stm32f7xx_hal.o
 .debug_abbrev  0x000001ed      0x233 Drivers/STM32F7xx_HAL_Driver/Src/stm32f7xx_hal_adc.o
 .debug_abbrev  0x00000420      0x262 Drivers/STM32F7xx_HAL_Driver/Src/stm32f7xx_hal_adc_ex.o
 .debug_abbrev  0x00000682      0x328 Drivers/STM32F7xx_HAL_Driver/Src/stm32f7xx_hal_cortex.o
 .debug_abbrev  0x000009aa      0x290 Drivers/STM32F7xx_HAL_Driver/Src/stm32f7xx_hal_dma.o
 .debug_abbrev  0x00000c3a      0x1e7 Drivers/STM32F7xx_HAL_Driver/Src/stm32f7xx_hal_gpio.o
 .debug_abbrev  0x00000e21      0x1b8 Drivers/STM32F7xx_HAL_Driver/Src/stm32f7xx_hal_pwr.o
 .debug_abbrev  0x00000fd9      0x296 Drivers/STM32F7xx_HAL_Driver/Src/stm32f7xx_hal_rcc.o
 .debug_abbrev  0x0000126f      0x1de Drivers/STM32F7xx_HAL_Driver/Src/stm32f7xx_hal_rcc_ex.o
 .debug_abbrev  0x0000144d      0x249 Drivers/STM32F7xx_HAL_Driver/Src/stm32f7xx_hal_spi.o
 .debug_abbrev  0x00001696      0x226 Drivers/STM32F7xx_HAL_Driver/Src/stm32f7xx_hal_tim.o
 .debug_abbrev  0x000018bc      0x237 Drivers/STM32F7xx_HAL_Driver/Src/stm32f7xx_hal_tim_ex.o
 .debug_abbrev  0x00001af3      0x24d Drivers/STM32F7xx_HAL_Driver/Src/stm32f7xx_hal_uart.o
 .debug_abbrev  0x00001d40      0x3d4 Middlewares/Third_Party/FreeRTOS/Source/CMSIS_RTOS/cmsis_os.o
 .debug_abbrev  0x00002114      0x223 Middlewares/Third_Party/FreeRTOS/Source/list.o
 .debug_abbrev  0x00002337      0x3bf Middlewares/Third_Party/FreeRTOS/Source/queue.o
 .debug_abbrev  0x000026f6      0x3b1 Middlewares/Third_Party/FreeRTOS/Source/tasks.o
 .debug_abbrev  0x00002aa7      0x253 Middlewares/Third_Party/FreeRTOS/Source/portable/GCC/ARM_CM7/r0p1/port.o
 .debug_abbrev  0x00002cfa      0x318 Middlewares/Third_Party/FreeRTOS/Source/portable/MemMang/heap_4.o
 .debug_abbrev  0x00003012      0x1e3 Src/adc.o
 .debug_abbrev  0x000031f5      0x140 Src/dma.o
 .debug_abbrev  0x00003335      0x229 Src/freertos.o
 .debug_abbrev  0x0000355e      0x17c Src/gpio.o
 .debug_abbrev  0x000036da      0x209 Src/main.o
 .debug_abbrev  0x000038e3      0x1c9 Src/spi.o
 .debug_abbrev  0x00003aac      0x133 Src/stm32f7xx_hal_msp.o
 .debug_abbrev  0x00003bdf      0x1f0 Src/stm32f7xx_hal_timebase_TIM.o
 .debug_abbrev  0x00003dcf      0x1e5 Src/stm32f7xx_it.o
 .debug_abbrev  0x00003fb4      0x147 Src/system_stm32f7xx.o
 .debug_abbrev  0x000040fb      0x24c Src/tim.o
 .debug_abbrev  0x00004347      0x1e3 Src/usart.o
 .debug_abbrev  0x0000452a       0x12 startup/startup_stm32f767xx.o

.debug_loc      0x00000000     0xf350
 .debug_loc     0x00000000       0xfd Drivers/STM32F7xx_HAL_Driver/Src/stm32f7xx_hal.o
 .debug_loc     0x000000fd      0x881 Drivers/STM32F7xx_HAL_Driver/Src/stm32f7xx_hal_adc.o
 .debug_loc     0x0000097e      0x774 Drivers/STM32F7xx_HAL_Driver/Src/stm32f7xx_hal_adc_ex.o
 .debug_loc     0x000010f2      0x5c0 Drivers/STM32F7xx_HAL_Driver/Src/stm32f7xx_hal_cortex.o
 .debug_loc     0x000016b2      0xbc6 Drivers/STM32F7xx_HAL_Driver/Src/stm32f7xx_hal_dma.o
 .debug_loc     0x00002278      0x497 Drivers/STM32F7xx_HAL_Driver/Src/stm32f7xx_hal_gpio.o
 .debug_loc     0x0000270f       0x8d Drivers/STM32F7xx_HAL_Driver/Src/stm32f7xx_hal_pwr.o
 .debug_loc     0x0000279c      0x4cf Drivers/STM32F7xx_HAL_Driver/Src/stm32f7xx_hal_rcc.o
 .debug_loc     0x00002c6b      0x5fc Drivers/STM32F7xx_HAL_Driver/Src/stm32f7xx_hal_rcc_ex.o
 .debug_loc     0x00003267     0x19ee Drivers/STM32F7xx_HAL_Driver/Src/stm32f7xx_hal_spi.o
 .debug_loc     0x00004c55     0x3b46 Drivers/STM32F7xx_HAL_Driver/Src/stm32f7xx_hal_tim.o
 .debug_loc     0x0000879b     0x1860 Drivers/STM32F7xx_HAL_Driver/Src/stm32f7xx_hal_tim_ex.o
 .debug_loc     0x00009ffb     0x16e7 Drivers/STM32F7xx_HAL_Driver/Src/stm32f7xx_hal_uart.o
 .debug_loc     0x0000b6e2      0xee1 Middlewares/Third_Party/FreeRTOS/Source/CMSIS_RTOS/cmsis_os.o
 .debug_loc     0x0000c5c3       0x70 Middlewares/Third_Party/FreeRTOS/Source/list.o
 .debug_loc     0x0000c633      0xf95 Middlewares/Third_Party/FreeRTOS/Source/queue.o
 .debug_loc     0x0000d5c8     0x147f Middlewares/Third_Party/FreeRTOS/Source/tasks.o
 .debug_loc     0x0000ea47       0xdc Middlewares/Third_Party/FreeRTOS/Source/portable/GCC/ARM_CM7/r0p1/port.o
 .debug_loc     0x0000eb23      0x291 Middlewares/Third_Party/FreeRTOS/Source/portable/MemMang/heap_4.o
 .debug_loc     0x0000edb4       0x63 Src/adc.o
 .debug_loc     0x0000ee17       0x8d Src/freertos.o
 .debug_loc     0x0000eea4       0x3a Src/main.o
 .debug_loc     0x0000eede       0x74 Src/spi.o
 .debug_loc     0x0000ef52       0x79 Src/stm32f7xx_hal_timebase_TIM.o
 .debug_loc     0x0000efcb       0x63 Src/stm32f7xx_it.o
 .debug_loc     0x0000f02e      0x13e Src/system_stm32f7xx.o
 .debug_loc     0x0000f16c      0x144 Src/tim.o
 .debug_loc     0x0000f2b0       0xa0 Src/usart.o

.debug_aranges  0x00000000     0x16e8
 .debug_aranges
                0x00000000      0x110 Drivers/STM32F7xx_HAL_Driver/Src/stm32f7xx_hal.o
 .debug_aranges
                0x00000110       0xe8 Drivers/STM32F7xx_HAL_Driver/Src/stm32f7xx_hal_adc.o
 .debug_aranges
                0x000001f8       0x90 Drivers/STM32F7xx_HAL_Driver/Src/stm32f7xx_hal_adc_ex.o
 .debug_aranges
                0x00000288       0xa8 Drivers/STM32F7xx_HAL_Driver/Src/stm32f7xx_hal_cortex.o
 .debug_aranges
                0x00000330       0x90 Drivers/STM32F7xx_HAL_Driver/Src/stm32f7xx_hal_dma.o
 .debug_aranges
                0x000003c0       0x58 Drivers/STM32F7xx_HAL_Driver/Src/stm32f7xx_hal_gpio.o
 .debug_aranges
                0x00000418       0xa0 Drivers/STM32F7xx_HAL_Driver/Src/stm32f7xx_hal_pwr.o
 .debug_aranges
                0x000004b8       0x88 Drivers/STM32F7xx_HAL_Driver/Src/stm32f7xx_hal_rcc.o
 .debug_aranges
                0x00000540       0x50 Drivers/STM32F7xx_HAL_Driver/Src/stm32f7xx_hal_rcc_ex.o
 .debug_aranges
                0x00000590      0x1d8 Drivers/STM32F7xx_HAL_Driver/Src/stm32f7xx_hal_spi.o
 .debug_aranges
                0x00000768      0x3b8 Drivers/STM32F7xx_HAL_Driver/Src/stm32f7xx_hal_tim.o
 .debug_aranges
                0x00000b20      0x168 Drivers/STM32F7xx_HAL_Driver/Src/stm32f7xx_hal_tim_ex.o
 .debug_aranges
                0x00000c88      0x1f8 Drivers/STM32F7xx_HAL_Driver/Src/stm32f7xx_hal_uart.o
 .debug_aranges
                0x00000e80      0x1d8 Middlewares/Third_Party/FreeRTOS/Source/CMSIS_RTOS/cmsis_os.o
 .debug_aranges
                0x00001058       0x40 Middlewares/Third_Party/FreeRTOS/Source/list.o
 .debug_aranges
                0x00001098       0xf8 Middlewares/Third_Party/FreeRTOS/Source/queue.o
 .debug_aranges
                0x00001190      0x1a0 Middlewares/Third_Party/FreeRTOS/Source/tasks.o
 .debug_aranges
                0x00001330       0x80 Middlewares/Third_Party/FreeRTOS/Source/portable/GCC/ARM_CM7/r0p1/port.o
 .debug_aranges
                0x000013b0       0x50 Middlewares/Third_Party/FreeRTOS/Source/portable/MemMang/heap_4.o
 .debug_aranges
                0x00001400       0x30 Src/adc.o
 .debug_aranges
                0x00001430       0x20 Src/dma.o
 .debug_aranges
                0x00001450       0x38 Src/freertos.o
 .debug_aranges
                0x00001488       0x20 Src/gpio.o
 .debug_aranges
                0x000014a8       0x38 Src/main.o
 .debug_aranges
                0x000014e0       0x30 Src/spi.o
 .debug_aranges
                0x00001510       0x20 Src/stm32f7xx_hal_msp.o
 .debug_aranges
                0x00001530       0x30 Src/stm32f7xx_hal_timebase_TIM.o
 .debug_aranges
                0x00001560       0x98 Src/stm32f7xx_it.o
 .debug_aranges
                0x000015f8       0x28 Src/system_stm32f7xx.o
 .debug_aranges
                0x00001620       0x68 Src/tim.o
 .debug_aranges
                0x00001688       0x38 Src/usart.o
 .debug_aranges
                0x000016c0       0x28 startup/startup_stm32f767xx.o

.debug_ranges   0x00000000     0x16a0
 .debug_ranges  0x00000000      0x100 Drivers/STM32F7xx_HAL_Driver/Src/stm32f7xx_hal.o
 .debug_ranges  0x00000100       0xd8 Drivers/STM32F7xx_HAL_Driver/Src/stm32f7xx_hal_adc.o
 .debug_ranges  0x000001d8       0x80 Drivers/STM32F7xx_HAL_Driver/Src/stm32f7xx_hal_adc_ex.o
 .debug_ranges  0x00000258       0xf8 Drivers/STM32F7xx_HAL_Driver/Src/stm32f7xx_hal_cortex.o
 .debug_ranges  0x00000350       0x80 Drivers/STM32F7xx_HAL_Driver/Src/stm32f7xx_hal_dma.o
 .debug_ranges  0x000003d0       0x48 Drivers/STM32F7xx_HAL_Driver/Src/stm32f7xx_hal_gpio.o
 .debug_ranges  0x00000418       0x90 Drivers/STM32F7xx_HAL_Driver/Src/stm32f7xx_hal_pwr.o
 .debug_ranges  0x000004a8       0x78 Drivers/STM32F7xx_HAL_Driver/Src/stm32f7xx_hal_rcc.o
 .debug_ranges  0x00000520       0x40 Drivers/STM32F7xx_HAL_Driver/Src/stm32f7xx_hal_rcc_ex.o
 .debug_ranges  0x00000560      0x1c8 Drivers/STM32F7xx_HAL_Driver/Src/stm32f7xx_hal_spi.o
 .debug_ranges  0x00000728      0x3a8 Drivers/STM32F7xx_HAL_Driver/Src/stm32f7xx_hal_tim.o
 .debug_ranges  0x00000ad0      0x158 Drivers/STM32F7xx_HAL_Driver/Src/stm32f7xx_hal_tim_ex.o
 .debug_ranges  0x00000c28      0x1e8 Drivers/STM32F7xx_HAL_Driver/Src/stm32f7xx_hal_uart.o
 .debug_ranges  0x00000e10      0x1c8 Middlewares/Third_Party/FreeRTOS/Source/CMSIS_RTOS/cmsis_os.o
 .debug_ranges  0x00000fd8       0x30 Middlewares/Third_Party/FreeRTOS/Source/list.o
 .debug_ranges  0x00001008      0x1c8 Middlewares/Third_Party/FreeRTOS/Source/queue.o
 .debug_ranges  0x000011d0      0x200 Middlewares/Third_Party/FreeRTOS/Source/tasks.o
 .debug_ranges  0x000013d0       0x70 Middlewares/Third_Party/FreeRTOS/Source/portable/GCC/ARM_CM7/r0p1/port.o
 .debug_ranges  0x00001440       0x40 Middlewares/Third_Party/FreeRTOS/Source/portable/MemMang/heap_4.o
 .debug_ranges  0x00001480       0x20 Src/adc.o
 .debug_ranges  0x000014a0       0x10 Src/dma.o
 .debug_ranges  0x000014b0       0x28 Src/freertos.o
 .debug_ranges  0x000014d8       0x10 Src/gpio.o
 .debug_ranges  0x000014e8       0x28 Src/main.o
 .debug_ranges  0x00001510       0x20 Src/spi.o
 .debug_ranges  0x00001530       0x10 Src/stm32f7xx_hal_msp.o
 .debug_ranges  0x00001540       0x20 Src/stm32f7xx_hal_timebase_TIM.o
 .debug_ranges  0x00001560       0x88 Src/stm32f7xx_it.o
 .debug_ranges  0x000015e8       0x18 Src/system_stm32f7xx.o
 .debug_ranges  0x00001600       0x58 Src/tim.o
 .debug_ranges  0x00001658       0x28 Src/usart.o
 .debug_ranges  0x00001680       0x20 startup/startup_stm32f767xx.o

.debug_macro    0x00000000    0x2a639
 .debug_macro   0x00000000      0x235 Drivers/STM32F7xx_HAL_Driver/Src/stm32f7xx_hal.o
 .debug_macro   0x00000235      0xa6c Drivers/STM32F7xx_HAL_Driver/Src/stm32f7xx_hal.o
 .debug_macro   0x00000ca1      0x195 Drivers/STM32F7xx_HAL_Driver/Src/stm32f7xx_hal.o
 .debug_macro   0x00000e36       0x2e Drivers/STM32F7xx_HAL_Driver/Src/stm32f7xx_hal.o
 .debug_macro   0x00000e64       0x3b Drivers/STM32F7xx_HAL_Driver/Src/stm32f7xx_hal.o
 .debug_macro   0x00000e9f       0x22 Drivers/STM32F7xx_HAL_Driver/Src/stm32f7xx_hal.o
 .debug_macro   0x00000ec1       0x8e Drivers/STM32F7xx_HAL_Driver/Src/stm32f7xx_hal.o
 .debug_macro   0x00000f4f       0x51 Drivers/STM32F7xx_HAL_Driver/Src/stm32f7xx_hal.o
 .debug_macro   0x00000fa0       0xef Drivers/STM32F7xx_HAL_Driver/Src/stm32f7xx_hal.o
 .debug_macro   0x0000108f       0x6a Drivers/STM32F7xx_HAL_Driver/Src/stm32f7xx_hal.o
 .debug_macro   0x000010f9      0x1df Drivers/STM32F7xx_HAL_Driver/Src/stm32f7xx_hal.o
 .debug_macro   0x000012d8       0x1c Drivers/STM32F7xx_HAL_Driver/Src/stm32f7xx_hal.o
 .debug_macro   0x000012f4       0x22 Drivers/STM32F7xx_HAL_Driver/Src/stm32f7xx_hal.o
 .debug_macro   0x00001316       0xdf Drivers/STM32F7xx_HAL_Driver/Src/stm32f7xx_hal.o
 .debug_macro   0x000013f5     0x12cd Drivers/STM32F7xx_HAL_Driver/Src/stm32f7xx_hal.o
 .debug_macro   0x000026c2      0x11f Drivers/STM32F7xx_HAL_Driver/Src/stm32f7xx_hal.o
 .debug_macro   0x000027e1       0x19 Drivers/STM32F7xx_HAL_Driver/Src/stm32f7xx_hal.o
 .debug_macro   0x000027fa    0x1a029 Drivers/STM32F7xx_HAL_Driver/Src/stm32f7xx_hal.o
 .debug_macro   0x0001c823       0x43 Drivers/STM32F7xx_HAL_Driver/Src/stm32f7xx_hal.o
 .debug_macro   0x0001c866     0x363d Drivers/STM32F7xx_HAL_Driver/Src/stm32f7xx_hal.o
 .debug_macro   0x0001fea3      0x174 Drivers/STM32F7xx_HAL_Driver/Src/stm32f7xx_hal.o
 .debug_macro   0x00020017       0x55 Drivers/STM32F7xx_HAL_Driver/Src/stm32f7xx_hal.o
 .debug_macro   0x0002006c     0x1add Drivers/STM32F7xx_HAL_Driver/Src/stm32f7xx_hal.o
 .debug_macro   0x00021b49      0x6c4 Drivers/STM32F7xx_HAL_Driver/Src/stm32f7xx_hal.o
 .debug_macro   0x0002220d      0x109 Drivers/STM32F7xx_HAL_Driver/Src/stm32f7xx_hal.o
 .debug_macro   0x00022316      0x117 Drivers/STM32F7xx_HAL_Driver/Src/stm32f7xx_hal.o
 .debug_macro   0x0002242d      0x26f Drivers/STM32F7xx_HAL_Driver/Src/stm32f7xx_hal.o
 .debug_macro   0x0002269c       0x27 Drivers/STM32F7xx_HAL_Driver/Src/stm32f7xx_hal.o
 .debug_macro   0x000226c3      0x24f Drivers/STM32F7xx_HAL_Driver/Src/stm32f7xx_hal.o
 .debug_macro   0x00022912       0x71 Drivers/STM32F7xx_HAL_Driver/Src/stm32f7xx_hal.o
 .debug_macro   0x00022983       0x58 Drivers/STM32F7xx_HAL_Driver/Src/stm32f7xx_hal.o
 .debug_macro   0x000229db      0x236 Drivers/STM32F7xx_HAL_Driver/Src/stm32f7xx_hal.o
 .debug_macro   0x00022c11      0x408 Drivers/STM32F7xx_HAL_Driver/Src/stm32f7xx_hal.o
 .debug_macro   0x00023019      0x161 Drivers/STM32F7xx_HAL_Driver/Src/stm32f7xx_hal.o
 .debug_macro   0x0002317a      0x100 Drivers/STM32F7xx_HAL_Driver/Src/stm32f7xx_hal.o
 .debug_macro   0x0002327a      0x14f Drivers/STM32F7xx_HAL_Driver/Src/stm32f7xx_hal.o
 .debug_macro   0x000233c9      0x3dc Drivers/STM32F7xx_HAL_Driver/Src/stm32f7xx_hal.o
 .debug_macro   0x000237a5       0x12 Drivers/STM32F7xx_HAL_Driver/Src/stm32f7xx_hal.o
 .debug_macro   0x000237b7      0x22c Drivers/STM32F7xx_HAL_Driver/Src/stm32f7xx_hal.o
 .debug_macro   0x000239e3       0x61 Drivers/STM32F7xx_HAL_Driver/Src/stm32f7xx_hal.o
 .debug_macro   0x00023a44       0xa5 Drivers/STM32F7xx_HAL_Driver/Src/stm32f7xx_hal.o
 .debug_macro   0x00023ae9      0x12f Drivers/STM32F7xx_HAL_Driver/Src/stm32f7xx_hal.o
 .debug_macro   0x00023c18      0x108 Drivers/STM32F7xx_HAL_Driver/Src/stm32f7xx_hal.o
 .debug_macro   0x00023d20       0x35 Drivers/STM32F7xx_HAL_Driver/Src/stm32f7xx_hal.o
 .debug_macro   0x00023d55      0x2fe Drivers/STM32F7xx_HAL_Driver/Src/stm32f7xx_hal.o
 .debug_macro   0x00024053      0x9f0 Drivers/STM32F7xx_HAL_Driver/Src/stm32f7xx_hal.o
 .debug_macro   0x00024a43       0xa9 Drivers/STM32F7xx_HAL_Driver/Src/stm32f7xx_hal.o
 .debug_macro   0x00024aec      0x519 Drivers/STM32F7xx_HAL_Driver/Src/stm32f7xx_hal.o
 .debug_macro   0x00025005       0x44 Drivers/STM32F7xx_HAL_Driver/Src/stm32f7xx_hal.o
 .debug_macro   0x00025049      0x15c Drivers/STM32F7xx_HAL_Driver/Src/stm32f7xx_hal.o
 .debug_macro   0x000251a5      0x212 Drivers/STM32F7xx_HAL_Driver/Src/stm32f7xx_hal_adc.o
 .debug_macro   0x000253b7      0x211 Drivers/STM32F7xx_HAL_Driver/Src/stm32f7xx_hal_adc_ex.o
 .debug_macro   0x000255c8      0x211 Drivers/STM32F7xx_HAL_Driver/Src/stm32f7xx_hal_cortex.o
 .debug_macro   0x000257d9      0x217 Drivers/STM32F7xx_HAL_Driver/Src/stm32f7xx_hal_dma.o
 .debug_macro   0x000259f0      0x247 Drivers/STM32F7xx_HAL_Driver/Src/stm32f7xx_hal_gpio.o
 .debug_macro   0x00025c37      0x22f Drivers/STM32F7xx_HAL_Driver/Src/stm32f7xx_hal_pwr.o
 .debug_macro   0x00025e66      0x235 Drivers/STM32F7xx_HAL_Driver/Src/stm32f7xx_hal_rcc.o
 .debug_macro   0x0002609b      0x211 Drivers/STM32F7xx_HAL_Driver/Src/stm32f7xx_hal_rcc_ex.o
 .debug_macro   0x000262ac      0x219 Drivers/STM32F7xx_HAL_Driver/Src/stm32f7xx_hal_spi.o
 .debug_macro   0x000264c5      0x212 Drivers/STM32F7xx_HAL_Driver/Src/stm32f7xx_hal_tim.o
 .debug_macro   0x000266d7      0x211 Drivers/STM32F7xx_HAL_Driver/Src/stm32f7xx_hal_tim_ex.o
 .debug_macro   0x000268e8      0x22e Drivers/STM32F7xx_HAL_Driver/Src/stm32f7xx_hal_uart.o
 .debug_macro   0x00026b16      0x1ec Middlewares/Third_Party/FreeRTOS/Source/CMSIS_RTOS/cmsis_os.o
 .debug_macro   0x00026d02       0x58 Middlewares/Third_Party/FreeRTOS/Source/CMSIS_RTOS/cmsis_os.o
 .debug_macro   0x00026d5a       0x17 Middlewares/Third_Party/FreeRTOS/Source/CMSIS_RTOS/cmsis_os.o
 .debug_macro   0x00026d71       0x94 Middlewares/Third_Party/FreeRTOS/Source/CMSIS_RTOS/cmsis_os.o
 .debug_macro   0x00026e05       0x35 Middlewares/Third_Party/FreeRTOS/Source/CMSIS_RTOS/cmsis_os.o
 .debug_macro   0x00026e3a       0x34 Middlewares/Third_Party/FreeRTOS/Source/CMSIS_RTOS/cmsis_os.o
 .debug_macro   0x00026e6e       0x57 Middlewares/Third_Party/FreeRTOS/Source/CMSIS_RTOS/cmsis_os.o
 .debug_macro   0x00026ec5       0x58 Middlewares/Third_Party/FreeRTOS/Source/CMSIS_RTOS/cmsis_os.o
 .debug_macro   0x00026f1d       0x1f Middlewares/Third_Party/FreeRTOS/Source/CMSIS_RTOS/cmsis_os.o
 .debug_macro   0x00026f3c       0x43 Middlewares/Third_Party/FreeRTOS/Source/CMSIS_RTOS/cmsis_os.o
 .debug_macro   0x00026f7f       0x20 Middlewares/Third_Party/FreeRTOS/Source/CMSIS_RTOS/cmsis_os.o
 .debug_macro   0x00026f9f      0x18e Middlewares/Third_Party/FreeRTOS/Source/CMSIS_RTOS/cmsis_os.o
 .debug_macro   0x0002712d      0x330 Middlewares/Third_Party/FreeRTOS/Source/CMSIS_RTOS/cmsis_os.o
 .debug_macro   0x0002745d       0x10 Middlewares/Third_Party/FreeRTOS/Source/CMSIS_RTOS/cmsis_os.o
 .debug_macro   0x0002746d       0x35 Middlewares/Third_Party/FreeRTOS/Source/CMSIS_RTOS/cmsis_os.o
 .debug_macro   0x000274a2       0xd6 Middlewares/Third_Party/FreeRTOS/Source/CMSIS_RTOS/cmsis_os.o
 .debug_macro   0x00027578      0x15a Middlewares/Third_Party/FreeRTOS/Source/CMSIS_RTOS/cmsis_os.o
 .debug_macro   0x000276d2       0xd7 Middlewares/Third_Party/FreeRTOS/Source/CMSIS_RTOS/cmsis_os.o
 .debug_macro   0x000277a9       0x10 Middlewares/Third_Party/FreeRTOS/Source/CMSIS_RTOS/cmsis_os.o
 .debug_macro   0x000277b9       0x1f Middlewares/Third_Party/FreeRTOS/Source/CMSIS_RTOS/cmsis_os.o
 .debug_macro   0x000277d8      0x4b7 Middlewares/Third_Party/FreeRTOS/Source/CMSIS_RTOS/cmsis_os.o
 .debug_macro   0x00027c8f       0xb5 Middlewares/Third_Party/FreeRTOS/Source/CMSIS_RTOS/cmsis_os.o
 .debug_macro   0x00027d44       0x8c Middlewares/Third_Party/FreeRTOS/Source/CMSIS_RTOS/cmsis_os.o
 .debug_macro   0x00027dd0       0x91 Middlewares/Third_Party/FreeRTOS/Source/CMSIS_RTOS/cmsis_os.o
 .debug_macro   0x00027e61       0x86 Middlewares/Third_Party/FreeRTOS/Source/CMSIS_RTOS/cmsis_os.o
 .debug_macro   0x00027ee7       0x69 Middlewares/Third_Party/FreeRTOS/Source/CMSIS_RTOS/cmsis_os.o
 .debug_macro   0x00027f50       0x19 Middlewares/Third_Party/FreeRTOS/Source/CMSIS_RTOS/cmsis_os.o
 .debug_macro   0x00027f69       0xcf Middlewares/Third_Party/FreeRTOS/Source/CMSIS_RTOS/cmsis_os.o
 .debug_macro   0x00028038       0xc7 Middlewares/Third_Party/FreeRTOS/Source/CMSIS_RTOS/cmsis_os.o
 .debug_macro   0x000280ff      0x17a Middlewares/Third_Party/FreeRTOS/Source/list.o
 .debug_macro   0x00028279      0x200 Middlewares/Third_Party/FreeRTOS/Source/queue.o
 .debug_macro   0x00028479       0x16 Middlewares/Third_Party/FreeRTOS/Source/queue.o
 .debug_macro   0x0002848f      0x26e Middlewares/Third_Party/FreeRTOS/Source/tasks.o
 .debug_macro   0x000286fd       0x10 Middlewares/Third_Party/FreeRTOS/Source/tasks.o
 .debug_macro   0x0002870d      0x184 Middlewares/Third_Party/FreeRTOS/Source/portable/GCC/ARM_CM7/r0p1/port.o
 .debug_macro   0x00028891      0x1a1 Middlewares/Third_Party/FreeRTOS/Source/portable/MemMang/heap_4.o
 .debug_macro   0x00028a32      0x22a Src/adc.o
 .debug_macro   0x00028c5c      0x22a Src/dma.o
 .debug_macro   0x00028e86      0x2d3 Src/freertos.o
 .debug_macro   0x00029159      0x22a Src/gpio.o
 .debug_macro   0x00029383      0x313 Src/main.o
 .debug_macro   0x00029696      0x22a Src/spi.o
 .debug_macro   0x000298c0      0x220 Src/stm32f7xx_hal_msp.o
 .debug_macro   0x00029ae0      0x211 Src/stm32f7xx_hal_timebase_TIM.o
 .debug_macro   0x00029cf1      0x2dd Src/stm32f7xx_it.o
 .debug_macro   0x00029fce      0x217 Src/system_stm32f7xx.o
 .debug_macro   0x0002a1e5      0x22a Src/tim.o
 .debug_macro   0x0002a40f      0x22a Src/usart.o

.debug_line     0x00000000    0x146d8
 .debug_line    0x00000000      0x9d1 Drivers/STM32F7xx_HAL_Driver/Src/stm32f7xx_hal.o
 .debug_line    0x000009d1      0xc0e Drivers/STM32F7xx_HAL_Driver/Src/stm32f7xx_hal_adc.o
 .debug_line    0x000015df      0xab4 Drivers/STM32F7xx_HAL_Driver/Src/stm32f7xx_hal_adc_ex.o
 .debug_line    0x00002093      0x9e0 Drivers/STM32F7xx_HAL_Driver/Src/stm32f7xx_hal_cortex.o
 .debug_line    0x00002a73      0xab7 Drivers/STM32F7xx_HAL_Driver/Src/stm32f7xx_hal_dma.o
 .debug_line    0x0000352a      0x91e Drivers/STM32F7xx_HAL_Driver/Src/stm32f7xx_hal_gpio.o
 .debug_line    0x00003e48      0x8fe Drivers/STM32F7xx_HAL_Driver/Src/stm32f7xx_hal_pwr.o
 .debug_line    0x00004746      0xa4d Drivers/STM32F7xx_HAL_Driver/Src/stm32f7xx_hal_rcc.o
 .debug_line    0x00005193      0x9cf Drivers/STM32F7xx_HAL_Driver/Src/stm32f7xx_hal_rcc_ex.o
 .debug_line    0x00005b62     0x1280 Drivers/STM32F7xx_HAL_Driver/Src/stm32f7xx_hal_spi.o
 .debug_line    0x00006de2     0x18b9 Drivers/STM32F7xx_HAL_Driver/Src/stm32f7xx_hal_tim.o
 .debug_line    0x0000869b      0xe32 Drivers/STM32F7xx_HAL_Driver/Src/stm32f7xx_hal_tim_ex.o
 .debug_line    0x000094cd     0x12bf Drivers/STM32F7xx_HAL_Driver/Src/stm32f7xx_hal_uart.o
 .debug_line    0x0000a78c      0xc13 Middlewares/Third_Party/FreeRTOS/Source/CMSIS_RTOS/cmsis_os.o
 .debug_line    0x0000b39f      0x5ad Middlewares/Third_Party/FreeRTOS/Source/list.o
 .debug_line    0x0000b94c      0xbfa Middlewares/Third_Party/FreeRTOS/Source/queue.o
 .debug_line    0x0000c546      0xeb4 Middlewares/Third_Party/FreeRTOS/Source/tasks.o
 .debug_line    0x0000d3fa      0x659 Middlewares/Third_Party/FreeRTOS/Source/portable/GCC/ARM_CM7/r0p1/port.o
 .debug_line    0x0000da53      0x661 Middlewares/Third_Party/FreeRTOS/Source/portable/MemMang/heap_4.o
 .debug_line    0x0000e0b4      0x7f3 Src/adc.o
 .debug_line    0x0000e8a7      0x78b Src/dma.o
 .debug_line    0x0000f032      0x9d7 Src/freertos.o
 .debug_line    0x0000fa09      0x798 Src/gpio.o
 .debug_line    0x000101a1      0xa1a Src/main.o
 .debug_line    0x00010bbb      0x7d2 Src/spi.o
 .debug_line    0x0001138d      0x78c Src/stm32f7xx_hal_msp.o
 .debug_line    0x00011b19      0x7b9 Src/stm32f7xx_hal_timebase_TIM.o
 .debug_line    0x000122d2      0xa98 Src/stm32f7xx_it.o
 .debug_line    0x00012d6a      0x7b0 Src/system_stm32f7xx.o
 .debug_line    0x0001351a      0x91e Src/tim.o
 .debug_line    0x00013e38      0x821 Src/usart.o
 .debug_line    0x00014659       0x7f startup/startup_stm32f767xx.o

.debug_str      0x00000000   0x103d5f
 .debug_str     0x00000000    0xf42b3 Drivers/STM32F7xx_HAL_Driver/Src/stm32f7xx_hal.o
                              0xf4a8c (size before relaxing)
 .debug_str     0x000f42b3      0x669 Drivers/STM32F7xx_HAL_Driver/Src/stm32f7xx_hal_adc.o
                              0xf45bc (size before relaxing)
 .debug_str     0x000f491c      0x2df Drivers/STM32F7xx_HAL_Driver/Src/stm32f7xx_hal_adc_ex.o
                              0xf461f (size before relaxing)
 .debug_str     0x000f4bfb      0x457 Drivers/STM32F7xx_HAL_Driver/Src/stm32f7xx_hal_cortex.o
                              0xf4ac0 (size before relaxing)
 .debug_str     0x000f5052      0x309 Drivers/STM32F7xx_HAL_Driver/Src/stm32f7xx_hal_dma.o
                              0xf4411 (size before relaxing)
 .debug_str     0x000f535b      0x2bf Drivers/STM32F7xx_HAL_Driver/Src/stm32f7xx_hal_gpio.o
                              0xf42a1 (size before relaxing)
 .debug_str     0x000f561a      0x2db Drivers/STM32F7xx_HAL_Driver/Src/stm32f7xx_hal_pwr.o
                              0xf4383 (size before relaxing)
 .debug_str     0x000f58f5      0x3a3 Drivers/STM32F7xx_HAL_Driver/Src/stm32f7xx_hal_rcc.o
                              0xf441b (size before relaxing)
 .debug_str     0x000f5c98      0x3c9 Drivers/STM32F7xx_HAL_Driver/Src/stm32f7xx_hal_rcc_ex.o
                              0xf43c0 (size before relaxing)
 .debug_str     0x000f6061      0x753 Drivers/STM32F7xx_HAL_Driver/Src/stm32f7xx_hal_spi.o
                              0xf48c1 (size before relaxing)
 .debug_str     0x000f67b4      0xf87 Drivers/STM32F7xx_HAL_Driver/Src/stm32f7xx_hal_tim.o
                              0xf51c3 (size before relaxing)
 .debug_str     0x000f773b      0x5d0 Drivers/STM32F7xx_HAL_Driver/Src/stm32f7xx_hal_tim_ex.o
                              0xf4ad5 (size before relaxing)
 .debug_str     0x000f7d0b      0x8ef Drivers/STM32F7xx_HAL_Driver/Src/stm32f7xx_hal_uart.o
                              0xf4c48 (size before relaxing)
 .debug_str     0x000f85fa     0x8c3d Middlewares/Third_Party/FreeRTOS/Source/CMSIS_RTOS/cmsis_os.o
                               0xd503 (size before relaxing)
 .debug_str     0x00101237      0x234 Middlewares/Third_Party/FreeRTOS/Source/list.o
                               0xa13b (size before relaxing)
 .debug_str     0x0010146b      0x798 Middlewares/Third_Party/FreeRTOS/Source/queue.o
                               0xb760 (size before relaxing)
 .debug_str     0x00101c03      0xfac Middlewares/Third_Party/FreeRTOS/Source/tasks.o
                               0xc292 (size before relaxing)
 .debug_str     0x00102baf      0x702 Middlewares/Third_Party/FreeRTOS/Source/portable/GCC/ARM_CM7/r0p1/port.o
                               0x81cf (size before relaxing)
 .debug_str     0x001032b1      0x243 Middlewares/Third_Party/FreeRTOS/Source/portable/MemMang/heap_4.o
                               0xa87d (size before relaxing)
 .debug_str     0x001034f4      0x299 Src/adc.o
                              0xf4d84 (size before relaxing)
 .debug_str     0x0010378d       0x22 Src/dma.o
                              0xf481c (size before relaxing)
 .debug_str     0x001037af      0x1ae Src/freertos.o
                              0xfa13f (size before relaxing)
 .debug_str     0x0010395d       0x25 Src/gpio.o
                              0xf48dc (size before relaxing)
 .debug_str     0x00103982      0x12a Src/main.o
                              0xfa76a (size before relaxing)
 .debug_str     0x00103aac       0x17 Src/spi.o
                              0xf4706 (size before relaxing)
 .debug_str     0x00103ac3       0x1b Src/stm32f7xx_hal_msp.o
                              0xf480e (size before relaxing)
 .debug_str     0x00103ade       0x51 Src/stm32f7xx_hal_timebase_TIM.o
                              0xf4b83 (size before relaxing)
 .debug_str     0x00103b2f      0x138 Src/stm32f7xx_it.o
                              0xfa1b5 (size before relaxing)
 .debug_str     0x00103c67       0x5a Src/system_stm32f7xx.o
                              0xf40c6 (size before relaxing)
 .debug_str     0x00103cc1       0x55 Src/tim.o
                              0xf4a82 (size before relaxing)
 .debug_str     0x00103d16       0x1a Src/usart.o
                              0xf4dcb (size before relaxing)
 .debug_str     0x00103d30       0x2f startup/startup_stm32f767xx.o
                                 0x5f (size before relaxing)

.comment        0x00000000       0x7f
 .comment       0x00000000       0x7f Drivers/STM32F7xx_HAL_Driver/Src/stm32f7xx_hal.o
                                 0x80 (size before relaxing)
 .comment       0x0000007f       0x80 Drivers/STM32F7xx_HAL_Driver/Src/stm32f7xx_hal_adc.o
 .comment       0x0000007f       0x80 Drivers/STM32F7xx_HAL_Driver/Src/stm32f7xx_hal_adc_ex.o
 .comment       0x0000007f       0x80 Drivers/STM32F7xx_HAL_Driver/Src/stm32f7xx_hal_cortex.o
 .comment       0x0000007f       0x80 Drivers/STM32F7xx_HAL_Driver/Src/stm32f7xx_hal_dma.o
 .comment       0x0000007f       0x80 Drivers/STM32F7xx_HAL_Driver/Src/stm32f7xx_hal_gpio.o
 .comment       0x0000007f       0x80 Drivers/STM32F7xx_HAL_Driver/Src/stm32f7xx_hal_pwr.o
 .comment       0x0000007f       0x80 Drivers/STM32F7xx_HAL_Driver/Src/stm32f7xx_hal_rcc.o
 .comment       0x0000007f       0x80 Drivers/STM32F7xx_HAL_Driver/Src/stm32f7xx_hal_rcc_ex.o
 .comment       0x0000007f       0x80 Drivers/STM32F7xx_HAL_Driver/Src/stm32f7xx_hal_spi.o
 .comment       0x0000007f       0x80 Drivers/STM32F7xx_HAL_Driver/Src/stm32f7xx_hal_tim.o
 .comment       0x0000007f       0x80 Drivers/STM32F7xx_HAL_Driver/Src/stm32f7xx_hal_tim_ex.o
 .comment       0x0000007f       0x80 Drivers/STM32F7xx_HAL_Driver/Src/stm32f7xx_hal_uart.o
 .comment       0x0000007f       0x80 Middlewares/Third_Party/FreeRTOS/Source/CMSIS_RTOS/cmsis_os.o
 .comment       0x0000007f       0x80 Middlewares/Third_Party/FreeRTOS/Source/list.o
 .comment       0x0000007f       0x80 Middlewares/Third_Party/FreeRTOS/Source/queue.o
 .comment       0x0000007f       0x80 Middlewares/Third_Party/FreeRTOS/Source/tasks.o
 .comment       0x0000007f       0x80 Middlewares/Third_Party/FreeRTOS/Source/portable/GCC/ARM_CM7/r0p1/port.o
 .comment       0x0000007f       0x80 Middlewares/Third_Party/FreeRTOS/Source/portable/MemMang/heap_4.o
 .comment       0x0000007f       0x80 Src/adc.o
 .comment       0x0000007f       0x80 Src/dma.o
 .comment       0x0000007f       0x80 Src/freertos.o
 .comment       0x0000007f       0x80 Src/gpio.o
 .comment       0x0000007f       0x80 Src/main.o
 .comment       0x0000007f       0x80 Src/spi.o
 .comment       0x0000007f       0x80 Src/stm32f7xx_hal_msp.o
 .comment       0x0000007f       0x80 Src/stm32f7xx_hal_timebase_TIM.o
 .comment       0x0000007f       0x80 Src/stm32f7xx_it.o
 .comment       0x0000007f       0x80 Src/system_stm32f7xx.o
 .comment       0x0000007f       0x80 Src/tim.o
 .comment       0x0000007f       0x80 Src/usart.o

.debug_frame    0x00000000     0x3e40
 .debug_frame   0x00000000      0x22c Drivers/STM32F7xx_HAL_Driver/Src/stm32f7xx_hal.o
 .debug_frame   0x0000022c      0x27c Drivers/STM32F7xx_HAL_Driver/Src/stm32f7xx_hal_adc.o
 .debug_frame   0x000004a8      0x18c Drivers/STM32F7xx_HAL_Driver/Src/stm32f7xx_hal_adc_ex.o
 .debug_frame   0x00000634      0x15c Drivers/STM32F7xx_HAL_Driver/Src/stm32f7xx_hal_cortex.o
 .debug_frame   0x00000790      0x188 Drivers/STM32F7xx_HAL_Driver/Src/stm32f7xx_hal_dma.o