Archive member included to satisfy reference by file (symbol)

c:/program files/ac6/systemworkbench/plugins/fr.ac6.mcu.externaltools.arm-none.win32_1.17.0.201812190825/tools/compiler/bin/../lib/gcc/arm-none-eabi/7.3.1/thumb/v7e-m/fpv5/hard\libgcc.a(_aeabi_uldivmod.o)
                              Drivers/STM32F7xx_HAL_Driver/Src/stm32f7xx_hal_rcc.o (__aeabi_uldivmod)
c:/program files/ac6/systemworkbench/plugins/fr.ac6.mcu.externaltools.arm-none.win32_1.17.0.201812190825/tools/compiler/bin/../lib/gcc/arm-none-eabi/7.3.1/thumb/v7e-m/fpv5/hard\libgcc.a(_udivmoddi4.o)
                              c:/program files/ac6/systemworkbench/plugins/fr.ac6.mcu.externaltools.arm-none.win32_1.17.0.201812190825/tools/compiler/bin/../lib/gcc/arm-none-eabi/7.3.1/thumb/v7e-m/fpv5/hard\libgcc.a(_aeabi_uldivmod.o) (__udivmoddi4)
c:/program files/ac6/systemworkbench/plugins/fr.ac6.mcu.externaltools.arm-none.win32_1.17.0.201812190825/tools/compiler/bin/../lib/gcc/arm-none-eabi/7.3.1/thumb/v7e-m/fpv5/hard\libgcc.a(_dvmd_tls.o)
                              c:/program files/ac6/systemworkbench/plugins/fr.ac6.mcu.externaltools.arm-none.win32_1.17.0.201812190825/tools/compiler/bin/../lib/gcc/arm-none-eabi/7.3.1/thumb/v7e-m/fpv5/hard\libgcc.a(_aeabi_uldivmod.o) (__aeabi_ldiv0)
c:/program files/ac6/systemworkbench/plugins/fr.ac6.mcu.externaltools.arm-none.win32_1.17.0.201812190825/tools/compiler/bin/../lib/gcc/arm-none-eabi/7.3.1/../../../../arm-none-eabi/lib/thumb/v7e-m/fpv5/hard\libc_nano.a(lib_a-exit.o)
                              c:/program files/ac6/systemworkbench/plugins/fr.ac6.mcu.externaltools.arm-none.win32_1.17.0.201812190825/tools/compiler/bin/../lib/gcc/arm-none-eabi/7.3.1/../../../../arm-none-eabi/lib/thumb/v7e-m/fpv5/hard/crt0.o (exit)
c:/program files/ac6/systemworkbench/plugins/fr.ac6.mcu.externaltools.arm-none.win32_1.17.0.201812190825/tools/compiler/bin/../lib/gcc/arm-none-eabi/7.3.1/../../../../arm-none-eabi/lib/thumb/v7e-m/fpv5/hard\libc_nano.a(lib_a-impure.o)
                              c:/program files/ac6/systemworkbench/plugins/fr.ac6.mcu.externaltools.arm-none.win32_1.17.0.201812190825/tools/compiler/bin/../lib/gcc/arm-none-eabi/7.3.1/../../../../arm-none-eabi/lib/thumb/v7e-m/fpv5/hard\libc_nano.a(lib_a-exit.o) (_global_impure_ptr)
c:/program files/ac6/systemworkbench/plugins/fr.ac6.mcu.externaltools.arm-none.win32_1.17.0.201812190825/tools/compiler/bin/../lib/gcc/arm-none-eabi/7.3.1/../../../../arm-none-eabi/lib/thumb/v7e-m/fpv5/hard\libc_nano.a(lib_a-init.o)
                              c:/program files/ac6/systemworkbench/plugins/fr.ac6.mcu.externaltools.arm-none.win32_1.17.0.201812190825/tools/compiler/bin/../lib/gcc/arm-none-eabi/7.3.1/../../../../arm-none-eabi/lib/thumb/v7e-m/fpv5/hard/crt0.o (__libc_init_array)
c:/program files/ac6/systemworkbench/plugins/fr.ac6.mcu.externaltools.arm-none.win32_1.17.0.201812190825/tools/compiler/bin/../lib/gcc/arm-none-eabi/7.3.1/../../../../arm-none-eabi/lib/thumb/v7e-m/fpv5/hard\libc_nano.a(lib_a-memcpy-stub.o)
                              Middlewares/Third_Party/FreeRTOS/Source/queue.o (memcpy)
c:/program files/ac6/systemworkbench/plugins/fr.ac6.mcu.externaltools.arm-none.win32_1.17.0.201812190825/tools/compiler/bin/../lib/gcc/arm-none-eabi/7.3.1/../../../../arm-none-eabi/lib/thumb/v7e-m/fpv5/hard\libc_nano.a(lib_a-memset.o)
                              c:/program files/ac6/systemworkbench/plugins/fr.ac6.mcu.externaltools.arm-none.win32_1.17.0.201812190825/tools/compiler/bin/../lib/gcc/arm-none-eabi/7.3.1/../../../../arm-none-eabi/lib/thumb/v7e-m/fpv5/hard/crt0.o (memset)
c:/program files/ac6/systemworkbench/plugins/fr.ac6.mcu.externaltools.arm-none.win32_1.17.0.201812190825/tools/compiler/bin/../lib/gcc/arm-none-eabi/7.3.1/../../../../arm-none-eabi/lib/thumb/v7e-m/fpv5/hard\libnosys.a(_exit.o)
                              c:/program files/ac6/systemworkbench/plugins/fr.ac6.mcu.externaltools.arm-none.win32_1.17.0.201812190825/tools/compiler/bin/../lib/gcc/arm-none-eabi/7.3.1/../../../../arm-none-eabi/lib/thumb/v7e-m/fpv5/hard\libc_nano.a(lib_a-exit.o) (_exit)

Allocating common symbols
Common symbol       size              file

defaultTaskHandle   0x4               Src/freertos.o
htim4               0x40              Src/tim.o
uwTick              0x4               Drivers/STM32F7xx_HAL_Driver/Src/stm32f7xx_hal.o
xQueueRegistry      0x40              Middlewares/Third_Party/FreeRTOS/Source/queue.o
pFlash              0x1c              Drivers/STM32F7xx_HAL_Driver/Src/stm32f7xx_hal_flash.o
htim5               0x40              Src/tim.o
htim3               0x40              Src/tim.o
htim1               0x40              Src/tim.o
hspi1               0x64              Src/spi.o
htim2               0x40              Src/tim.o
huart2              0x70              Src/usart.o
htim14              0x40              Src/stm32f7xx_hal_timebase_TIM.o

Discarded input sections

[...]
Memory Configuration

Name             Origin             Length             Attributes
RAM              0x20000000         0x00080000         xrw
FLASH            0x08000000         0x00200000         xr
*default*        0x00000000         0xffffffff

Linker script and memory map

LOAD c:/program files/ac6/systemworkbench/plugins/fr.ac6.mcu.externaltools.arm-none.win32_1.17.0.201812190825/tools/compiler/bin/../lib/gcc/arm-none-eabi/7.3.1/thumb/v7e-m/fpv5/hard/crti.o
LOAD c:/program files/ac6/systemworkbench/plugins/fr.ac6.mcu.externaltools.arm-none.win32_1.17.0.201812190825/tools/compiler/bin/../lib/gcc/arm-none-eabi/7.3.1/thumb/v7e-m/fpv5/hard/crtbegin.o
LOAD c:/program files/ac6/systemworkbench/plugins/fr.ac6.mcu.externaltools.arm-none.win32_1.17.0.201812190825/tools/compiler/bin/../lib/gcc/arm-none-eabi/7.3.1/../../../../arm-none-eabi/lib/thumb/v7e-m/fpv5/hard/crt0.o
LOAD Drivers/STM32F7xx_HAL_Driver/Src/stm32f7xx_hal.o
LOAD Drivers/STM32F7xx_HAL_Driver/Src/stm32f7xx_hal_cortex.o
LOAD Drivers/STM32F7xx_HAL_Driver/Src/stm32f7xx_hal_dma.o
LOAD Drivers/STM32F7xx_HAL_Driver/Src/stm32f7xx_hal_dma_ex.o
LOAD Drivers/STM32F7xx_HAL_Driver/Src/stm32f7xx_hal_flash.o
LOAD Drivers/STM32F7xx_HAL_Driver/Src/stm32f7xx_hal_flash_ex.o
LOAD Drivers/STM32F7xx_HAL_Driver/Src/stm32f7xx_hal_gpio.o
LOAD Drivers/STM32F7xx_HAL_Driver/Src/stm32f7xx_hal_i2c.o
LOAD Drivers/STM32F7xx_HAL_Driver/Src/stm32f7xx_hal_i2c_ex.o
LOAD Drivers/STM32F7xx_HAL_Driver/Src/stm32f7xx_hal_pwr.o
LOAD Drivers/STM32F7xx_HAL_Driver/Src/stm32f7xx_hal_pwr_ex.o
LOAD Drivers/STM32F7xx_HAL_Driver/Src/stm32f7xx_hal_rcc.o
LOAD Drivers/STM32F7xx_HAL_Driver/Src/stm32f7xx_hal_rcc_ex.o
LOAD Drivers/STM32F7xx_HAL_Driver/Src/stm32f7xx_hal_spi.o
LOAD Drivers/STM32F7xx_HAL_Driver/Src/stm32f7xx_hal_tim.o
LOAD Drivers/STM32F7xx_HAL_Driver/Src/stm32f7xx_hal_tim_ex.o
LOAD Drivers/STM32F7xx_HAL_Driver/Src/stm32f7xx_hal_uart.o
LOAD Middlewares/Third_Party/FreeRTOS/Source/CMSIS_RTOS/cmsis_os.o
LOAD Middlewares/Third_Party/FreeRTOS/Source/croutine.o
LOAD Middlewares/Third_Party/FreeRTOS/Source/event_groups.o
LOAD Middlewares/Third_Party/FreeRTOS/Source/list.o
LOAD Middlewares/Third_Party/FreeRTOS/Source/queue.o
LOAD Middlewares/Third_Party/FreeRTOS/Source/tasks.o
LOAD Middlewares/Third_Party/FreeRTOS/Source/timers.o
LOAD Middlewares/Third_Party/FreeRTOS/Source/portable/GCC/ARM_CM7/r0p1/port.o
LOAD Middlewares/Third_Party/FreeRTOS/Source/portable/MemMang/heap_4.o
LOAD Src/drive.o
LOAD Src/freertos.o
LOAD Src/gpio.o
LOAD Src/main.o
LOAD Src/spi.o
LOAD Src/stm32f7xx_hal_msp.o
LOAD Src/stm32f7xx_hal_timebase_TIM.o
LOAD Src/stm32f7xx_it.o
LOAD Src/system_stm32f7xx.o
LOAD Src/tim.o
LOAD Src/usart.o
LOAD startup/startup_stm32f767xx.o
LOAD c:/program files/ac6/systemworkbench/plugins/fr.ac6.mcu.externaltools.arm-none.win32_1.17.0.201812190825/tools/compiler/bin/../lib/gcc/arm-none-eabi/7.3.1/../../../../arm-none-eabi/lib/thumb/v7e-m/fpv5/hard\libm.a
START GROUP
LOAD c:/program files/ac6/systemworkbench/plugins/fr.ac6.mcu.externaltools.arm-none.win32_1.17.0.201812190825/tools/compiler/bin/../lib/gcc/arm-none-eabi/7.3.1/thumb/v7e-m/fpv5/hard\libgcc.a
LOAD c:/program files/ac6/systemworkbench/plugins/fr.ac6.mcu.externaltools.arm-none.win32_1.17.0.201812190825/tools/compiler/bin/../lib/gcc/arm-none-eabi/7.3.1/../../../../arm-none-eabi/lib/thumb/v7e-m/fpv5/hard\libc_nano.a
END GROUP
START GROUP
LOAD c:/program files/ac6/systemworkbench/plugins/fr.ac6.mcu.externaltools.arm-none.win32_1.17.0.201812190825/tools/compiler/bin/../lib/gcc/arm-none-eabi/7.3.1/thumb/v7e-m/fpv5/hard\libgcc.a
LOAD c:/program files/ac6/systemworkbench/plugins/fr.ac6.mcu.externaltools.arm-none.win32_1.17.0.201812190825/tools/compiler/bin/../lib/gcc/arm-none-eabi/7.3.1/../../../../arm-none-eabi/lib/thumb/v7e-m/fpv5/hard\libc_nano.a
LOAD c:/program files/ac6/systemworkbench/plugins/fr.ac6.mcu.externaltools.arm-none.win32_1.17.0.201812190825/tools/compiler/bin/../lib/gcc/arm-none-eabi/7.3.1/../../../../arm-none-eabi/lib/thumb/v7e-m/fpv5/hard\libnosys.a
END GROUP
START GROUP
LOAD c:/program files/ac6/systemworkbench/plugins/fr.ac6.mcu.externaltools.arm-none.win32_1.17.0.201812190825/tools/compiler/bin/../lib/gcc/arm-none-eabi/7.3.1/thumb/v7e-m/fpv5/hard\libgcc.a
LOAD c:/program files/ac6/systemworkbench/plugins/fr.ac6.mcu.externaltools.arm-none.win32_1.17.0.201812190825/tools/compiler/bin/../lib/gcc/arm-none-eabi/7.3.1/../../../../arm-none-eabi/lib/thumb/v7e-m/fpv5/hard\libc_nano.a
LOAD c:/program files/ac6/systemworkbench/plugins/fr.ac6.mcu.externaltools.arm-none.win32_1.17.0.201812190825/tools/compiler/bin/../lib/gcc/arm-none-eabi/7.3.1/../../../../arm-none-eabi/lib/thumb/v7e-m/fpv5/hard\libnosys.a
END GROUP
LOAD c:/program files/ac6/systemworkbench/plugins/fr.ac6.mcu.externaltools.arm-none.win32_1.17.0.201812190825/tools/compiler/bin/../lib/gcc/arm-none-eabi/7.3.1/thumb/v7e-m/fpv5/hard/crtend.o
LOAD c:/program files/ac6/systemworkbench/plugins/fr.ac6.mcu.externaltools.arm-none.win32_1.17.0.201812190825/tools/compiler/bin/../lib/gcc/arm-none-eabi/7.3.1/thumb/v7e-m/fpv5/hard/crtn.o
                0x20080000                _estack = 0x20080000
                0x00000200                _Min_Heap_Size = 0x200
                0x00000400                _Min_Stack_Size = 0x400

.isr_vector     0x08000000      0x1f8
                0x08000000                . = ALIGN (0x4)
 *(.isr_vector)
 .isr_vector    0x08000000      0x1f8 startup/startup_stm32f767xx.o
                0x08000000                g_pfnVectors
                0x080001f8                . = ALIGN (0x4)

.text           0x08000200     0x3764
                0x08000200                . = ALIGN (0x4)
 *(.text)
 .text          0x08000200       0x40 c:/program files/ac6/systemworkbench/plugins/fr.ac6.mcu.externaltools.arm-none.win32_1.17.0.201812190825/tools/compiler/bin/../lib/gcc/arm-none-eabi/7.3.1/thumb/v7e-m/fpv5/hard/crtbegin.o
 .text          0x08000240       0x30 c:/program files/ac6/systemworkbench/plugins/fr.ac6.mcu.externaltools.arm-none.win32_1.17.0.201812190825/tools/compiler/bin/../lib/gcc/arm-none-eabi/7.3.1/thumb/v7e-m/fpv5/hard\libgcc.a(_aeabi_uldivmod.o)
                0x08000240                __aeabi_uldivmod
 .text          0x08000270      0x2cc c:/program files/ac6/systemworkbench/plugins/fr.ac6.mcu.externaltools.arm-none.win32_1.17.0.201812190825/tools/compiler/bin/../lib/gcc/arm-none-eabi/7.3.1/thumb/v7e-m/fpv5/hard\libgcc.a(_udivmoddi4.o)
                0x08000270                __udivmoddi4
 .text          0x0800053c        0x4 c:/program files/ac6/systemworkbench/plugins/fr.ac6.mcu.externaltools.arm-none.win32_1.17.0.201812190825/tools/compiler/bin/../lib/gcc/arm-none-eabi/7.3.1/thumb/v7e-m/fpv5/hard\libgcc.a(_dvmd_tls.o)
                0x0800053c                __aeabi_idiv0
                0x0800053c                __aeabi_ldiv0
 *(.text*)
 .text.HAL_Init
                0x08000540       0x16 Drivers/STM32F7xx_HAL_Driver/Src/stm32f7xx_hal.o
                0x08000540                HAL_Init
 *fill*         0x08000556        0x2 
 .text.HAL_IncTick
                0x08000558       0x18 Drivers/STM32F7xx_HAL_Driver/Src/stm32f7xx_hal.o
                0x08000558                HAL_IncTick
 .text.HAL_GetTick
                0x08000570        0xc Drivers/STM32F7xx_HAL_Driver/Src/stm32f7xx_hal.o
                0x08000570                HAL_GetTick
 .text.HAL_NVIC_SetPriorityGrouping
                0x0800057c       0x24 Drivers/STM32F7xx_HAL_Driver/Src/stm32f7xx_hal_cortex.o
                0x0800057c                HAL_NVIC_SetPriorityGrouping
 .text.HAL_NVIC_SetPriority
                0x080005a0       0x64 Drivers/STM32F7xx_HAL_Driver/Src/stm32f7xx_hal_cortex.o
                0x080005a0                HAL_NVIC_SetPriority
 .text.HAL_NVIC_EnableIRQ
                0x08000604       0x18 Drivers/STM32F7xx_HAL_Driver/Src/stm32f7xx_hal_cortex.o
                0x08000604                HAL_NVIC_EnableIRQ
 .text.HAL_SYSTICK_Config
                0x0800061c       0x2c Drivers/STM32F7xx_HAL_Driver/Src/stm32f7xx_hal_cortex.o
                0x0800061c                HAL_SYSTICK_Config
 .text.HAL_SYSTICK_CLKSourceConfig
                0x08000648       0x20 Drivers/STM32F7xx_HAL_Driver/Src/stm32f7xx_hal_cortex.o
                0x08000648                HAL_SYSTICK_CLKSourceConfig
 .text.HAL_GPIO_Init
                0x08000668      0x1e0 Drivers/STM32F7xx_HAL_Driver/Src/stm32f7xx_hal_gpio.o
                0x08000668                HAL_GPIO_Init
 .text.HAL_GPIO_WritePin
                0x08000848        0xc Drivers/STM32F7xx_HAL_Driver/Src/stm32f7xx_hal_gpio.o
                0x08000848                HAL_GPIO_WritePin
 .text.HAL_GPIO_EXTI_Callback
                0x08000854        0x2 Drivers/STM32F7xx_HAL_Driver/Src/stm32f7xx_hal_gpio.o
                0x08000854                HAL_GPIO_EXTI_Callback
 *fill*         0x08000856        0x2 
 .text.HAL_GPIO_EXTI_IRQHandler
                0x08000858       0x1c Drivers/STM32F7xx_HAL_Driver/Src/stm32f7xx_hal_gpio.o
                0x08000858                HAL_GPIO_EXTI_IRQHandler
 .text.HAL_RCC_OscConfig
                0x08000874      0x3d4 Drivers/STM32F7xx_HAL_Driver/Src/stm32f7xx_hal_rcc.o
                0x08000874                HAL_RCC_OscConfig
 .text.HAL_RCC_EnableCSS
                0x08000c48       0x10 Drivers/STM32F7xx_HAL_Driver/Src/stm32f7xx_hal_rcc.o
                0x08000c48                HAL_RCC_EnableCSS
 .text.HAL_RCC_GetSysClockFreq
                0x08000c58       0xa8 Drivers/STM32F7xx_HAL_Driver/Src/stm32f7xx_hal_rcc.o
                0x08000c58                HAL_RCC_GetSysClockFreq
 .text.HAL_RCC_ClockConfig
                0x08000d00      0x164 Drivers/STM32F7xx_HAL_Driver/Src/stm32f7xx_hal_rcc.o
                0x08000d00                HAL_RCC_ClockConfig
 .text.HAL_RCC_GetHCLKFreq
                0x08000e64        0xc Drivers/STM32F7xx_HAL_Driver/Src/stm32f7xx_hal_rcc.o
                0x08000e64                HAL_RCC_GetHCLKFreq
 .text.HAL_RCC_GetPCLK1Freq
                0x08000e70       0x20 Drivers/STM32F7xx_HAL_Driver/Src/stm32f7xx_hal_rcc.o
                0x08000e70                HAL_RCC_GetPCLK1Freq
 .text.HAL_RCC_GetPCLK2Freq
                0x08000e90       0x20 Drivers/STM32F7xx_HAL_Driver/Src/stm32f7xx_hal_rcc.o
                0x08000e90                HAL_RCC_GetPCLK2Freq
 .text.HAL_RCC_GetClockConfig
                0x08000eb0       0x3c Drivers/STM32F7xx_HAL_Driver/Src/stm32f7xx_hal_rcc.o
                0x08000eb0                HAL_RCC_GetClockConfig
 .text.HAL_RCC_CSSCallback
                0x08000eec        0x2 Drivers/STM32F7xx_HAL_Driver/Src/stm32f7xx_hal_rcc.o
                0x08000eec                HAL_RCC_CSSCallback
 *fill*         0x08000eee        0x2 
 .text.HAL_RCC_NMI_IRQHandler
                0x08000ef0       0x24 Drivers/STM32F7xx_HAL_Driver/Src/stm32f7xx_hal_rcc.o
                0x08000ef0                HAL_RCC_NMI_IRQHandler
 .text.HAL_RCCEx_PeriphCLKConfig
                0x08000f14      0x604 Drivers/STM32F7xx_HAL_Driver/Src/stm32f7xx_hal_rcc_ex.o
                0x08000f14                HAL_RCCEx_PeriphCLKConfig
 .text.HAL_SPI_Init
                0x08001518       0xba Drivers/STM32F7xx_HAL_Driver/Src/stm32f7xx_hal_spi.o
                0x08001518                HAL_SPI_Init
 .text.HAL_TIM_Base_MspInit
                0x080015d2        0x2 Drivers/STM32F7xx_HAL_Driver/Src/stm32f7xx_hal_tim.o
                0x080015d2                HAL_TIM_Base_MspInit
 .text.HAL_TIM_Base_Start_IT
                0x080015d4       0x18 Drivers/STM32F7xx_HAL_Driver/Src/stm32f7xx_hal_tim.o
                0x080015d4                HAL_TIM_Base_Start_IT
 .text.HAL_TIM_OC_DelayElapsedCallback
                0x080015ec        0x2 Drivers/STM32F7xx_HAL_Driver/Src/stm32f7xx_hal_tim.o
                0x080015ec                HAL_TIM_OC_DelayElapsedCallback
 .text.HAL_TIM_IC_CaptureCallback
                0x080015ee        0x2 Drivers/STM32F7xx_HAL_Driver/Src/stm32f7xx_hal_tim.o
                0x080015ee                HAL_TIM_IC_CaptureCallback
 .text.HAL_TIM_PWM_PulseFinishedCallback
                0x080015f0        0x2 Drivers/STM32F7xx_HAL_Driver/Src/stm32f7xx_hal_tim.o
                0x080015f0                HAL_TIM_PWM_PulseFinishedCallback
 .text.HAL_TIM_TriggerCallback
                0x080015f2        0x2 Drivers/STM32F7xx_HAL_Driver/Src/stm32f7xx_hal_tim.o
                0x080015f2                HAL_TIM_TriggerCallback
 .text.HAL_TIM_IRQHandler
                0x080015f4      0x19a Drivers/STM32F7xx_HAL_Driver/Src/stm32f7xx_hal_tim.o
                0x080015f4                HAL_TIM_IRQHandler
 *fill*         0x0800178e        0x2 
 .text.TIM_Base_SetConfig
                0x08001790      0x10c Drivers/STM32F7xx_HAL_Driver/Src/stm32f7xx_hal_tim.o
                0x08001790                TIM_Base_SetConfig
 .text.HAL_TIM_Base_Init
                0x0800189c       0x32 Drivers/STM32F7xx_HAL_Driver/Src/stm32f7xx_hal_tim.o
                0x0800189c                HAL_TIM_Base_Init
 .text.HAL_TIM_PWM_Init
                0x080018ce       0x32 Drivers/STM32F7xx_HAL_Driver/Src/stm32f7xx_hal_tim.o
                0x080018ce                HAL_TIM_PWM_Init
 .text.HAL_TIM_Encoder_Init
                0x08001900       0x9c Drivers/STM32F7xx_HAL_Driver/Src/stm32f7xx_hal_tim.o
                0x08001900                HAL_TIM_Encoder_Init
 .text.TIM_OC1_SetConfig
                0x0800199c       0x60 Drivers/STM32F7xx_HAL_Driver/Src/stm32f7xx_hal_tim.o
                0x0800199c                TIM_OC1_SetConfig
 .text.TIM_OC2_SetConfig
                0x080019fc       0x68 Drivers/STM32F7xx_HAL_Driver/Src/stm32f7xx_hal_tim.o
                0x080019fc                TIM_OC2_SetConfig
 .text.TIM_OC3_SetConfig
                0x08001a64       0x68 Drivers/STM32F7xx_HAL_Driver/Src/stm32f7xx_hal_tim.o
                0x08001a64                TIM_OC3_SetConfig
 .text.TIM_OC4_SetConfig
                0x08001acc       0x54 Drivers/STM32F7xx_HAL_Driver/Src/stm32f7xx_hal_tim.o
                0x08001acc                TIM_OC4_SetConfig
 .text.TIM_OC5_SetConfig
                0x08001b20       0x54 Drivers/STM32F7xx_HAL_Driver/Src/stm32f7xx_hal_tim_ex.o
 .text.TIM_OC6_SetConfig
                0x08001b74       0x54 Drivers/STM32F7xx_HAL_Driver/Src/stm32f7xx_hal_tim_ex.o
 .text.HAL_TIMEx_MasterConfigSynchronization
                0x08001bc8       0x58 Drivers/STM32F7xx_HAL_Driver/Src/stm32f7xx_hal_tim_ex.o
                0x08001bc8                HAL_TIMEx_MasterConfigSynchronization
 .text.HAL_TIMEx_ConfigBreakDeadTime
                0x08001c20       0x94 Drivers/STM32F7xx_HAL_Driver/Src/stm32f7xx_hal_tim_ex.o
                0x08001c20                HAL_TIMEx_ConfigBreakDeadTime
 .text.HAL_TIMEx_CommutationCallback
                0x08001cb4        0x2 Drivers/STM32F7xx_HAL_Driver/Src/stm32f7xx_hal_tim_ex.o
                0x08001cb4                HAL_TIMEx_CommutationCallback
 .text.HAL_TIMEx_BreakCallback
                0x08001cb6        0x2 Drivers/STM32F7xx_HAL_Driver/Src/stm32f7xx_hal_tim_ex.o
                0x08001cb6                HAL_TIMEx_BreakCallback
 .text.HAL_TIM_PWM_ConfigChannel
                0x08001cb8      0x134 Drivers/STM32F7xx_HAL_Driver/Src/stm32f7xx_hal_tim_ex.o
                0x08001cb8                HAL_TIM_PWM_ConfigChannel
 .text.UART_WaitOnFlagUntilTimeout
                0x08001dec       0x62 Drivers/STM32F7xx_HAL_Driver/Src/stm32f7xx_hal_uart.o
                0x08001dec                UART_WaitOnFlagUntilTimeout
 *fill*         0x08001e4e        0x2 
 .text.UART_SetConfig
                0x08001e50      0x35c Drivers/STM32F7xx_HAL_Driver/Src/stm32f7xx_hal_uart.o
                0x08001e50                UART_SetConfig
 .text.UART_AdvFeatureConfig
                0x080021ac       0xca Drivers/STM32F7xx_HAL_Driver/Src/stm32f7xx_hal_uart.o
                0x080021ac                UART_AdvFeatureConfig
 .text.UART_CheckIdleState
                0x08002276       0x48 Drivers/STM32F7xx_HAL_Driver/Src/stm32f7xx_hal_uart.o
                0x08002276                UART_CheckIdleState
 .text.HAL_UART_Init
                0x080022be       0x66 Drivers/STM32F7xx_HAL_Driver/Src/stm32f7xx_hal_uart.o
                0x080022be                HAL_UART_Init
 .text.makeFreeRtosPriority
                0x08002324        0xc Middlewares/Third_Party/FreeRTOS/Source/CMSIS_RTOS/cmsis_os.o
 .text.osKernelStart
                0x08002330        0xa Middlewares/Third_Party/FreeRTOS/Source/CMSIS_RTOS/cmsis_os.o
                0x08002330                osKernelStart
 .text.osThreadCreate
                0x0800233a       0x34 Middlewares/Third_Party/FreeRTOS/Source/CMSIS_RTOS/cmsis_os.o
                0x0800233a                osThreadCreate
 .text.osDelay  0x0800236e       0x12 Middlewares/Third_Party/FreeRTOS/Source/CMSIS_RTOS/cmsis_os.o
                0x0800236e                osDelay
 .text.osSystickHandler
                0x08002380       0x10 Middlewares/Third_Party/FreeRTOS/Source/CMSIS_RTOS/cmsis_os.o
                0x08002380                osSystickHandler
 .text.vListInitialise
                0x08002390       0x16 Middlewares/Third_Party/FreeRTOS/Source/list.o
                0x08002390                vListInitialise
 .text.vListInitialiseItem
                0x080023a6        0x6 Middlewares/Third_Party/FreeRTOS/Source/list.o
                0x080023a6                vListInitialiseItem
 .text.vListInsertEnd
                0x080023ac       0x18 Middlewares/Third_Party/FreeRTOS/Source/list.o
                0x080023ac                vListInsertEnd
 .text.vListInsert
                0x080023c4       0x34 Middlewares/Third_Party/FreeRTOS/Source/list.o
                0x080023c4                vListInsert
 .text.uxListRemove
                0x080023f8       0x26 Middlewares/Third_Party/FreeRTOS/Source/list.o
                0x080023f8                uxListRemove
 *fill*         0x0800241e        0x2 
 .text.prvResetNextTaskUnblockTime
                0x08002420       0x24 Middlewares/Third_Party/FreeRTOS/Source/tasks.o
 .text.prvDeleteTCB
                0x08002444       0x12 Middlewares/Third_Party/FreeRTOS/Source/tasks.o
 .text.prvInitialiseNewTask
                0x08002456       0x80 Middlewares/Third_Party/FreeRTOS/Source/tasks.o
 *fill*         0x080024d6        0x2 
 .text.prvInitialiseTaskLists
                0x080024d8       0x58 Middlewares/Third_Party/FreeRTOS/Source/tasks.o
 .text.prvAddNewTaskToReadyList
                0x08002530       0xac Middlewares/Third_Party/FreeRTOS/Source/tasks.o
 .text.prvAddCurrentTaskToDelayedList
                0x080025dc       0x90 Middlewares/Third_Party/FreeRTOS/Source/tasks.o
 .text.xTaskCreate
                0x0800266c       0x62 Middlewares/Third_Party/FreeRTOS/Source/tasks.o
                0x0800266c                xTaskCreate
 *fill*         0x080026ce        0x2 
 .text.vTaskStartScheduler
                0x080026d0       0x7c Middlewares/Third_Party/FreeRTOS/Source/tasks.o
                0x080026d0                vTaskStartScheduler
 .text.vTaskSuspendAll
                0x0800274c       0x14 Middlewares/Third_Party/FreeRTOS/Source/tasks.o
                0x0800274c                vTaskSuspendAll
 .text.xTaskIncrementTick
                0x08002760      0x110 Middlewares/Third_Party/FreeRTOS/Source/tasks.o
                0x08002760                xTaskIncrementTick
 .text.xTaskResumeAll
                0x08002870       0xf4 Middlewares/Third_Party/FreeRTOS/Source/tasks.o
                0x08002870                xTaskResumeAll
 .text.vTaskDelay
                0x08002964       0x50 Middlewares/Third_Party/FreeRTOS/Source/tasks.o
                0x08002964                vTaskDelay
 .text.prvCheckTasksWaitingTermination
                0x080029b4       0x54 Middlewares/Third_Party/FreeRTOS/Source/tasks.o
 .text.prvIdleTask
                0x08002a08       0x28 Middlewares/Third_Party/FreeRTOS/Source/tasks.o
 .text.vTaskSwitchContext
                0x08002a30       0x94 Middlewares/Third_Party/FreeRTOS/Source/tasks.o
                0x08002a30                vTaskSwitchContext
 .text.xTaskGetSchedulerState
                0x08002ac4       0x20 Middlewares/Third_Party/FreeRTOS/Source/tasks.o
                0x08002ac4                xTaskGetSchedulerState
 .text.prvTaskExitError
                0x08002ae4       0x3c Middlewares/Third_Party/FreeRTOS/Source/portable/GCC/ARM_CM7/r0p1/port.o
 .text.prvPortStartFirstTask
                0x08002b20       0x20 Middlewares/Third_Party/FreeRTOS/Source/portable/GCC/ARM_CM7/r0p1/port.o
 .text.vPortEnableVFP
                0x08002b40       0x14 Middlewares/Third_Party/FreeRTOS/Source/portable/GCC/ARM_CM7/r0p1/port.o
 .text.pxPortInitialiseStack
                0x08002b54       0x2c Middlewares/Third_Party/FreeRTOS/Source/portable/GCC/ARM_CM7/r0p1/port.o
                0x08002b54                pxPortInitialiseStack
 .text.SVC_Handler
                0x08002b80       0x24 Middlewares/Third_Party/FreeRTOS/Source/portable/GCC/ARM_CM7/r0p1/port.o
                0x08002b80                SVC_Handler
 .text.vPortEnterCritical
                0x08002ba4       0x4c Middlewares/Third_Party/FreeRTOS/Source/portable/GCC/ARM_CM7/r0p1/port.o
                0x08002ba4                vPortEnterCritical
 .text.vPortExitCritical
                0x08002bf0       0x30 Middlewares/Third_Party/FreeRTOS/Source/portable/GCC/ARM_CM7/r0p1/port.o
                0x08002bf0                vPortExitCritical
 .text.PendSV_Handler
                0x08002c20       0x64 Middlewares/Third_Party/FreeRTOS/Source/portable/GCC/ARM_CM7/r0p1/port.o
                0x08002c20                PendSV_Handler
 .text.xPortSysTickHandler
                0x08002c84       0x30 Middlewares/Third_Party/FreeRTOS/Source/portable/GCC/ARM_CM7/r0p1/port.o
                0x08002c84                xPortSysTickHandler
 .text.vPortSetupTimerInterrupt
                0x08002cb4       0x2c Middlewares/Third_Party/FreeRTOS/Source/portable/GCC/ARM_CM7/r0p1/port.o
                0x08002cb4                vPortSetupTimerInterrupt
 .text.xPortStartScheduler
                0x08002ce0       0xa4 Middlewares/Third_Party/FreeRTOS/Source/portable/GCC/ARM_CM7/r0p1/port.o
                0x08002ce0                xPortStartScheduler
 .text.prvHeapInit
                0x08002d84       0x4c Middlewares/Third_Party/FreeRTOS/Source/portable/MemMang/heap_4.o
 .text.prvInsertBlockIntoFreeList
                0x08002dd0       0x54 Middlewares/Third_Party/FreeRTOS/Source/portable/MemMang/heap_4.o
 .text.pvPortMalloc
                0x08002e24      0x100 Middlewares/Third_Party/FreeRTOS/Source/portable/MemMang/heap_4.o
                0x08002e24                pvPortMalloc
 .text.vPortFree
                0x08002f24       0x74 Middlewares/Third_Party/FreeRTOS/Source/portable/MemMang/heap_4.o
                0x08002f24                vPortFree
 .text.StartDefaultTask
                0x08002f98        0xa Src/freertos.o
                0x08002f98                StartDefaultTask
 *fill*         0x08002fa2        0x2 
 .text.MX_FREERTOS_Init
                0x08002fa4       0x28 Src/freertos.o
                0x08002fa4                MX_FREERTOS_Init
 .text.MX_GPIO_Init
                0x08002fcc       0xd0 Src/gpio.o
                0x08002fcc                MX_GPIO_Init
 .text.HAL_TIM_PeriodElapsedCallback
                0x0800309c       0x18 Src/main.o
                0x0800309c                HAL_TIM_PeriodElapsedCallback
 .text._Error_Handler
                0x080030b4        0x2 Src/main.o
                0x080030b4                _Error_Handler
 *fill*         0x080030b6        0x2 
 .text.SystemClock_Config
                0x080030b8       0xc4 Src/main.o
                0x080030b8                SystemClock_Config
 .text.main     0x0800317c       0x34 Src/main.o
                0x0800317c                main
 .text.MX_SPI1_Init
                0x080031b0       0x4c Src/spi.o
                0x080031b0                MX_SPI1_Init
 .text.HAL_SPI_MspInit
                0x080031fc       0x64 Src/spi.o
                0x080031fc                HAL_SPI_MspInit
 .text.HAL_MspInit
                0x08003260       0x90 Src/stm32f7xx_hal_msp.o
                0x08003260                HAL_MspInit
 .text.HAL_InitTick
                0x080032f0       0x78 Src/stm32f7xx_hal_timebase_TIM.o
                0x080032f0                HAL_InitTick
 .text.NMI_Handler
                0x08003368        0x8 Src/stm32f7xx_it.o
                0x08003368                NMI_Handler
 .text.HardFault_Handler
                0x08003370        0x2 Src/stm32f7xx_it.o
                0x08003370                HardFault_Handler
 .text.MemManage_Handler
                0x08003372        0x2 Src/stm32f7xx_it.o
                0x08003372                MemManage_Handler
 .text.BusFault_Handler
                0x08003374        0x2 Src/stm32f7xx_it.o
                0x08003374                BusFault_Handler
 .text.UsageFault_Handler
                0x08003376        0x2 Src/stm32f7xx_it.o
                0x08003376                UsageFault_Handler
 .text.DebugMon_Handler
                0x08003378        0x2 Src/stm32f7xx_it.o
                0x08003378                DebugMon_Handler
 .text.SysTick_Handler
                0x0800337a        0x8 Src/stm32f7xx_it.o
                0x0800337a                SysTick_Handler
 .text.EXTI15_10_IRQHandler
                0x08003382        0xc Src/stm32f7xx_it.o
                0x08003382                EXTI15_10_IRQHandler
 *fill*         0x0800338e        0x2 
 .text.TIM8_TRG_COM_TIM14_IRQHandler
                0x08003390       0x10 Src/stm32f7xx_it.o
                0x08003390                TIM8_TRG_COM_TIM14_IRQHandler
 .text.SystemInit
                0x080033a0       0x50 Src/system_stm32f7xx.o
                0x080033a0                SystemInit
 .text.MX_TIM2_Init
                0x080033f0       0x6c Src/tim.o
                0x080033f0                MX_TIM2_Init
 .text.MX_TIM3_Init
                0x0800345c       0x68 Src/tim.o
                0x0800345c                MX_TIM3_Init
 .text.MX_TIM4_Init
                0x080034c4       0x68 Src/tim.o
                0x080034c4                MX_TIM4_Init
 .text.MX_TIM5_Init
                0x0800352c       0x6c Src/tim.o
                0x0800352c                MX_TIM5_Init
 .text.HAL_TIM_PWM_MspInit
                0x08003598       0x2c Src/tim.o
                0x08003598                HAL_TIM_PWM_MspInit
 .text.HAL_TIM_Encoder_MspInit
                0x080035c4      0x118 Src/tim.o
                0x080035c4                HAL_TIM_Encoder_MspInit
 .text.HAL_TIM_MspPostInit
                0x080036dc       0x38 Src/tim.o
                0x080036dc                HAL_TIM_MspPostInit
 .text.MX_TIM1_Init
                0x08003714      0x10c Src/tim.o
                0x08003714                MX_TIM1_Init
 .text.MX_USART2_UART_Init
                0x08003820       0x40 Src/usart.o
                0x08003820                MX_USART2_UART_Init
 .text.HAL_UART_MspInit
                0x08003860       0x50 Src/usart.o
                0x08003860                HAL_UART_MspInit
 .text.Reset_Handler
                0x080038b0       0x50 startup/startup_stm32f767xx.o
                0x080038b0                Reset_Handler
 .text.Default_Handler
                0x08003900        0x2 startup/startup_stm32f767xx.o
                0x08003900                RTC_Alarm_IRQHandler
                0x08003900                EXTI2_IRQHandler
                0x08003900                TIM8_CC_IRQHandler
                0x08003900                UART8_IRQHandler
                0x08003900                SPI4_IRQHandler
                0x08003900                TIM1_CC_IRQHandler
                0x08003900                DMA2_Stream5_IRQHandler
                0x08003900                JPEG_IRQHandler
                0x08003900                DMA1_Stream5_IRQHandler
                0x08003900                CAN3_RX1_IRQHandler
                0x08003900                PVD_IRQHandler
                0x08003900                TAMP_STAMP_IRQHandler
                0x08003900                CAN2_RX1_IRQHandler
                0x08003900                EXTI3_IRQHandler
                0x08003900                DFSDM1_FLT1_IRQHandler
                0x08003900                TIM1_UP_TIM10_IRQHandler
                0x08003900                TIM8_UP_TIM13_IRQHandler
                0x08003900                I2C3_ER_IRQHandler
                0x08003900                DFSDM1_FLT2_IRQHandler
                0x08003900                EXTI0_IRQHandler
                0x08003900                I2C2_EV_IRQHandler
                0x08003900                DMA1_Stream2_IRQHandler
                0x08003900                CAN1_RX0_IRQHandler
                0x08003900                FPU_IRQHandler
                0x08003900                OTG_HS_WKUP_IRQHandler
                0x08003900                CAN3_SCE_IRQHandler
                0x08003900                LTDC_ER_IRQHandler
                0x08003900                CAN2_SCE_IRQHandler
                0x08003900                DMA2_Stream2_IRQHandler
                0x08003900                SPI1_IRQHandler
                0x08003900                TIM6_DAC_IRQHandler
                0x08003900                TIM1_BRK_TIM9_IRQHandler
                0x08003900                DCMI_IRQHandler
                0x08003900                CAN2_RX0_IRQHandler
                0x08003900                DMA2_Stream3_IRQHandler
                0x08003900                SAI2_IRQHandler
                0x08003900                DFSDM1_FLT3_IRQHandler
                0x08003900                USART6_IRQHandler
                0x08003900                CAN3_RX0_IRQHandler
                0x08003900                USART3_IRQHandler
                0x08003900                CAN1_RX1_IRQHandler
                0x08003900                UART5_IRQHandler
                0x08003900                DMA2_Stream0_IRQHandler
                0x08003900                TIM4_IRQHandler
                0x08003900                QUADSPI_IRQHandler
                0x08003900                I2C1_EV_IRQHandler
                0x08003900                DMA1_Stream6_IRQHandler
                0x08003900                DMA1_Stream1_IRQHandler
                0x08003900                UART4_IRQHandler
                0x08003900                TIM3_IRQHandler
                0x08003900                RCC_IRQHandler
                0x08003900                TIM8_BRK_TIM12_IRQHandler
                0x08003900                Default_Handler
                0x08003900                CEC_IRQHandler
                0x08003900                ADC_IRQHandler
                0x08003900                DMA1_Stream7_IRQHandler
                0x08003900                SPI5_IRQHandler
                0x08003900                TIM7_IRQHandler
                0x08003900                SDMMC1_IRQHandler
                0x08003900                CAN2_TX_IRQHandler
                0x08003900                TIM5_IRQHandler
                0x08003900                DMA2_Stream7_IRQHandler
                0x08003900                I2C3_EV_IRQHandler
                0x08003900                EXTI9_5_IRQHandler
                0x08003900                RTC_WKUP_IRQHandler
                0x08003900                LTDC_IRQHandler
                0x08003900                ETH_WKUP_IRQHandler
                0x08003900                SPDIF_RX_IRQHandler
                0x08003900                SPI2_IRQHandler
                0x08003900                OTG_HS_EP1_IN_IRQHandler
                0x08003900                DMA1_Stream0_IRQHandler
                0x08003900                CAN1_TX_IRQHandler
                0x08003900                EXTI4_IRQHandler
                0x08003900                RNG_IRQHandler
                0x08003900                ETH_IRQHandler
                0x08003900                OTG_HS_EP1_OUT_IRQHandler
                0x08003900                WWDG_IRQHandler
                0x08003900                SPI6_IRQHandler
                0x08003900                MDIOS_IRQHandler
                0x08003900                I2C4_EV_IRQHandler
                0x08003900                CAN3_TX_IRQHandler
                0x08003900                TIM2_IRQHandler
                0x08003900                OTG_FS_WKUP_IRQHandler
                0x08003900                TIM1_TRG_COM_TIM11_IRQHandler
                0x08003900                OTG_HS_IRQHandler
                0x08003900                DMA2D_IRQHandler
                0x08003900                EXTI1_IRQHandler
                0x08003900                SDMMC2_IRQHandler
                0x08003900                UART7_IRQHandler
                0x08003900                USART2_IRQHandler
                0x08003900                DFSDM1_FLT0_IRQHandler
                0x08003900                I2C2_ER_IRQHandler
                0x08003900                DMA2_Stream1_IRQHandler
                0x08003900                CAN1_SCE_IRQHandler
                0x08003900                FLASH_IRQHandler
                0x08003900                DMA2_Stream4_IRQHandler
                0x08003900                USART1_IRQHandler
                0x08003900                OTG_FS_IRQHandler
                0x08003900                SPI3_IRQHandler
                0x08003900                DMA1_Stream4_IRQHandler
                0x08003900                I2C1_ER_IRQHandler
                0x08003900                FMC_IRQHandler
                0x08003900                LPTIM1_IRQHandler
                0x08003900                I2C4_ER_IRQHandler
                0x08003900                DMA2_Stream6_IRQHandler
                0x08003900                SAI1_IRQHandler
                0x08003900                DMA1_Stream3_IRQHandler
 *fill*         0x08003902        0x2 
 .text.__libc_init_array
                0x08003904       0x48 c:/program files/ac6/systemworkbench/plugins/fr.ac6.mcu.externaltools.arm-none.win32_1.17.0.201812190825/tools/compiler/bin/../lib/gcc/arm-none-eabi/7.3.1/../../../../arm-none-eabi/lib/thumb/v7e-m/fpv5/hard\libc_nano.a(lib_a-init.o)
                0x08003904                __libc_init_array
 *(.glue_7)
 .glue_7        0x0800394c        0x0 linker stubs
 *(.glue_7t)
 .glue_7t       0x0800394c        0x0 linker stubs
 *(.eh_frame)
 .eh_frame      0x0800394c        0x0 c:/program files/ac6/systemworkbench/plugins/fr.ac6.mcu.externaltools.arm-none.win32_1.17.0.201812190825/tools/compiler/bin/../lib/gcc/arm-none-eabi/7.3.1/thumb/v7e-m/fpv5/hard/crtbegin.o
 *(.init)
 .init          0x0800394c        0x4 c:/program files/ac6/systemworkbench/plugins/fr.ac6.mcu.externaltools.arm-none.win32_1.17.0.201812190825/tools/compiler/bin/../lib/gcc/arm-none-eabi/7.3.1/thumb/v7e-m/fpv5/hard/crti.o
                0x0800394c                _init
 .init          0x08003950        0x8 c:/program files/ac6/systemworkbench/plugins/fr.ac6.mcu.externaltools.arm-none.win32_1.17.0.201812190825/tools/compiler/bin/../lib/gcc/arm-none-eabi/7.3.1/thumb/v7e-m/fpv5/hard/crtn.o
 *(.fini)
 .fini          0x08003958        0x4 c:/program files/ac6/systemworkbench/plugins/fr.ac6.mcu.externaltools.arm-none.win32_1.17.0.201812190825/tools/compiler/bin/../lib/gcc/arm-none-eabi/7.3.1/thumb/v7e-m/fpv5/hard/crti.o
                0x08003958                _fini
 .fini          0x0800395c        0x8 c:/program files/ac6/systemworkbench/plugins/fr.ac6.mcu.externaltools.arm-none.win32_1.17.0.201812190825/tools/compiler/bin/../lib/gcc/arm-none-eabi/7.3.1/thumb/v7e-m/fpv5/hard/crtn.o
                0x08003964                . = ALIGN (0x4)
                0x08003964                _etext = .

.vfp11_veneer   0x08003964        0x0
 .vfp11_veneer  0x08003964        0x0 linker stubs

.v4_bx          0x08003964        0x0
 .v4_bx         0x08003964        0x0 linker stubs

.iplt           0x08003964        0x0
 .iplt          0x08003964        0x0 c:/program files/ac6/systemworkbench/plugins/fr.ac6.mcu.externaltools.arm-none.win32_1.17.0.201812190825/tools/compiler/bin/../lib/gcc/arm-none-eabi/7.3.1/thumb/v7e-m/fpv5/hard/crtbegin.o

.rodata         0x08003964       0x80
                0x08003964                . = ALIGN (0x4)
 *(.rodata)
 .rodata        0x08003964       0x14 Src/freertos.o
 .rodata        0x08003978       0x18 Src/system_stm32f7xx.o
                0x08003978                AHBPrescTable
                0x08003988                APBPrescTable
 *(.rodata*)
 .rodata.str1.4
                0x08003990        0x5 Middlewares/Third_Party/FreeRTOS/Source/tasks.o
 *fill*         0x08003995        0x3 
 .rodata.str1.4
                0x08003998        0xc Src/freertos.o
 .rodata.str1.4
                0x080039a4        0xe Src/main.o
 *fill*         0x080039b2        0x2 
 .rodata.str1.4
                0x080039b4        0xd Src/spi.o
 *fill*         0x080039c1        0x3 
 .rodata.str1.4
                0x080039c4        0xd Src/tim.o
 *fill*         0x080039d1        0x3 
 .rodata.str1.4
                0x080039d4       0x10 Src/usart.o
                                  0xf (size before relaxing)
                0x080039e4                . = ALIGN (0x4)

.ARM.extab
 *(.ARM.extab* .gnu.linkonce.armextab.*)

.ARM            0x080039e4        0x8
                0x080039e4                __exidx_start = .
 *(.ARM.exidx*)
 .ARM.exidx     0x080039e4        0x8 c:/program files/ac6/systemworkbench/plugins/fr.ac6.mcu.externaltools.arm-none.win32_1.17.0.201812190825/tools/compiler/bin/../lib/gcc/arm-none-eabi/7.3.1/thumb/v7e-m/fpv5/hard\libgcc.a(_udivmoddi4.o)
                0x080039ec                __exidx_end = .

.rel.dyn        0x080039ec        0x0
 .rel.iplt      0x080039ec        0x0 c:/program files/ac6/systemworkbench/plugins/fr.ac6.mcu.externaltools.arm-none.win32_1.17.0.201812190825/tools/compiler/bin/../lib/gcc/arm-none-eabi/7.3.1/thumb/v7e-m/fpv5/hard/crtbegin.o

.preinit_array  0x080039ec        0x0
                0x080039ec                PROVIDE (__preinit_array_start = .)
 *(.preinit_array*)
                0x080039ec                PROVIDE (__preinit_array_end = .)

.init_array     0x080039ec        0x4
                0x080039ec                PROVIDE (__init_array_start = .)
 *(SORT_BY_NAME(.init_array.*))
 *(.init_array*)
 .init_array    0x080039ec        0x4 c:/program files/ac6/systemworkbench/plugins/fr.ac6.mcu.externaltools.arm-none.win32_1.17.0.201812190825/tools/compiler/bin/../lib/gcc/arm-none-eabi/7.3.1/thumb/v7e-m/fpv5/hard/crtbegin.o
                0x080039f0                PROVIDE (__init_array_end = .)

.fini_array     0x080039f0        0x4
                [!provide]                PROVIDE (__fini_array_start = .)
 *(SORT_BY_NAME(.fini_array.*))
 *(.fini_array*)
 .fini_array    0x080039f0        0x4 c:/program files/ac6/systemworkbench/plugins/fr.ac6.mcu.externaltools.arm-none.win32_1.17.0.201812190825/tools/compiler/bin/../lib/gcc/arm-none-eabi/7.3.1/thumb/v7e-m/fpv5/hard/crtbegin.o
                [!provide]                PROVIDE (__fini_array_end = .)
                0x080039f4                _sidata = LOADADDR (.data)

.data           0x20000000       0x10 load address 0x080039f4
                0x20000000                . = ALIGN (0x4)
                0x20000000                _sdata = .
 *(.data)
 .data          0x20000000        0x8 Drivers/STM32F7xx_HAL_Driver/Src/stm32f7xx_hal.o
                0x20000000                uwTickFreq
                0x20000004                uwTickPrio
 .data          0x20000008        0x4 Middlewares/Third_Party/FreeRTOS/Source/portable/GCC/ARM_CM7/r0p1/port.o
 .data          0x2000000c        0x4 Src/system_stm32f7xx.o
                0x2000000c                SystemCoreClock
 *(.data*)
                0x20000010                . = ALIGN (0x4)
                0x20000010                _edata = .

.igot.plt       0x20000010        0x0 load address 0x08003a04
 .igot.plt      0x20000010        0x0 c:/program files/ac6/systemworkbench/plugins/fr.ac6.mcu.externaltools.arm-none.win32_1.17.0.201812190825/tools/compiler/bin/../lib/gcc/arm-none-eabi/7.3.1/thumb/v7e-m/fpv5/hard/crtbegin.o
                0x20000010                . = ALIGN (0x4)

.bss            0x20000010     0x3fc4 load address 0x08003a04
                0x20000010                _sbss = .
                0x20000010                __bss_start__ = _sbss
 *(.bss)
 .bss           0x20000010       0x1c c:/program files/ac6/systemworkbench/plugins/fr.ac6.mcu.externaltools.arm-none.win32_1.17.0.201812190825/tools/compiler/bin/../lib/gcc/arm-none-eabi/7.3.1/thumb/v7e-m/fpv5/hard/crtbegin.o
 .bss           0x2000002c      0x12c Middlewares/Third_Party/FreeRTOS/Source/tasks.o
                0x2000012c                pxCurrentTCB
 .bss           0x20000158        0x8 Middlewares/Third_Party/FreeRTOS/Source/portable/GCC/ARM_CM7/r0p1/port.o
 .bss           0x20000160     0x3c18 Middlewares/Third_Party/FreeRTOS/Source/portable/MemMang/heap_4.o
 *(.bss*)
 *(COMMON)
 COMMON         0x20003d78        0x4 Drivers/STM32F7xx_HAL_Driver/Src/stm32f7xx_hal.o
                0x20003d78                uwTick
 COMMON         0x20003d7c        0x4 Src/freertos.o
                0x20003d7c                defaultTaskHandle
 COMMON         0x20003d80       0x64 Src/spi.o
                0x20003d80                hspi1
 COMMON         0x20003de4       0x40 Src/stm32f7xx_hal_timebase_TIM.o
                0x20003de4                htim14
 COMMON         0x20003e24      0x140 Src/tim.o
                0x20003e24                htim4
                0x20003e64                htim5
                0x20003ea4                htim3
                0x20003ee4                htim1
                0x20003f24                htim2
 COMMON         0x20003f64       0x70 Src/usart.o
                0x20003f64                huart2
                0x20003fd4                . = ALIGN (0x4)
                0x20003fd4                _ebss = .
                0x20003fd4                __bss_end__ = _ebss

._user_heap_stack
                0x20003fd4      0x604 load address 0x08003a04
                0x20003fd8                . = ALIGN (0x8)
 *fill*         0x20003fd4        0x4 
                [!provide]                PROVIDE (end = .)
                [!provide]                PROVIDE (_end = .)
                0x200041d8                . = (. + _Min_Heap_Size)
 *fill*         0x20003fd8      0x200 
                0x200045d8                . = (. + _Min_Stack_Size)
 *fill*         0x200041d8      0x400 
                0x200045d8                . = ALIGN (0x8)

/DISCARD/
 libc.a(*)
 libm.a(*)
 libgcc.a(*)

.ARM.attributes
                0x00000000       0x2e
 *(.ARM.attributes)
 .ARM.attributes
                0x00000000       0x20 c:/program files/ac6/systemworkbench/plugins/fr.ac6.mcu.externaltools.arm-none.win32_1.17.0.201812190825/tools/compiler/bin/../lib/gcc/arm-none-eabi/7.3.1/thumb/v7e-m/fpv5/hard/crti.o
 .ARM.attributes
                0x00000020       0x32 c:/program files/ac6/systemworkbench/plugins/fr.ac6.mcu.externaltools.arm-none.win32_1.17.0.201812190825/tools/compiler/bin/../lib/gcc/arm-none-eabi/7.3.1/thumb/v7e-m/fpv5/hard/crtbegin.o
 .ARM.attributes
                0x00000052       0x37 Drivers/STM32F7xx_HAL_Driver/Src/stm32f7xx_hal.o
 .ARM.attributes
                0x00000089       0x37 Drivers/STM32F7xx_HAL_Driver/Src/stm32f7xx_hal_cortex.o
 .ARM.attributes
                0x000000c0       0x37 Drivers/STM32F7xx_HAL_Driver/Src/stm32f7xx_hal_gpio.o
 .ARM.attributes
                0x000000f7       0x37 Drivers/STM32F7xx_HAL_Driver/Src/stm32f7xx_hal_rcc.o
 .ARM.attributes
                0x0000012e       0x37 Drivers/STM32F7xx_HAL_Driver/Src/stm32f7xx_hal_rcc_ex.o
 .ARM.attributes
                0x00000165       0x37 Drivers/STM32F7xx_HAL_Driver/Src/stm32f7xx_hal_spi.o
 .ARM.attributes
                0x0000019c       0x37 Drivers/STM32F7xx_HAL_Driver/Src/stm32f7xx_hal_tim.o
 .ARM.attributes
                0x000001d3       0x37 Drivers/STM32F7xx_HAL_Driver/Src/stm32f7xx_hal_tim_ex.o
 .ARM.attributes
                0x0000020a       0x37 Drivers/STM32F7xx_HAL_Driver/Src/stm32f7xx_hal_uart.o
 .ARM.attributes
                0x00000241       0x37 Middlewares/Third_Party/FreeRTOS/Source/CMSIS_RTOS/cmsis_os.o
 .ARM.attributes
                0x00000278       0x37 Middlewares/Third_Party/FreeRTOS/Source/list.o
 .ARM.attributes
                0x000002af       0x37 Middlewares/Third_Party/FreeRTOS/Source/tasks.o
 .ARM.attributes
                0x000002e6       0x37 Middlewares/Third_Party/FreeRTOS/Source/portable/GCC/ARM_CM7/r0p1/port.o
 .ARM.attributes
                0x0000031d       0x37 Middlewares/Third_Party/FreeRTOS/Source/portable/MemMang/heap_4.o
 .ARM.attributes
                0x00000354       0x37 Src/freertos.o
 .ARM.attributes
                0x0000038b       0x37 Src/gpio.o
 .ARM.attributes
                0x000003c2       0x37 Src/main.o
 .ARM.attributes
                0x000003f9       0x37 Src/spi.o
 .ARM.attributes
                0x00000430       0x37 Src/stm32f7xx_hal_msp.o
 .ARM.attributes
                0x00000467       0x37 Src/stm32f7xx_hal_timebase_TIM.o
 .ARM.attributes
                0x0000049e       0x37 Src/stm32f7xx_it.o
 .ARM.attributes
                0x000004d5       0x37 Src/system_stm32f7xx.o
 .ARM.attributes
                0x0000050c       0x37 Src/tim.o
 .ARM.attributes
                0x00000543       0x37 Src/usart.o
 .ARM.attributes
                0x0000057a       0x21 startup/startup_stm32f767xx.o
 .ARM.attributes
                0x0000059b       0x20 c:/program files/ac6/systemworkbench/plugins/fr.ac6.mcu.externaltools.arm-none.win32_1.17.0.201812190825/tools/compiler/bin/../lib/gcc/arm-none-eabi/7.3.1/thumb/v7e-m/fpv5/hard\libgcc.a(_aeabi_uldivmod.o)
 .ARM.attributes
                0x000005bb       0x32 c:/program files/ac6/systemworkbench/plugins/fr.ac6.mcu.externaltools.arm-none.win32_1.17.0.201812190825/tools/compiler/bin/../lib/gcc/arm-none-eabi/7.3.1/thumb/v7e-m/fpv5/hard\libgcc.a(_udivmoddi4.o)
 .ARM.attributes
                0x000005ed       0x20 c:/program files/ac6/systemworkbench/plugins/fr.ac6.mcu.externaltools.arm-none.win32_1.17.0.201812190825/tools/compiler/bin/../lib/gcc/arm-none-eabi/7.3.1/thumb/v7e-m/fpv5/hard\libgcc.a(_dvmd_tls.o)
 .ARM.attributes
                0x0000060d       0x32 c:/program files/ac6/systemworkbench/plugins/fr.ac6.mcu.externaltools.arm-none.win32_1.17.0.201812190825/tools/compiler/bin/../lib/gcc/arm-none-eabi/7.3.1/../../../../arm-none-eabi/lib/thumb/v7e-m/fpv5/hard\libc_nano.a(lib_a-init.o)
 .ARM.attributes
                0x0000063f       0x20 c:/program files/ac6/systemworkbench/plugins/fr.ac6.mcu.externaltools.arm-none.win32_1.17.0.201812190825/tools/compiler/bin/../lib/gcc/arm-none-eabi/7.3.1/thumb/v7e-m/fpv5/hard/crtn.o
OUTPUT(eRatPlatform2.elf elf32-littlearm)

.debug_info     0x00000000    0x21b09
 .debug_info    0x00000000     0x12ef Drivers/STM32F7xx_HAL_Driver/Src/stm32f7xx_hal.o
 .debug_info    0x000012ef     0x19b9 Drivers/STM32F7xx_HAL_Driver/Src/stm32f7xx_hal_cortex.o
 .debug_info    0x00002ca8      0xfc7 Drivers/STM32F7xx_HAL_Driver/Src/stm32f7xx_hal_gpio.o
 .debug_info    0x00003c6f     0x136a Drivers/STM32F7xx_HAL_Driver/Src/stm32f7xx_hal_rcc.o
 .debug_info    0x00004fd9     0x1099 Drivers/STM32F7xx_HAL_Driver/Src/stm32f7xx_hal_rcc_ex.o
 .debug_info    0x00006072     0x2617 Drivers/STM32F7xx_HAL_Driver/Src/stm32f7xx_hal_spi.o
 .debug_info    0x00008689     0x372e Drivers/STM32F7xx_HAL_Driver/Src/stm32f7xx_hal_tim.o
 .debug_info    0x0000bdb7     0x1fc2 Drivers/STM32F7xx_HAL_Driver/Src/stm32f7xx_hal_tim_ex.o
 .debug_info    0x0000dd79     0x206c Drivers/STM32F7xx_HAL_Driver/Src/stm32f7xx_hal_uart.o
 .debug_info    0x0000fde5     0x231e Middlewares/Third_Party/FreeRTOS/Source/CMSIS_RTOS/cmsis_os.o
 .debug_info    0x00012103      0xacd Middlewares/Third_Party/FreeRTOS/Source/list.o
 .debug_info    0x00012bd0     0x2915 Middlewares/Third_Party/FreeRTOS/Source/tasks.o
 .debug_info    0x000154e5      0x4e9 Middlewares/Third_Party/FreeRTOS/Source/portable/GCC/ARM_CM7/r0p1/port.o
 .debug_info    0x000159ce      0xc71 Middlewares/Third_Party/FreeRTOS/Source/portable/MemMang/heap_4.o
 .debug_info    0x0001663f      0x221 Src/freertos.o
 .debug_info    0x00016860     0x107a Src/gpio.o
 .debug_info    0x000178da     0x1f5a Src/main.o
 .debug_info    0x00019834     0x1287 Src/spi.o
 .debug_info    0x0001aabb      0xf20 Src/stm32f7xx_hal_msp.o
 .debug_info    0x0001b9db     0x14ee Src/stm32f7xx_hal_timebase_TIM.o
 .debug_info    0x0001cec9      0xf72 Src/stm32f7xx_it.o
 .debug_info    0x0001de3b      0xf12 Src/system_stm32f7xx.o
 .debug_info    0x0001ed4d     0x1afa Src/tim.o
 .debug_info    0x00020847     0x12a0 Src/usart.o
 .debug_info    0x00021ae7       0x22 startup/startup_stm32f767xx.o

.debug_abbrev   0x00000000     0x4097
 .debug_abbrev  0x00000000      0x2e5 Drivers/STM32F7xx_HAL_Driver/Src/stm32f7xx_hal.o
 .debug_abbrev  0x000002e5      0x3d6 Drivers/STM32F7xx_HAL_Driver/Src/stm32f7xx_hal_cortex.o
 .debug_abbrev  0x000006bb      0x2a7 Drivers/STM32F7xx_HAL_Driver/Src/stm32f7xx_hal_gpio.o
 .debug_abbrev  0x00000962      0x356 Drivers/STM32F7xx_HAL_Driver/Src/stm32f7xx_hal_rcc.o
 .debug_abbrev  0x00000cb8      0x2ad Drivers/STM32F7xx_HAL_Driver/Src/stm32f7xx_hal_rcc_ex.o
 .debug_abbrev  0x00000f65      0x2f2 Drivers/STM32F7xx_HAL_Driver/Src/stm32f7xx_hal_spi.o
 .debug_abbrev  0x00001257      0x2b5 Drivers/STM32F7xx_HAL_Driver/Src/stm32f7xx_hal_tim.o
 .debug_abbrev  0x0000150c      0x2e0 Drivers/STM32F7xx_HAL_Driver/Src/stm32f7xx_hal_tim_ex.o
 .debug_abbrev  0x000017ec      0x314 Drivers/STM32F7xx_HAL_Driver/Src/stm32f7xx_hal_uart.o
 .debug_abbrev  0x00001b00      0x3d4 Middlewares/Third_Party/FreeRTOS/Source/CMSIS_RTOS/cmsis_os.o
 .debug_abbrev  0x00001ed4      0x21c Middlewares/Third_Party/FreeRTOS/Source/list.o
 .debug_abbrev  0x000020f0      0x3cf Middlewares/Third_Party/FreeRTOS/Source/tasks.o
 .debug_abbrev  0x000024bf      0x216 Middlewares/Third_Party/FreeRTOS/Source/portable/GCC/ARM_CM7/r0p1/port.o
 .debug_abbrev  0x000026d5      0x318 Middlewares/Third_Party/FreeRTOS/Source/portable/MemMang/heap_4.o
 .debug_abbrev  0x000029ed      0x136 Src/freertos.o
 .debug_abbrev  0x00002b23      0x245 Src/gpio.o
 .debug_abbrev  0x00002d68      0x29b Src/main.o
 .debug_abbrev  0x00003003      0x258 Src/spi.o
 .debug_abbrev  0x0000325b      0x234 Src/stm32f7xx_hal_msp.o
 .debug_abbrev  0x0000348f      0x299 Src/stm32f7xx_hal_timebase_TIM.o
 .debug_abbrev  0x00003728      0x249 Src/stm32f7xx_it.o
 .debug_abbrev  0x00003971      0x212 Src/system_stm32f7xx.o
 .debug_abbrev  0x00003b83      0x2aa Src/tim.o
 .debug_abbrev  0x00003e2d      0x258 Src/usart.o
 .debug_abbrev  0x00004085       0x12 startup/startup_stm32f767xx.o

.debug_loc      0x00000000     0xc1fa
 .debug_loc     0x00000000       0xfd Drivers/STM32F7xx_HAL_Driver/Src/stm32f7xx_hal.o
 .debug_loc     0x000000fd      0x5c0 Drivers/STM32F7xx_HAL_Driver/Src/stm32f7xx_hal_cortex.o
 .debug_loc     0x000006bd      0x469 Drivers/STM32F7xx_HAL_Driver/Src/stm32f7xx_hal_gpio.o
 .debug_loc     0x00000b26      0x4cf Drivers/STM32F7xx_HAL_Driver/Src/stm32f7xx_hal_rcc.o
 .debug_loc     0x00000ff5      0x5fc Drivers/STM32F7xx_HAL_Driver/Src/stm32f7xx_hal_rcc_ex.o
 .debug_loc     0x000015f1     0x1acd Drivers/STM32F7xx_HAL_Driver/Src/stm32f7xx_hal_spi.o
 .debug_loc     0x000030be     0x36d5 Drivers/STM32F7xx_HAL_Driver/Src/stm32f7xx_hal_tim.o
 .debug_loc     0x00006793     0x1bd7 Drivers/STM32F7xx_HAL_Driver/Src/stm32f7xx_hal_tim_ex.o
 .debug_loc     0x0000836a     0x1612 Drivers/STM32F7xx_HAL_Driver/Src/stm32f7xx_hal_uart.o
 .debug_loc     0x0000997c      0xee1 Middlewares/Third_Party/FreeRTOS/Source/CMSIS_RTOS/cmsis_os.o
 .debug_loc     0x0000a85d       0x70 Middlewares/Third_Party/FreeRTOS/Source/list.o
 .debug_loc     0x0000a8cd     0x11cd Middlewares/Third_Party/FreeRTOS/Source/tasks.o
 .debug_loc     0x0000ba9a       0xdc Middlewares/Third_Party/FreeRTOS/Source/portable/GCC/ARM_CM7/r0p1/port.o
 .debug_loc     0x0000bb76      0x291 Middlewares/Third_Party/FreeRTOS/Source/portable/MemMang/heap_4.o
 .debug_loc     0x0000be07       0x21 Src/freertos.o
 .debug_loc     0x0000be28       0x3a Src/main.o
 .debug_loc     0x0000be62       0x5b Src/spi.o
 .debug_loc     0x0000bebd       0x79 Src/stm32f7xx_hal_timebase_TIM.o
 .debug_loc     0x0000bf36      0x13e Src/system_stm32f7xx.o
 .debug_loc     0x0000c074      0x12b Src/tim.o
 .debug_loc     0x0000c19f       0x5b Src/usart.o

.debug_aranges  0x00000000     0x11f0
 .debug_aranges
                0x00000000      0x110 Drivers/STM32F7xx_HAL_Driver/Src/stm32f7xx_hal.o
 .debug_aranges
                0x00000110       0xa8 Drivers/STM32F7xx_HAL_Driver/Src/stm32f7xx_hal_cortex.o
 .debug_aranges
                0x000001b8       0x58 Drivers/STM32F7xx_HAL_Driver/Src/stm32f7xx_hal_gpio.o
 .debug_aranges
                0x00000210       0x88 Drivers/STM32F7xx_HAL_Driver/Src/stm32f7xx_hal_rcc.o
 .debug_aranges
                0x00000298       0x50 Drivers/STM32F7xx_HAL_Driver/Src/stm32f7xx_hal_rcc_ex.o
 .debug_aranges
                0x000002e8      0x1d8 Drivers/STM32F7xx_HAL_Driver/Src/stm32f7xx_hal_spi.o
 .debug_aranges
                0x000004c0      0x368 Drivers/STM32F7xx_HAL_Driver/Src/stm32f7xx_hal_tim.o
 .debug_aranges
                0x00000828      0x178 Drivers/STM32F7xx_HAL_Driver/Src/stm32f7xx_hal_tim_ex.o
 .debug_aranges
                0x000009a0      0x190 Drivers/STM32F7xx_HAL_Driver/Src/stm32f7xx_hal_uart.o
 .debug_aranges
                0x00000b30      0x1d8 Middlewares/Third_Party/FreeRTOS/Source/CMSIS_RTOS/cmsis_os.o
 .debug_aranges
                0x00000d08       0x40 Middlewares/Third_Party/FreeRTOS/Source/list.o
 .debug_aranges
                0x00000d48      0x190 Middlewares/Third_Party/FreeRTOS/Source/tasks.o
 .debug_aranges
                0x00000ed8       0x80 Middlewares/Third_Party/FreeRTOS/Source/portable/GCC/ARM_CM7/r0p1/port.o
 .debug_aranges
                0x00000f58       0x50 Middlewares/Third_Party/FreeRTOS/Source/portable/MemMang/heap_4.o
 .debug_aranges
                0x00000fa8       0x28 Src/freertos.o
 .debug_aranges
                0x00000fd0       0x20 Src/gpio.o
 .debug_aranges
                0x00000ff0       0x38 Src/main.o
 .debug_aranges
                0x00001028       0x30 Src/spi.o
 .debug_aranges
                0x00001058       0x20 Src/stm32f7xx_hal_msp.o
 .debug_aranges
                0x00001078       0x30 Src/stm32f7xx_hal_timebase_TIM.o
 .debug_aranges
                0x000010a8       0x60 Src/stm32f7xx_it.o
 .debug_aranges
                0x00001108       0x28 Src/system_stm32f7xx.o
 .debug_aranges
                0x00001130       0x68 Src/tim.o
 .debug_aranges
                0x00001198       0x30 Src/usart.o
 .debug_aranges
                0x000011c8       0x28 startup/startup_stm32f767xx.o

.debug_ranges   0x00000000     0x1138
 .debug_ranges  0x00000000      0x100 Drivers/STM32F7xx_HAL_Driver/Src/stm32f7xx_hal.o
 .debug_ranges  0x00000100       0xf8 Drivers/STM32F7xx_HAL_Driver/Src/stm32f7xx_hal_cortex.o
 .debug_ranges  0x000001f8       0x48 Drivers/STM32F7xx_HAL_Driver/Src/stm32f7xx_hal_gpio.o
 .debug_ranges  0x00000240       0x78 Drivers/STM32F7xx_HAL_Driver/Src/stm32f7xx_hal_rcc.o
 .debug_ranges  0x000002b8       0x40 Drivers/STM32F7xx_HAL_Driver/Src/stm32f7xx_hal_rcc_ex.o
 .debug_ranges  0x000002f8      0x1c8 Drivers/STM32F7xx_HAL_Driver/Src/stm32f7xx_hal_spi.o
 .debug_ranges  0x000004c0      0x358 Drivers/STM32F7xx_HAL_Driver/Src/stm32f7xx_hal_tim.o
 .debug_ranges  0x00000818      0x168 Drivers/STM32F7xx_HAL_Driver/Src/stm32f7xx_hal_tim_ex.o
 .debug_ranges  0x00000980      0x180 Drivers/STM32F7xx_HAL_Driver/Src/stm32f7xx_hal_uart.o
 .debug_ranges  0x00000b00      0x1c8 Middlewares/Third_Party/FreeRTOS/Source/CMSIS_RTOS/cmsis_os.o
 .debug_ranges  0x00000cc8       0x30 Middlewares/Third_Party/FreeRTOS/Source/list.o
 .debug_ranges  0x00000cf8      0x1f0 Middlewares/Third_Party/FreeRTOS/Source/tasks.o
 .debug_ranges  0x00000ee8       0x70 Middlewares/Third_Party/FreeRTOS/Source/portable/GCC/ARM_CM7/r0p1/port.o
 .debug_ranges  0x00000f58       0x40 Middlewares/Third_Party/FreeRTOS/Source/portable/MemMang/heap_4.o
 .debug_ranges  0x00000f98       0x18 Src/freertos.o
 .debug_ranges  0x00000fb0       0x10 Src/gpio.o
 .debug_ranges  0x00000fc0       0x28 Src/main.o
 .debug_ranges  0x00000fe8       0x20 Src/spi.o
 .debug_ranges  0x00001008       0x10 Src/stm32f7xx_hal_msp.o
 .debug_ranges  0x00001018       0x20 Src/stm32f7xx_hal_timebase_TIM.o
 .debug_ranges  0x00001038       0x50 Src/stm32f7xx_it.o
 .debug_ranges  0x00001088       0x18 Src/system_stm32f7xx.o
 .debug_ranges  0x000010a0       0x58 Src/tim.o
 .debug_ranges  0x000010f8       0x20 Src/usart.o
 .debug_ranges  0x00001118       0x20 startup/startup_stm32f767xx.o

.debug_macro    0x00000000    0x2a367
 .debug_macro   0x00000000      0x36b Drivers/STM32F7xx_HAL_Driver/Src/stm32f7xx_hal.o
 .debug_macro   0x0000036b      0xa6c Drivers/STM32F7xx_HAL_Driver/Src/stm32f7xx_hal.o
 .debug_macro   0x00000dd7       0x10 Drivers/STM32F7xx_HAL_Driver/Src/stm32f7xx_hal.o
 .debug_macro   0x00000de7      0x185 Drivers/STM32F7xx_HAL_Driver/Src/stm32f7xx_hal.o
 .debug_macro   0x00000f6c       0x2e Drivers/STM32F7xx_HAL_Driver/Src/stm32f7xx_hal.o
 .debug_macro   0x00000f9a       0x3b Drivers/STM32F7xx_HAL_Driver/Src/stm32f7xx_hal.o
 .debug_macro   0x00000fd5       0x22 Drivers/STM32F7xx_HAL_Driver/Src/stm32f7xx_hal.o
 .debug_macro   0x00000ff7       0x8e Drivers/STM32F7xx_HAL_Driver/Src/stm32f7xx_hal.o
 .debug_macro   0x00001085       0x51 Drivers/STM32F7xx_HAL_Driver/Src/stm32f7xx_hal.o
 .debug_macro   0x000010d6       0xef Drivers/STM32F7xx_HAL_Driver/Src/stm32f7xx_hal.o
 .debug_macro   0x000011c5       0x6a Drivers/STM32F7xx_HAL_Driver/Src/stm32f7xx_hal.o
 .debug_macro   0x0000122f      0x1df Drivers/STM32F7xx_HAL_Driver/Src/stm32f7xx_hal.o
 .debug_macro   0x0000140e       0x35 Drivers/STM32F7xx_HAL_Driver/Src/stm32f7xx_hal.o
 .debug_macro   0x00001443       0x50 Drivers/STM32F7xx_HAL_Driver/Src/stm32f7xx_hal.o
 .debug_macro   0x00001493     0x1114 Drivers/STM32F7xx_HAL_Driver/Src/stm32f7xx_hal.o
 .debug_macro   0x000025a7    0x19f38 Drivers/STM32F7xx_HAL_Driver/Src/stm32f7xx_hal.o
 .debug_macro   0x0001c4df       0x43 Drivers/STM32F7xx_HAL_Driver/Src/stm32f7xx_hal.o
 .debug_macro   0x0001c522     0x35cf Drivers/STM32F7xx_HAL_Driver/Src/stm32f7xx_hal.o
 .debug_macro   0x0001faf1       0x5e Drivers/STM32F7xx_HAL_Driver/Src/stm32f7xx_hal.o
 .debug_macro   0x0001fb4f       0x17 Drivers/STM32F7xx_HAL_Driver/Src/stm32f7xx_hal.o
 .debug_macro   0x0001fb66       0x35 Drivers/STM32F7xx_HAL_Driver/Src/stm32f7xx_hal.o
 .debug_macro   0x0001fb9b       0x34 Drivers/STM32F7xx_HAL_Driver/Src/stm32f7xx_hal.o
 .debug_macro   0x0001fbcf       0x16 Drivers/STM32F7xx_HAL_Driver/Src/stm32f7xx_hal.o
 .debug_macro   0x0001fbe5       0x97 Drivers/STM32F7xx_HAL_Driver/Src/stm32f7xx_hal.o
 .debug_macro   0x0001fc7c      0x330 Drivers/STM32F7xx_HAL_Driver/Src/stm32f7xx_hal.o
 .debug_macro   0x0001ffac       0xfd Drivers/STM32F7xx_HAL_Driver/Src/stm32f7xx_hal.o
 .debug_macro   0x000200a9       0x10 Drivers/STM32F7xx_HAL_Driver/Src/stm32f7xx_hal.o
 .debug_macro   0x000200b9       0x58 Drivers/STM32F7xx_HAL_Driver/Src/stm32f7xx_hal.o
 .debug_macro   0x00020111       0x1f Drivers/STM32F7xx_HAL_Driver/Src/stm32f7xx_hal.o
 .debug_macro   0x00020130       0x43 Drivers/STM32F7xx_HAL_Driver/Src/stm32f7xx_hal.o
 .debug_macro   0x00020173       0x20 Drivers/STM32F7xx_HAL_Driver/Src/stm32f7xx_hal.o
 .debug_macro   0x00020193      0x18e Drivers/STM32F7xx_HAL_Driver/Src/stm32f7xx_hal.o
 .debug_macro   0x00020321       0x10 Drivers/STM32F7xx_HAL_Driver/Src/stm32f7xx_hal.o
 .debug_macro   0x00020331       0x1c Drivers/STM32F7xx_HAL_Driver/Src/stm32f7xx_hal.o
 .debug_macro   0x0002034d       0x52 Drivers/STM32F7xx_HAL_Driver/Src/stm32f7xx_hal.o
 .debug_macro   0x0002039f       0x40 Drivers/STM32F7xx_HAL_Driver/Src/stm32f7xx_hal.o
 .debug_macro   0x000203df       0x10 Drivers/STM32F7xx_HAL_Driver/Src/stm32f7xx_hal.o
 .debug_macro   0x000203ef       0x40 Drivers/STM32F7xx_HAL_Driver/Src/stm32f7xx_hal.o
 .debug_macro   0x0002042f       0xd7 Drivers/STM32F7xx_HAL_Driver/Src/stm32f7xx_hal.o
 .debug_macro   0x00020506       0x1c Drivers/STM32F7xx_HAL_Driver/Src/stm32f7xx_hal.o
 .debug_macro   0x00020522       0x3d Drivers/STM32F7xx_HAL_Driver/Src/stm32f7xx_hal.o
 .debug_macro   0x0002055f       0x16 Drivers/STM32F7xx_HAL_Driver/Src/stm32f7xx_hal.o
 .debug_macro   0x00020575      0x16f Drivers/STM32F7xx_HAL_Driver/Src/stm32f7xx_hal.o
 .debug_macro   0x000206e4       0x57 Drivers/STM32F7xx_HAL_Driver/Src/stm32f7xx_hal.o
 .debug_macro   0x0002073b     0x1add Drivers/STM32F7xx_HAL_Driver/Src/stm32f7xx_hal.o
 .debug_macro   0x00022218      0x6ca Drivers/STM32F7xx_HAL_Driver/Src/stm32f7xx_hal.o
 .debug_macro   0x000228e2      0x11e Drivers/STM32F7xx_HAL_Driver/Src/stm32f7xx_hal.o
 .debug_macro   0x00022a00      0x277 Drivers/STM32F7xx_HAL_Driver/Src/stm32f7xx_hal.o
 .debug_macro   0x00022c77       0x27 Drivers/STM32F7xx_HAL_Driver/Src/stm32f7xx_hal.o
 .debug_macro   0x00022c9e      0x24f Drivers/STM32F7xx_HAL_Driver/Src/stm32f7xx_hal.o
 .debug_macro   0x00022eed       0x71 Drivers/STM32F7xx_HAL_Driver/Src/stm32f7xx_hal.o
 .debug_macro   0x00022f5e       0x58 Drivers/STM32F7xx_HAL_Driver/Src/stm32f7xx_hal.o
 .debug_macro   0x00022fb6      0x23a Drivers/STM32F7xx_HAL_Driver/Src/stm32f7xx_hal.o
 .debug_macro   0x000231f0      0x156 Drivers/STM32F7xx_HAL_Driver/Src/stm32f7xx_hal.o
 .debug_macro   0x00023346      0x3de Drivers/STM32F7xx_HAL_Driver/Src/stm32f7xx_hal.o
 .debug_macro   0x00023724       0x12 Drivers/STM32F7xx_HAL_Driver/Src/stm32f7xx_hal.o
 .debug_macro   0x00023736      0x209 Drivers/STM32F7xx_HAL_Driver/Src/stm32f7xx_hal.o
 .debug_macro   0x0002393f       0x61 Drivers/STM32F7xx_HAL_Driver/Src/stm32f7xx_hal.o
 .debug_macro   0x000239a0       0x90 Drivers/STM32F7xx_HAL_Driver/Src/stm32f7xx_hal.o
 .debug_macro   0x00023a30      0x132 Drivers/STM32F7xx_HAL_Driver/Src/stm32f7xx_hal.o
 .debug_macro   0x00023b62      0x10c Drivers/STM32F7xx_HAL_Driver/Src/stm32f7xx_hal.o
 .debug_macro   0x00023c6e       0x35 Drivers/STM32F7xx_HAL_Driver/Src/stm32f7xx_hal.o
 .debug_macro   0x00023ca3      0x2e2 Drivers/STM32F7xx_HAL_Driver/Src/stm32f7xx_hal.o
 .debug_macro   0x00023f85      0x65b Drivers/STM32F7xx_HAL_Driver/Src/stm32f7xx_hal.o
 .debug_macro   0x000245e0      0x2aa Drivers/STM32F7xx_HAL_Driver/Src/stm32f7xx_hal.o
 .debug_macro   0x0002488a      0x169 Drivers/STM32F7xx_HAL_Driver/Src/stm32f7xx_hal.o
 .debug_macro   0x000249f3      0x4e8 Drivers/STM32F7xx_HAL_Driver/Src/stm32f7xx_hal.o
 .debug_macro   0x00024edb       0x47 Drivers/STM32F7xx_HAL_Driver/Src/stm32f7xx_hal.o
 .debug_macro   0x00024f22      0x16c Drivers/STM32F7xx_HAL_Driver/Src/stm32f7xx_hal.o
 .debug_macro   0x0002508e      0x347 Drivers/STM32F7xx_HAL_Driver/Src/stm32f7xx_hal_cortex.o
 .debug_macro   0x000253d5      0x37f Drivers/STM32F7xx_HAL_Driver/Src/stm32f7xx_hal_gpio.o
 .debug_macro   0x00025754      0x36b Drivers/STM32F7xx_HAL_Driver/Src/stm32f7xx_hal_rcc.o
 .debug_macro   0x00025abf      0x347 Drivers/STM32F7xx_HAL_Driver/Src/stm32f7xx_hal_rcc_ex.o
 .debug_macro   0x00025e06      0x34f Drivers/STM32F7xx_HAL_Driver/Src/stm32f7xx_hal_spi.o
 .debug_macro   0x00026155      0x348 Drivers/STM32F7xx_HAL_Driver/Src/stm32f7xx_hal_tim.o
 .debug_macro   0x0002649d      0x353 Drivers/STM32F7xx_HAL_Driver/Src/stm32f7xx_hal_tim_ex.o
 .debug_macro   0x000267f0      0x34f Drivers/STM32F7xx_HAL_Driver/Src/stm32f7xx_hal_uart.o
 .debug_macro   0x00026b3f      0x1fc Middlewares/Third_Party/FreeRTOS/Source/CMSIS_RTOS/cmsis_os.o
 .debug_macro   0x00026d3b       0x58 Middlewares/Third_Party/FreeRTOS/Source/CMSIS_RTOS/cmsis_os.o
 .debug_macro   0x00026d93       0x94 Middlewares/Third_Party/FreeRTOS/Source/CMSIS_RTOS/cmsis_os.o
 .debug_macro   0x00026e27      0x174 Middlewares/Third_Party/FreeRTOS/Source/CMSIS_RTOS/cmsis_os.o
 .debug_macro   0x00026f9b       0x57 Middlewares/Third_Party/FreeRTOS/Source/CMSIS_RTOS/cmsis_os.o
 .debug_macro   0x00026ff2       0x10 Middlewares/Third_Party/FreeRTOS/Source/CMSIS_RTOS/cmsis_os.o
 .debug_macro   0x00027002       0x35 Middlewares/Third_Party/FreeRTOS/Source/CMSIS_RTOS/cmsis_os.o
 .debug_macro   0x00027037       0xd2 Middlewares/Third_Party/FreeRTOS/Source/CMSIS_RTOS/cmsis_os.o
 .debug_macro   0x00027109      0x168 Middlewares/Third_Party/FreeRTOS/Source/CMSIS_RTOS/cmsis_os.o
 .debug_macro   0x00027271       0xe4 Middlewares/Third_Party/FreeRTOS/Source/CMSIS_RTOS/cmsis_os.o
 .debug_macro   0x00027355       0x10 Middlewares/Third_Party/FreeRTOS/Source/CMSIS_RTOS/cmsis_os.o
 .debug_macro   0x00027365       0x26 Middlewares/Third_Party/FreeRTOS/Source/CMSIS_RTOS/cmsis_os.o
 .debug_macro   0x0002738b      0x40f Middlewares/Third_Party/FreeRTOS/Source/CMSIS_RTOS/cmsis_os.o
 .debug_macro   0x0002779a       0xc0 Middlewares/Third_Party/FreeRTOS/Source/CMSIS_RTOS/cmsis_os.o
 .debug_macro   0x0002785a       0x8c Middlewares/Third_Party/FreeRTOS/Source/CMSIS_RTOS/cmsis_os.o
 .debug_macro   0x000278e6       0x91 Middlewares/Third_Party/FreeRTOS/Source/CMSIS_RTOS/cmsis_os.o
 .debug_macro   0x00027977       0x94 Middlewares/Third_Party/FreeRTOS/Source/CMSIS_RTOS/cmsis_os.o
 .debug_macro   0x00027a0b       0x63 Middlewares/Third_Party/FreeRTOS/Source/CMSIS_RTOS/cmsis_os.o
 .debug_macro   0x00027a6e       0x19 Middlewares/Third_Party/FreeRTOS/Source/CMSIS_RTOS/cmsis_os.o
 .debug_macro   0x00027a87       0xcf Middlewares/Third_Party/FreeRTOS/Source/CMSIS_RTOS/cmsis_os.o
 .debug_macro   0x00027b56       0x26 Middlewares/Third_Party/FreeRTOS/Source/CMSIS_RTOS/cmsis_os.o
 .debug_macro   0x00027b7c      0x18a Middlewares/Third_Party/FreeRTOS/Source/list.o
 .debug_macro   0x00027d06      0x273 Middlewares/Third_Party/FreeRTOS/Source/tasks.o
 .debug_macro   0x00027f79       0x11 Middlewares/Third_Party/FreeRTOS/Source/tasks.o
 .debug_macro   0x00027f8a      0x198 Middlewares/Third_Party/FreeRTOS/Source/portable/GCC/ARM_CM7/r0p1/port.o
 .debug_macro   0x00028122      0x1b1 Middlewares/Third_Party/FreeRTOS/Source/portable/MemMang/heap_4.o
 .debug_macro   0x000282d3      0x12b Src/freertos.o
 .debug_macro   0x000283fe      0x351 Src/gpio.o
 .debug_macro   0x0002874f      0x427 Src/main.o
 .debug_macro   0x00028b76      0x35b Src/spi.o
 .debug_macro   0x00028ed1      0x347 Src/stm32f7xx_hal_msp.o
 .debug_macro   0x00029218      0x347 Src/stm32f7xx_hal_timebase_TIM.o
 .debug_macro   0x0002955f      0x405 Src/stm32f7xx_it.o
 .debug_macro   0x00029964      0x34d Src/system_stm32f7xx.o
 .debug_macro   0x00029cb1      0x35b Src/tim.o
 .debug_macro   0x0002a00c      0x35b Src/usart.o

.debug_line     0x00000000    0x106ae
 .debug_line    0x00000000      0xa9c Drivers/STM32F7xx_HAL_Driver/Src/stm32f7xx_hal.o
 .debug_line    0x00000a9c      0xa91 Drivers/STM32F7xx_HAL_Driver/Src/stm32f7xx_hal_cortex.o
 .debug_line    0x0000152d      0x9e1 Drivers/STM32F7xx_HAL_Driver/Src/stm32f7xx_hal_gpio.o
 .debug_line    0x00001f0e      0xb18 Drivers/STM32F7xx_HAL_Driver/Src/stm32f7xx_hal_rcc.o
 .debug_line    0x00002a26      0xa9a Drivers/STM32F7xx_HAL_Driver/Src/stm32f7xx_hal_rcc_ex.o
 .debug_line    0x000034c0     0x12e6 Drivers/STM32F7xx_HAL_Driver/Src/stm32f7xx_hal_spi.o
 .debug_line    0x000047a6     0x1829 Drivers/STM32F7xx_HAL_Driver/Src/stm32f7xx_hal_tim.o
 .debug_line    0x00005fcf      0xfab Drivers/STM32F7xx_HAL_Driver/Src/stm32f7xx_hal_tim_ex.o
 .debug_line    0x00006f7a     0x120d Drivers/STM32F7xx_HAL_Driver/Src/stm32f7xx_hal_uart.o
 .debug_line    0x00008187      0xc27 Middlewares/Third_Party/FreeRTOS/Source/CMSIS_RTOS/cmsis_os.o
 .debug_line    0x00008dae      0x5bc Middlewares/Third_Party/FreeRTOS/Source/list.o
 .debug_line    0x0000936a      0xe53 Middlewares/Third_Party/FreeRTOS/Source/tasks.o
 .debug_line    0x0000a1bd      0x647 Middlewares/Third_Party/FreeRTOS/Source/portable/GCC/ARM_CM7/r0p1/port.o
 .debug_line    0x0000a804      0x66f Middlewares/Third_Party/FreeRTOS/Source/portable/MemMang/heap_4.o
 .debug_line    0x0000ae73      0x562 Src/freertos.o
 .debug_line    0x0000b3d5      0x859 Src/gpio.o
 .debug_line    0x0000bc2e      0xac0 Src/main.o
 .debug_line    0x0000c6ee      0x89a Src/spi.o
 .debug_line    0x0000cf88      0x853 Src/stm32f7xx_hal_msp.o
 .debug_line    0x0000d7db      0x885 Src/stm32f7xx_hal_timebase_TIM.o
 .debug_line    0x0000e060      0xadf Src/stm32f7xx_it.o
 .debug_line    0x0000eb3f      0x87b Src/system_stm32f7xx.o
 .debug_line    0x0000f3ba      0x9e1 Src/tim.o
 .debug_line    0x0000fd9b      0x894 Src/usart.o
 .debug_line    0x0001062f       0x7f startup/startup_stm32f767xx.o

.debug_str      0x00000000    0xfa569
 .debug_str     0x00000000    0xef34e Drivers/STM32F7xx_HAL_Driver/Src/stm32f7xx_hal.o
                              0xef743 (size before relaxing)
 .debug_str     0x000ef34e      0x45d Drivers/STM32F7xx_HAL_Driver/Src/stm32f7xx_hal_cortex.o
                              0xef6e6 (size before relaxing)
 .debug_str     0x000ef7ab      0x2ca Drivers/STM32F7xx_HAL_Driver/Src/stm32f7xx_hal_gpio.o
                              0xeeed7 (size before relaxing)
 .debug_str     0x000efa75      0x3b9 Drivers/STM32F7xx_HAL_Driver/Src/stm32f7xx_hal_rcc.o
                              0xef051 (size before relaxing)
 .debug_str     0x000efe2e      0x3c9 Drivers/STM32F7xx_HAL_Driver/Src/stm32f7xx_hal_rcc_ex.o
                              0xeeff6 (size before relaxing)
 .debug_str     0x000f01f7      0x97e Drivers/STM32F7xx_HAL_Driver/Src/stm32f7xx_hal_spi.o
                              0xef4ac (size before relaxing)
 .debug_str     0x000f0b75      0xe96 Drivers/STM32F7xx_HAL_Driver/Src/stm32f7xx_hal_tim.o
                              0xefc98 (size before relaxing)
 .debug_str     0x000f1a0b      0x646 Drivers/STM32F7xx_HAL_Driver/Src/stm32f7xx_hal_tim_ex.o
                              0xef807 (size before relaxing)
 .debug_str     0x000f2051      0x7cb Drivers/STM32F7xx_HAL_Driver/Src/stm32f7xx_hal_uart.o
                              0xef745 (size before relaxing)
 .debug_str     0x000f281c     0x5d2f Middlewares/Third_Party/FreeRTOS/Source/CMSIS_RTOS/cmsis_os.o
                               0xca2e (size before relaxing)
 .debug_str     0x000f854b      0x234 Middlewares/Third_Party/FreeRTOS/Source/list.o
                               0x9cbe (size before relaxing)
 .debug_str     0x000f877f     0x10b7 Middlewares/Third_Party/FreeRTOS/Source/tasks.o
                               0xbd51 (size before relaxing)
 .debug_str     0x000f9836      0x6fb Middlewares/Third_Party/FreeRTOS/Source/portable/GCC/ARM_CM7/r0p1/port.o
                               0x7d3a (size before relaxing)
 .debug_str     0x000f9f31      0x243 Middlewares/Third_Party/FreeRTOS/Source/portable/MemMang/heap_4.o
                               0xa3fe (size before relaxing)
 .debug_str     0x000fa174       0x60 Src/freertos.o
                               0x934b (size before relaxing)
 .debug_str     0x000fa1d4       0x25 Src/gpio.o
                              0xef2c4 (size before relaxing)
 .debug_str     0x000fa1f9      0x114 Src/main.o
                              0xf5262 (size before relaxing)
 .debug_str     0x000fa30d       0x17 Src/spi.o
                              0xef0f9 (size before relaxing)
 .debug_str     0x000fa324       0x1b Src/stm32f7xx_hal_msp.o
                              0xef213 (size before relaxing)
 .debug_str     0x000fa33f       0x62 Src/stm32f7xx_hal_timebase_TIM.o
                              0xef7ac (size before relaxing)
 .debug_str     0x000fa3a1       0xd0 Src/stm32f7xx_it.o
                              0xf4210 (size before relaxing)
 .debug_str     0x000fa471       0x5a Src/system_stm32f7xx.o
                              0xeecfc (size before relaxing)
 .debug_str     0x000fa4cb       0x55 Src/tim.o
                              0xef43f (size before relaxing)
 .debug_str     0x000fa520       0x1a Src/usart.o
                              0xef17f (size before relaxing)
 .debug_str     0x000fa53a       0x2f startup/startup_stm32f767xx.o
                                 0x63 (size before relaxing)

.comment        0x00000000       0x7f
 .comment       0x00000000       0x7f Drivers/STM32F7xx_HAL_Driver/Src/stm32f7xx_hal.o
                                 0x80 (size before relaxing)
 .comment       0x0000007f       0x80 Drivers/STM32F7xx_HAL_Driver/Src/stm32f7xx_hal_cortex.o
 .comment       0x0000007f       0x80 Drivers/STM32F7xx_HAL_Driver/Src/stm32f7xx_hal_gpio.o
 .comment       0x0000007f       0x80 Drivers/STM32F7xx_HAL_Driver/Src/stm32f7xx_hal_rcc.o
 .comment       0x0000007f       0x80 Drivers/STM32F7xx_HAL_Driver/Src/stm32f7xx_hal_rcc_ex.o
 .comment       0x0000007f       0x80 Drivers/STM32F7xx_HAL_Driver/Src/stm32f7xx_hal_spi.o
 .comment       0x0000007f       0x80 Drivers/STM32F7xx_HAL_Driver/Src/stm32f7xx_hal_tim.o
 .comment       0x0000007f       0x80 Drivers/STM32F7xx_HAL_Driver/Src/stm32f7xx_hal_tim_ex.o
 .comment       0x0000007f       0x80 Drivers/STM32F7xx_HAL_Driver/Src/stm32f7xx_hal_uart.o
 .comment       0x0000007f       0x80 Middlewares/Third_Party/FreeRTOS/Source/CMSIS_RTOS/cmsis_os.o
 .comment       0x0000007f       0x80 Middlewares/Third_Party/FreeRTOS/Source/list.o
 .comment       0x0000007f       0x80 Middlewares/Third_Party/FreeRTOS/Source/tasks.o
 .comment       0x0000007f       0x80 Middlewares/Third_Party/FreeRTOS/Source/portable/GCC/ARM_CM7/r0p1/port.o
 .comment       0x0000007f       0x80 Middlewares/Third_Party/FreeRTOS/Source/portable/MemMang/heap_4.o
 .comment       0x0000007f       0x80 Src/freertos.o
 .comment       0x0000007f       0x80 Src/gpio.o
 .comment       0x0000007f       0x80 Src/main.o
 .comment       0x0000007f       0x80 Src/spi.o
 .comment       0x0000007f       0x80 Src/stm32f7xx_hal_msp.o
 .comment       0x0000007f       0x80 Src/stm32f7xx_hal_timebase_TIM.o
 .comment       0x0000007f       0x80 Src/stm32f7xx_it.o
 .comment       0x0000007f       0x80 Src/system_stm32f7xx.o
 .comment       0x0000007f       0x80 Src/tim.o
 .comment       0x0000007f       0x80 Src/usart.o

.debug_frame    0x00000000     0x307c
 .debug_frame   0x00000000      0x22c Drivers/STM32F7xx_HAL_Driver/Src/stm32f7xx_hal.o
 .debug_frame   0x0000022c      0x15c Drivers/STM32F7xx_HAL_Driver/Src/stm32f7xx_hal_cortex.o
 .debug_frame   0x00000388       0xd8 Drivers/STM32F7xx_HAL_Driver/Src/stm32f7xx_hal_gpio.o
 .debug_frame   0x00000460      0x190 Drivers/STM32F7xx_HAL_Driver/Src/stm32f7xx_hal_rcc.o
 .debug_frame   0x000005f0       0xcc Drivers/STM32F7xx_HAL_Driver/Src/stm32f7xx_hal_rcc_ex.o
 .debug_frame   0x000006bc      0x5b0 Drivers/STM32F7xx_HAL_Driver/Src/stm32f7xx_hal_spi.o
 .debug_frame   0x00000c6c      0x9f4 Drivers/STM32F7xx_HAL_Driver/Src/stm32f7xx_hal_tim.o
 .debug_frame   0x00001660      0x474 Drivers/STM32F7xx_HAL_Driver/Src/stm32f7xx_hal_tim_ex.o
 .debug_frame   0x00001ad4      0x458 Drivers/STM32F7xx_HAL_Driver/Src/stm32f7xx_hal_uart.o
 .debug_frame   0x00001f2c      0x584 Middlewares/Third_Party/FreeRTOS/Source/CMSIS_RTOS/cmsis_os.o
 .debug_frame   0x000024b0       0x6c Middlewares/Third_Party/FreeRTOS/Source/list.o
 .debug_frame   0x0000251c      0x4e8 Middlewares/Third_Party/FreeRTOS/Source/tasks.o
 .debug_frame   0x00002a04       0xf0 Middlewares/Third_Party/FreeRTOS/Source/portable/GCC/ARM_CM7/r0p1/port.o
 .debug_frame   0x00002af4       0xac Middlewares/Third_Party/FreeRTOS/Source/portable/MemMang/heap_4.o
 .debug_frame   0x00002ba0       0x48 Src/freertos.o
 .debug_frame   0x00002be8       0x30 Src/gpio.o
 .debug_frame   0x00002c18       0x70 Src/main.o
 .debug_frame   0x00002c88       0x64 Src/spi.o
 .debug_frame   0x00002cec       0x2c Src/stm32f7xx_hal_msp.o
 .debug_frame   0x00002d18       0x50 Src/stm32f7xx_hal_timebase_TIM.o
 .debug_frame   0x00002d68       0xc0 Src/stm32f7xx_it.o
 .debug_frame   0x00002e28       0x3c Src/system_stm32f7xx.o
 .debug_frame   0x00002e64      0x130 Src/tim.o
 .debug_frame   0x00002f94       0x5c Src/usart.o
 .debug_frame   0x00002ff0       0x2c c:/program files/ac6/systemworkbench/plugins/fr.ac6.mcu.externaltools.arm-none.win32_1.17.0.201812190825/tools/compiler/bin/../lib/gcc/arm-none-eabi/7.3.1/thumb/v7e-m/fpv5/hard\libgcc.a(_aeabi_uldivmod.o)
 .debug_frame   0x0000301c       0x34 c:/program files/ac6/systemworkbench/plugins/fr.ac6.mcu.externaltools.arm-none.win32_1.17.0.201812190825/tools/compiler/bin/../lib/gcc/arm-none-eabi/7.3.1/thumb/v7e-m/fpv5/hard\libgcc.a(_udivmoddi4.o)
 .debug_frame   0x00003050       0x2c c:/program files/ac6/systemworkbench/plugins/fr.ac6.mcu.externaltools.arm-none.win32_1.17.0.201812190825/tools/compiler/bin/../lib/gcc/arm-none-eabi/7.3.1/../../../../arm-none-eabi/lib/thumb/v7e-m/fpv5/hard\libc_nano.a(lib_a-init.o)
